Archive member included to satisfy reference by file (symbol)

C:/Program Files (x86)/Arm GNU Toolchain arm-none-eabi/14.2 rel1/bin/../lib/gcc/arm-none-eabi/14.2.1/thumb/v7-m/nofp\libc_nano.a(libc_a-exit.o)
                              C:/Program Files (x86)/Arm GNU Toolchain arm-none-eabi/14.2 rel1/bin/../lib/gcc/arm-none-eabi/14.2.1/thumb/v7-m/nofp/crt0.o (exit)
C:/Program Files (x86)/Arm GNU Toolchain arm-none-eabi/14.2 rel1/bin/../lib/gcc/arm-none-eabi/14.2.1/thumb/v7-m/nofp\libc_nano.a(libc_a-findfp.o)
                              C:/Program Files (x86)/Arm GNU Toolchain arm-none-eabi/14.2 rel1/bin/../lib/gcc/arm-none-eabi/14.2.1/thumb/v7-m/nofp\libc_nano.a(libc_a-exit.o) (__stdio_exit_handler)
C:/Program Files (x86)/Arm GNU Toolchain arm-none-eabi/14.2 rel1/bin/../lib/gcc/arm-none-eabi/14.2.1/thumb/v7-m/nofp\libc_nano.a(libc_a-fwalk.o)
                              C:/Program Files (x86)/Arm GNU Toolchain arm-none-eabi/14.2 rel1/bin/../lib/gcc/arm-none-eabi/14.2.1/thumb/v7-m/nofp\libc_nano.a(libc_a-findfp.o) (_fwalk_sglue)
C:/Program Files (x86)/Arm GNU Toolchain arm-none-eabi/14.2 rel1/bin/../lib/gcc/arm-none-eabi/14.2.1/thumb/v7-m/nofp\libc_nano.a(libc_a-stdio.o)
                              C:/Program Files (x86)/Arm GNU Toolchain arm-none-eabi/14.2 rel1/bin/../lib/gcc/arm-none-eabi/14.2.1/thumb/v7-m/nofp\libc_nano.a(libc_a-findfp.o) (__sread)
C:/Program Files (x86)/Arm GNU Toolchain arm-none-eabi/14.2 rel1/bin/../lib/gcc/arm-none-eabi/14.2.1/thumb/v7-m/nofp\libc_nano.a(libc_a-memset.o)
                              C:/Program Files (x86)/Arm GNU Toolchain arm-none-eabi/14.2 rel1/bin/../lib/gcc/arm-none-eabi/14.2.1/thumb/v7-m/nofp/crt0.o (memset)
C:/Program Files (x86)/Arm GNU Toolchain arm-none-eabi/14.2 rel1/bin/../lib/gcc/arm-none-eabi/14.2.1/thumb/v7-m/nofp\libc_nano.a(libc_a-closer.o)
                              C:/Program Files (x86)/Arm GNU Toolchain arm-none-eabi/14.2 rel1/bin/../lib/gcc/arm-none-eabi/14.2.1/thumb/v7-m/nofp\libc_nano.a(libc_a-stdio.o) (_close_r)
C:/Program Files (x86)/Arm GNU Toolchain arm-none-eabi/14.2 rel1/bin/../lib/gcc/arm-none-eabi/14.2.1/thumb/v7-m/nofp\libc_nano.a(libc_a-reent.o)
                              C:/Program Files (x86)/Arm GNU Toolchain arm-none-eabi/14.2 rel1/bin/../lib/gcc/arm-none-eabi/14.2.1/thumb/v7-m/nofp\libc_nano.a(libc_a-closer.o) (errno)
C:/Program Files (x86)/Arm GNU Toolchain arm-none-eabi/14.2 rel1/bin/../lib/gcc/arm-none-eabi/14.2.1/thumb/v7-m/nofp\libc_nano.a(libc_a-impure.o)
                              C:/Program Files (x86)/Arm GNU Toolchain arm-none-eabi/14.2 rel1/bin/../lib/gcc/arm-none-eabi/14.2.1/thumb/v7-m/nofp\libc_nano.a(libc_a-reent.o) (_impure_ptr)
C:/Program Files (x86)/Arm GNU Toolchain arm-none-eabi/14.2 rel1/bin/../lib/gcc/arm-none-eabi/14.2.1/thumb/v7-m/nofp\libc_nano.a(libc_a-lseekr.o)
                              C:/Program Files (x86)/Arm GNU Toolchain arm-none-eabi/14.2 rel1/bin/../lib/gcc/arm-none-eabi/14.2.1/thumb/v7-m/nofp\libc_nano.a(libc_a-stdio.o) (_lseek_r)
C:/Program Files (x86)/Arm GNU Toolchain arm-none-eabi/14.2 rel1/bin/../lib/gcc/arm-none-eabi/14.2.1/thumb/v7-m/nofp\libc_nano.a(libc_a-readr.o)
                              C:/Program Files (x86)/Arm GNU Toolchain arm-none-eabi/14.2 rel1/bin/../lib/gcc/arm-none-eabi/14.2.1/thumb/v7-m/nofp\libc_nano.a(libc_a-stdio.o) (_read_r)
C:/Program Files (x86)/Arm GNU Toolchain arm-none-eabi/14.2 rel1/bin/../lib/gcc/arm-none-eabi/14.2.1/thumb/v7-m/nofp\libc_nano.a(libc_a-writer.o)
                              C:/Program Files (x86)/Arm GNU Toolchain arm-none-eabi/14.2 rel1/bin/../lib/gcc/arm-none-eabi/14.2.1/thumb/v7-m/nofp\libc_nano.a(libc_a-stdio.o) (_write_r)
C:/Program Files (x86)/Arm GNU Toolchain arm-none-eabi/14.2 rel1/bin/../lib/gcc/arm-none-eabi/14.2.1/thumb/v7-m/nofp\libc_nano.a(libc_a-errno.o)
                              build/sysmem.o (__errno)
C:/Program Files (x86)/Arm GNU Toolchain arm-none-eabi/14.2 rel1/bin/../lib/gcc/arm-none-eabi/14.2.1/thumb/v7-m/nofp\libc_nano.a(libc_a-init.o)
                              C:/Program Files (x86)/Arm GNU Toolchain arm-none-eabi/14.2 rel1/bin/../lib/gcc/arm-none-eabi/14.2.1/thumb/v7-m/nofp/crt0.o (__libc_init_array)
C:/Program Files (x86)/Arm GNU Toolchain arm-none-eabi/14.2 rel1/bin/../lib/gcc/arm-none-eabi/14.2.1/thumb/v7-m/nofp\libc_nano.a(libc_a-lock.o)
                              C:/Program Files (x86)/Arm GNU Toolchain arm-none-eabi/14.2 rel1/bin/../lib/gcc/arm-none-eabi/14.2.1/thumb/v7-m/nofp\libc_nano.a(libc_a-findfp.o) (__retarget_lock_init_recursive)
C:/Program Files (x86)/Arm GNU Toolchain arm-none-eabi/14.2 rel1/bin/../lib/gcc/arm-none-eabi/14.2.1/thumb/v7-m/nofp\libc_nano.a(libc_a-freer.o)
                              C:/Program Files (x86)/Arm GNU Toolchain arm-none-eabi/14.2 rel1/bin/../lib/gcc/arm-none-eabi/14.2.1/thumb/v7-m/nofp\libc_nano.a(libc_a-reent.o) (_free_r)
[...]
Memory Configuration

Name             Origin             Length             Attributes
RAM              0x20000000         0x00005000         xrw
FLASH            0x08000000         0x00010000         xr
*default*        0x00000000         0xffffffff

Linker script and memory map

LOAD C:/Program Files (x86)/Arm GNU Toolchain arm-none-eabi/14.2 rel1/bin/../lib/gcc/arm-none-eabi/14.2.1/thumb/v7-m/nofp/crti.o
LOAD C:/Program Files (x86)/Arm GNU Toolchain arm-none-eabi/14.2 rel1/bin/../lib/gcc/arm-none-eabi/14.2.1/thumb/v7-m/nofp/crtbegin.o
LOAD C:/Program Files (x86)/Arm GNU Toolchain arm-none-eabi/14.2 rel1/bin/../lib/gcc/arm-none-eabi/14.2.1/thumb/v7-m/nofp/crt0.o
LOAD build/main.o
LOAD build/stm32f1xx_it.o
LOAD build/stm32f1xx_hal_msp.o
LOAD build/stm32f1xx_hal_gpio_ex.o
LOAD build/stm32f1xx_hal_adc.o
LOAD build/stm32f1xx_hal_adc_ex.o
LOAD build/stm32f1xx_hal.o
LOAD build/stm32f1xx_hal_rcc.o
LOAD build/stm32f1xx_hal_rcc_ex.o
LOAD build/stm32f1xx_hal_gpio.o
LOAD build/stm32f1xx_hal_dma.o
LOAD build/stm32f1xx_hal_cortex.o
LOAD build/stm32f1xx_hal_pwr.o
LOAD build/stm32f1xx_hal_flash.o
LOAD build/stm32f1xx_hal_flash_ex.o
LOAD build/stm32f1xx_hal_exti.o
LOAD build/stm32f1xx_hal_i2c.o
LOAD build/stm32f1xx_hal_spi.o
LOAD build/stm32f1xx_hal_uart.o
LOAD build/system_stm32f1xx.o
LOAD build/sysmem.o
LOAD build/syscalls.o
LOAD build/NRF24.o
LOAD build/nrf24_comm.o
LOAD build/startup_stm32f103xb.o
LOAD C:/Program Files (x86)/Arm GNU Toolchain arm-none-eabi/14.2 rel1/bin/../lib/gcc/arm-none-eabi/14.2.1/thumb/v7-m/nofp\libc_nano.a
LOAD C:/Program Files (x86)/Arm GNU Toolchain arm-none-eabi/14.2 rel1/bin/../lib/gcc/arm-none-eabi/14.2.1/thumb/v7-m/nofp\libm.a
LOAD C:/Program Files (x86)/Arm GNU Toolchain arm-none-eabi/14.2 rel1/bin/../lib/gcc/arm-none-eabi/14.2.1/thumb/v7-m/nofp\libnosys.a
START GROUP
LOAD C:/Program Files (x86)/Arm GNU Toolchain arm-none-eabi/14.2 rel1/bin/../lib/gcc/arm-none-eabi/14.2.1/thumb/v7-m/nofp\libgcc.a
LOAD C:/Program Files (x86)/Arm GNU Toolchain arm-none-eabi/14.2 rel1/bin/../lib/gcc/arm-none-eabi/14.2.1/thumb/v7-m/nofp\libc_nano.a
END GROUP
START GROUP
LOAD C:/Program Files (x86)/Arm GNU Toolchain arm-none-eabi/14.2 rel1/bin/../lib/gcc/arm-none-eabi/14.2.1/thumb/v7-m/nofp\libgcc.a
LOAD C:/Program Files (x86)/Arm GNU Toolchain arm-none-eabi/14.2 rel1/bin/../lib/gcc/arm-none-eabi/14.2.1/thumb/v7-m/nofp\libc_nano.a
END GROUP
LOAD C:/Program Files (x86)/Arm GNU Toolchain arm-none-eabi/14.2 rel1/bin/../lib/gcc/arm-none-eabi/14.2.1/thumb/v7-m/nofp/crtend.o
LOAD C:/Program Files (x86)/Arm GNU Toolchain arm-none-eabi/14.2 rel1/bin/../lib/gcc/arm-none-eabi/14.2.1/thumb/v7-m/nofp/crtn.o
                0x20005000                        _estack = (ORIGIN (RAM) + LENGTH (RAM))
                0x00000200                        _Min_Heap_Size = 0x200
                0x00000400                        _Min_Stack_Size = 0x400

.isr_vector     0x08000000      0x10c
                0x08000000                        . = ALIGN (0x4)
 *(.isr_vector)
 .isr_vector    0x08000000      0x10c build/startup_stm32f103xb.o
                0x08000000                g_pfnVectors
                0x0800010c                        . = ALIGN (0x4)

.text           0x0800010c     0x39b0
                0x0800010c                        . = ALIGN (0x4)
 *(.text)
 *(.text*)
 .text.deregister_tm_clones
                0x0800010c       0x1c C:/Program Files (x86)/Arm GNU Toolchain arm-none-eabi/14.2 rel1/bin/../lib/gcc/arm-none-eabi/14.2.1/thumb/v7-m/nofp/crtbegin.o
 .text.register_tm_clones
                0x08000128       0x24 C:/Program Files (x86)/Arm GNU Toolchain arm-none-eabi/14.2 rel1/bin/../lib/gcc/arm-none-eabi/14.2.1/thumb/v7-m/nofp/crtbegin.o
 .text.__do_global_dtors_aux
                0x0800014c       0x28 C:/Program Files (x86)/Arm GNU Toolchain arm-none-eabi/14.2 rel1/bin/../lib/gcc/arm-none-eabi/14.2.1/thumb/v7-m/nofp/crtbegin.o
 .text.frame_dummy
                0x08000174       0x24 C:/Program Files (x86)/Arm GNU Toolchain arm-none-eabi/14.2 rel1/bin/../lib/gcc/arm-none-eabi/14.2.1/thumb/v7-m/nofp/crtbegin.o
 .text.MX_GPIO_Init
                0x08000198      0x184 build/main.o
 .text.MX_DMA_Init
                0x0800031c       0x34 build/main.o
 .text.update_beep
                0x08000350       0x34 build/main.o
 .text.start_beep
                0x08000384       0x28 build/main.o
 .text.buzzer_beep
                0x080003ac       0x2c build/main.o
                0x080003ac                buzzer_beep
 .text.double_beep
                0x080003d8       0x16 build/main.o
                0x080003d8                double_beep
 .text.HAL_ADC_ConvCpltCallback
                0x080003ee        0x2 build/main.o
                0x080003ee                HAL_ADC_ConvCpltCallback
 .text.HAL_GPIO_EXTI_Callback
                0x080003f0       0xd4 build/main.o
                0x080003f0                HAL_GPIO_EXTI_Callback
 .text.HAL_UART_RxCpltCallback
                0x080004c4       0x2c build/main.o
                0x080004c4                HAL_UART_RxCpltCallback
 .text.HAL_UART_ErrorCallback
                0x080004f0       0x30 build/main.o
                0x080004f0                HAL_UART_ErrorCallback
 .text.Error_Handler
                0x08000520        0x4 build/main.o
                0x08000520                Error_Handler
 .text.MX_ADC1_Init
                0x08000524       0xa0 build/main.o
 .text.MX_USART1_UART_Init
                0x080005c4       0x40 build/main.o
 .text.MX_I2C1_Init
                0x08000604       0x38 build/main.o
 .text.MX_SPI2_Init
                0x0800063c       0x40 build/main.o
 .text.SystemClock_Config
                0x0800067c       0x80 build/main.o
                0x0800067c                SystemClock_Config
 .text.main     0x080006fc      0x134 build/main.o
                0x080006fc                main
 .text.NMI_Handler
                0x08000830        0x2 build/stm32f1xx_it.o
                0x08000830                NMI_Handler
 .text.HardFault_Handler
                0x08000832        0x2 build/stm32f1xx_it.o
                0x08000832                HardFault_Handler
 .text.MemManage_Handler
                0x08000834        0x2 build/stm32f1xx_it.o
                0x08000834                MemManage_Handler
 .text.BusFault_Handler
                0x08000836        0x2 build/stm32f1xx_it.o
                0x08000836                BusFault_Handler
 .text.UsageFault_Handler
                0x08000838        0x2 build/stm32f1xx_it.o
                0x08000838                UsageFault_Handler
 .text.SVC_Handler
                0x0800083a        0x2 build/stm32f1xx_it.o
                0x0800083a                SVC_Handler
 .text.DebugMon_Handler
                0x0800083c        0x2 build/stm32f1xx_it.o
                0x0800083c                DebugMon_Handler
 .text.PendSV_Handler
                0x0800083e        0x2 build/stm32f1xx_it.o
                0x0800083e                PendSV_Handler
 .text.SysTick_Handler
                0x08000840        0x8 build/stm32f1xx_it.o
                0x08000840                SysTick_Handler
 .text.EXTI0_IRQHandler
                0x08000848        0xa build/stm32f1xx_it.o
                0x08000848                EXTI0_IRQHandler
 .text.EXTI1_IRQHandler
                0x08000852        0xa build/stm32f1xx_it.o
                0x08000852                EXTI1_IRQHandler
 .text.DMA1_Channel1_IRQHandler
                0x0800085c       0x10 build/stm32f1xx_it.o
                0x0800085c                DMA1_Channel1_IRQHandler
 .text.ADC1_2_IRQHandler
                0x0800086c       0x10 build/stm32f1xx_it.o
                0x0800086c                ADC1_2_IRQHandler
 .text.EXTI9_5_IRQHandler
                0x0800087c       0x18 build/stm32f1xx_it.o
                0x0800087c                EXTI9_5_IRQHandler
 .text.SPI2_IRQHandler
                0x08000894       0x10 build/stm32f1xx_it.o
                0x08000894                SPI2_IRQHandler
 .text.USART1_IRQHandler
                0x080008a4       0x10 build/stm32f1xx_it.o
                0x080008a4                USART1_IRQHandler
 .text.EXTI15_10_IRQHandler
                0x080008b4       0x14 build/stm32f1xx_it.o
                0x080008b4                EXTI15_10_IRQHandler
 .text.HAL_MspInit
                0x080008c8       0x44 build/stm32f1xx_hal_msp.o
                0x080008c8                HAL_MspInit
 .text.HAL_ADC_MspInit
                0x0800090c       0xac build/stm32f1xx_hal_msp.o
                0x0800090c                HAL_ADC_MspInit
 .text.HAL_I2C_MspInit
                0x080009b8       0x64 build/stm32f1xx_hal_msp.o
                0x080009b8                HAL_I2C_MspInit
 .text.HAL_SPI_MspInit
                0x08000a1c       0x88 build/stm32f1xx_hal_msp.o
                0x08000a1c                HAL_SPI_MspInit
 .text.HAL_UART_MspInit
                0x08000aa4       0x88 build/stm32f1xx_hal_msp.o
                0x08000aa4                HAL_UART_MspInit
 .text.HAL_ADC_ConvHalfCpltCallback
                0x08000b2c        0x2 build/stm32f1xx_hal_adc.o
                0x08000b2c                HAL_ADC_ConvHalfCpltCallback
 .text.HAL_ADC_LevelOutOfWindowCallback
                0x08000b2e        0x2 build/stm32f1xx_hal_adc.o
                0x08000b2e                HAL_ADC_LevelOutOfWindowCallback
 .text.HAL_ADC_ErrorCallback
                0x08000b30        0x2 build/stm32f1xx_hal_adc.o
                0x08000b30                HAL_ADC_ErrorCallback
 .text.ADC_DMAConvCplt
                0x08000b32       0x52 build/stm32f1xx_hal_adc.o
                0x08000b32                ADC_DMAConvCplt
 .text.ADC_DMAHalfConvCplt
                0x08000b84        0xa build/stm32f1xx_hal_adc.o
                0x08000b84                ADC_DMAHalfConvCplt
 .text.ADC_DMAError
                0x08000b8e       0x1a build/stm32f1xx_hal_adc.o
                0x08000b8e                ADC_DMAError
 .text.HAL_ADC_IRQHandler
                0x08000ba8      0x100 build/stm32f1xx_hal_adc.o
                0x08000ba8                HAL_ADC_IRQHandler
 .text.HAL_ADC_ConfigChannel
                0x08000ca8      0x140 build/stm32f1xx_hal_adc.o
                0x08000ca8                HAL_ADC_ConfigChannel
 .text.ADC_Enable
                0x08000de8       0x88 build/stm32f1xx_hal_adc.o
                0x08000de8                ADC_Enable
 .text.HAL_ADC_Start_DMA
                0x08000e70      0x130 build/stm32f1xx_hal_adc.o
                0x08000e70                HAL_ADC_Start_DMA
 .text.ADC_ConversionStop_Disable
                0x08000fa0       0x56 build/stm32f1xx_hal_adc.o
                0x08000fa0                ADC_ConversionStop_Disable
 *fill*         0x08000ff6        0x2 
 .text.HAL_ADC_Init
                0x08000ff8      0x140 build/stm32f1xx_hal_adc.o
                0x08000ff8                HAL_ADC_Init
 .text.HAL_ADCEx_InjectedConvCpltCallback
                0x08001138        0x2 build/stm32f1xx_hal_adc_ex.o
                0x08001138                HAL_ADCEx_InjectedConvCpltCallback
 *fill*         0x0800113a        0x2 
 .text.HAL_InitTick
                0x0800113c       0x4c build/stm32f1xx_hal.o
                0x0800113c                HAL_InitTick
 .text.HAL_Init
                0x08001188       0x24 build/stm32f1xx_hal.o
                0x08001188                HAL_Init
 .text.HAL_IncTick
                0x080011ac       0x18 build/stm32f1xx_hal.o
                0x080011ac                HAL_IncTick
 .text.HAL_GetTick
                0x080011c4        0xc build/stm32f1xx_hal.o
                0x080011c4                HAL_GetTick
 .text.HAL_Delay
                0x080011d0       0x28 build/stm32f1xx_hal.o
                0x080011d0                HAL_Delay
 .text.RCC_Delay
                0x080011f8       0x2c build/stm32f1xx_hal_rcc.o
 .text.HAL_RCC_OscConfig
                0x08001224      0x410 build/stm32f1xx_hal_rcc.o
                0x08001224                HAL_RCC_OscConfig
 .text.HAL_RCC_GetSysClockFreq
                0x08001634       0x54 build/stm32f1xx_hal_rcc.o
                0x08001634                HAL_RCC_GetSysClockFreq
 .text.HAL_RCC_ClockConfig
                0x08001688      0x16c build/stm32f1xx_hal_rcc.o
                0x08001688                HAL_RCC_ClockConfig
 .text.HAL_RCC_GetHCLKFreq
                0x080017f4        0xc build/stm32f1xx_hal_rcc.o
                0x080017f4                HAL_RCC_GetHCLKFreq
 .text.HAL_RCC_GetPCLK1Freq
                0x08001800       0x20 build/stm32f1xx_hal_rcc.o
                0x08001800                HAL_RCC_GetPCLK1Freq
 .text.HAL_RCC_GetPCLK2Freq
                0x08001820       0x20 build/stm32f1xx_hal_rcc.o
                0x08001820                HAL_RCC_GetPCLK2Freq
 .text.HAL_RCCEx_PeriphCLKConfig
                0x08001840      0x118 build/stm32f1xx_hal_rcc_ex.o
                0x08001840                HAL_RCCEx_PeriphCLKConfig
 .text.HAL_GPIO_Init
                0x08001958      0x21c build/stm32f1xx_hal_gpio.o
                0x08001958                HAL_GPIO_Init
 .text.HAL_GPIO_ReadPin
                0x08001b74        0xe build/stm32f1xx_hal_gpio.o
                0x08001b74                HAL_GPIO_ReadPin
 .text.HAL_GPIO_WritePin
                0x08001b82        0xc build/stm32f1xx_hal_gpio.o
                0x08001b82                HAL_GPIO_WritePin
 *fill*         0x08001b8e        0x2 
 .text.HAL_GPIO_EXTI_IRQHandler
                0x08001b90       0x1c build/stm32f1xx_hal_gpio.o
                0x08001b90                HAL_GPIO_EXTI_IRQHandler
 .text.DMA_SetConfig
                0x08001bac       0x2c build/stm32f1xx_hal_dma.o
 .text.HAL_DMA_Init
                0x08001bd8       0x6c build/stm32f1xx_hal_dma.o
                0x08001bd8                HAL_DMA_Init
 .text.HAL_DMA_Start_IT
                0x08001c44       0x76 build/stm32f1xx_hal_dma.o
                0x08001c44                HAL_DMA_Start_IT
 .text.HAL_DMA_Abort
                0x08001cba       0x46 build/stm32f1xx_hal_dma.o
                0x08001cba                HAL_DMA_Abort
 .text.HAL_DMA_Abort_IT
                0x08001d00       0x98 build/stm32f1xx_hal_dma.o
                0x08001d00                HAL_DMA_Abort_IT
 .text.HAL_DMA_IRQHandler
                0x08001d98      0x144 build/stm32f1xx_hal_dma.o
                0x08001d98                HAL_DMA_IRQHandler
 .text.__NVIC_SetPriority
                0x08001edc       0x28 build/stm32f1xx_hal_cortex.o
 .text.NVIC_EncodePriority
                0x08001f04       0x3e build/stm32f1xx_hal_cortex.o
 *fill*         0x08001f42        0x2 
 .text.HAL_NVIC_SetPriorityGrouping
                0x08001f44       0x24 build/stm32f1xx_hal_cortex.o
                0x08001f44                HAL_NVIC_SetPriorityGrouping
 .text.HAL_NVIC_SetPriority
                0x08001f68       0x20 build/stm32f1xx_hal_cortex.o
                0x08001f68                HAL_NVIC_SetPriority
 .text.HAL_NVIC_EnableIRQ
                0x08001f88       0x1c build/stm32f1xx_hal_cortex.o
                0x08001f88                HAL_NVIC_EnableIRQ
 .text.HAL_SYSTICK_Config
                0x08001fa4       0x28 build/stm32f1xx_hal_cortex.o
                0x08001fa4                HAL_SYSTICK_Config
 .text.HAL_I2C_Init
                0x08001fcc      0x1bc build/stm32f1xx_hal_i2c.o
                0x08001fcc                HAL_I2C_Init
 .text.HAL_SPI_TxCpltCallback
                0x08002188        0x2 build/stm32f1xx_hal_spi.o
                0x08002188                HAL_SPI_TxCpltCallback
 .text.HAL_SPI_RxCpltCallback
                0x0800218a        0x2 build/stm32f1xx_hal_spi.o
                0x0800218a                HAL_SPI_RxCpltCallback
 .text.HAL_SPI_TxRxCpltCallback
                0x0800218c        0x2 build/stm32f1xx_hal_spi.o
                0x0800218c                HAL_SPI_TxRxCpltCallback
 .text.HAL_SPI_TxHalfCpltCallback
                0x0800218e        0x2 build/stm32f1xx_hal_spi.o
                0x0800218e                HAL_SPI_TxHalfCpltCallback
 .text.HAL_SPI_RxHalfCpltCallback
                0x08002190        0x2 build/stm32f1xx_hal_spi.o
                0x08002190                HAL_SPI_RxHalfCpltCallback
 .text.HAL_SPI_TxRxHalfCpltCallback
                0x08002192        0x2 build/stm32f1xx_hal_spi.o
                0x08002192                HAL_SPI_TxRxHalfCpltCallback
 .text.HAL_SPI_ErrorCallback
                0x08002194        0x2 build/stm32f1xx_hal_spi.o
                0x08002194                HAL_SPI_ErrorCallback
 .text.HAL_SPI_AbortCpltCallback
                0x08002196        0x2 build/stm32f1xx_hal_spi.o
                0x08002196                HAL_SPI_AbortCpltCallback
 .text.SPI_DMAAbortOnError
                0x08002198       0x10 build/stm32f1xx_hal_spi.o
 .text.SPI_WaitFlagStateUntilTimeout
                0x080021a8       0xc8 build/stm32f1xx_hal_spi.o
 .text.SPI_EndRxTxTransaction
                0x08002270       0x44 build/stm32f1xx_hal_spi.o
 .text.SPI_EndRxTransaction
                0x080022b4       0x74 build/stm32f1xx_hal_spi.o
 .text.HAL_SPI_Init
                0x08002328      0x104 build/stm32f1xx_hal_spi.o
                0x08002328                HAL_SPI_Init
 .text.HAL_SPI_Transmit
                0x0800242c      0x1c4 build/stm32f1xx_hal_spi.o
                0x0800242c                HAL_SPI_Transmit
 .text.HAL_SPI_TransmitReceive
                0x080025f0      0x254 build/stm32f1xx_hal_spi.o
                0x080025f0                HAL_SPI_TransmitReceive
 .text.HAL_SPI_Receive
                0x08002844      0x188 build/stm32f1xx_hal_spi.o
                0x08002844                HAL_SPI_Receive
 .text.HAL_SPI_IRQHandler
                0x080029cc      0x100 build/stm32f1xx_hal_spi.o
                0x080029cc                HAL_SPI_IRQHandler
 .text.HAL_UART_TxCpltCallback
                0x08002acc        0x2 build/stm32f1xx_hal_uart.o
                0x08002acc                HAL_UART_TxCpltCallback
 .text.HAL_UART_TxHalfCpltCallback
                0x08002ace        0x2 build/stm32f1xx_hal_uart.o
                0x08002ace                HAL_UART_TxHalfCpltCallback
 .text.HAL_UART_RxHalfCpltCallback
                0x08002ad0        0x2 build/stm32f1xx_hal_uart.o
                0x08002ad0                HAL_UART_RxHalfCpltCallback
 .text.HAL_UART_AbortCpltCallback
                0x08002ad2        0x2 build/stm32f1xx_hal_uart.o
                0x08002ad2                HAL_UART_AbortCpltCallback
 .text.HAL_UART_AbortTransmitCpltCallback
                0x08002ad4        0x2 build/stm32f1xx_hal_uart.o
                0x08002ad4                HAL_UART_AbortTransmitCpltCallback
 .text.HAL_UART_AbortReceiveCpltCallback
                0x08002ad6        0x2 build/stm32f1xx_hal_uart.o
                0x08002ad6                HAL_UART_AbortReceiveCpltCallback
 .text.HAL_UARTEx_RxEventCallback
                0x08002ad8        0x2 build/stm32f1xx_hal_uart.o
                0x08002ad8                HAL_UARTEx_RxEventCallback
 .text.UART_EndRxTransfer
                0x08002ada       0x5c build/stm32f1xx_hal_uart.o
 .text.UART_DMAAbortOnError
                0x08002b36       0x10 build/stm32f1xx_hal_uart.o
 .text.UART_Transmit_IT
                0x08002b46       0x5e build/stm32f1xx_hal_uart.o
 .text.UART_EndTransmit_IT
                0x08002ba4       0x1a build/stm32f1xx_hal_uart.o
 .text.UART_Receive_IT
                0x08002bbe       0xe4 build/stm32f1xx_hal_uart.o
 *fill*         0x08002ca2        0x2 
 .text.UART_SetConfig
                0x08002ca4       0x94 build/stm32f1xx_hal_uart.o
 .text.HAL_UART_IRQHandler
                0x08002d38      0x284 build/stm32f1xx_hal_uart.o
                0x08002d38                HAL_UART_IRQHandler
 .text.UART_InitCallbacksToDefault
                0x08002fbc       0x4c build/stm32f1xx_hal_uart.o
                0x08002fbc                UART_InitCallbacksToDefault
 .text.HAL_UART_Init
                0x08003008       0x78 build/stm32f1xx_hal_uart.o
                0x08003008                HAL_UART_Init
 .text.UART_Start_Receive_IT
                0x08003080       0x36 build/stm32f1xx_hal_uart.o
                0x08003080                UART_Start_Receive_IT
 .text.HAL_UART_Receive_IT
                0x080030b6       0x24 build/stm32f1xx_hal_uart.o
                0x080030b6                HAL_UART_Receive_IT
 .text.SystemInit
                0x080030da        0x2 build/system_stm32f1xx.o
                0x080030da                SystemInit
 .text.csn_high
                0x080030dc       0x14 build/NRF24.o
                0x080030dc                csn_high
 .text.csn_low  0x080030f0       0x14 build/NRF24.o
                0x080030f0                csn_low
 .text.ce_high  0x08003104       0x14 build/NRF24.o
                0x08003104                ce_high
 .text.ce_low   0x08003118       0x14 build/NRF24.o
                0x08003118                ce_low
 .text.nrf24_w_reg
                0x0800312c       0x40 build/NRF24.o
                0x0800312c                nrf24_w_reg
 .text.nrf24_r_reg
                0x0800316c       0x48 build/NRF24.o
                0x0800316c                nrf24_r_reg
 .text.nrf24_w_spec_cmd
                0x080031b4       0x24 build/NRF24.o
                0x080031b4                nrf24_w_spec_cmd
 .text.nrf24_pwr_up
                0x080031d8       0x2e build/NRF24.o
                0x080031d8                nrf24_pwr_up
 .text.nrf24_tx_pwr
                0x08003206       0x38 build/NRF24.o
                0x08003206                nrf24_tx_pwr
 .text.nrf24_data_rate
                0x0800323e       0x4c build/NRF24.o
                0x0800323e                nrf24_data_rate
 .text.nrf24_set_channel
                0x0800328a       0x1a build/NRF24.o
                0x0800328a                nrf24_set_channel
 .text.nrf24_open_tx_pipe
                0x080032a4        0xe build/NRF24.o
                0x080032a4                nrf24_open_tx_pipe
 .text.nrf24_pipe_pld_size
                0x080032b2       0x7a build/NRF24.o
                0x080032b2                nrf24_pipe_pld_size
 .text.nrf24_open_rx_pipe
                0x0800332c       0xc6 build/NRF24.o
                0x0800332c                nrf24_open_rx_pipe
 .text.nrf24_set_crc
                0x080033f2       0x3a build/NRF24.o
                0x080033f2                nrf24_set_crc
 .text.nrf24_set_addr_width
                0x0800342c       0x22 build/NRF24.o
                0x0800342c                nrf24_set_addr_width
 .text.nrf24_flush_tx
                0x0800344e       0x12 build/NRF24.o
                0x0800344e                nrf24_flush_tx
 .text.nrf24_flush_rx
                0x08003460       0x12 build/NRF24.o
                0x08003460                nrf24_flush_rx
 *fill*         0x08003472        0x2 
 .text.nrf24_r_status
                0x08003474       0x3c build/NRF24.o
                0x08003474                nrf24_r_status
 .text.nrf24_clear_rx_dr
                0x080034b0       0x2c build/NRF24.o
                0x080034b0                nrf24_clear_rx_dr
 .text.nrf24_clear_tx_ds
                0x080034dc       0x2c build/NRF24.o
                0x080034dc                nrf24_clear_tx_ds
 .text.nrf24_clear_max_rt
                0x08003508       0x2c build/NRF24.o
                0x08003508                nrf24_clear_max_rt
 .text.nrf24_stop_listen
                0x08003534       0x2e build/NRF24.o
                0x08003534                nrf24_stop_listen
 .text.nrf24_dpl
                0x08003562       0x38 build/NRF24.o
                0x08003562                nrf24_dpl
 .text.nrf24_set_rx_dpl
                0x0800359a       0x46 build/NRF24.o
                0x0800359a                nrf24_set_rx_dpl
 .text.nrf24_auto_ack_all
                0x080035e0       0x32 build/NRF24.o
                0x080035e0                nrf24_auto_ack_all
 .text.nrf24_en_ack_pld
                0x08003612       0x36 build/NRF24.o
                0x08003612                nrf24_en_ack_pld
 .text.nrf24_auto_retr_delay
                0x08003648       0x32 build/NRF24.o
                0x08003648                nrf24_auto_retr_delay
 .text.nrf24_auto_retr_limit
                0x0800367a       0x30 build/NRF24.o
                0x0800367a                nrf24_auto_retr_limit
 *fill*         0x080036aa        0x2 
 .text.nrf24_transmit
                0x080036ac       0x68 build/NRF24.o
                0x080036ac                nrf24_transmit
 .text.nrf24_init
                0x08003714       0x1c build/NRF24.o
                0x08003714                nrf24_init
 .text.NRF24_Comm_TestCommunication
                0x08003730       0x28 build/nrf24_comm.o
 .text.NRF24_Comm_BuzzerBeep
                0x08003758       0x2c build/nrf24_comm.o
 .text.NRF24_Comm_BuzzerDoubleBeep
                0x08003784       0x16 build/nrf24_comm.o
 *fill*         0x0800379a        0x2 
 .text.NRF24_Comm_Init
                0x0800379c       0xe8 build/nrf24_comm.o
                0x0800379c                NRF24_Comm_Init
 .text.NRF24_Comm_CanLocalControlWrite
                0x08003884       0x10 build/nrf24_comm.o
                0x08003884                NRF24_Comm_CanLocalControlWrite
 .text.NRF24_Comm_UpdateFromUART
                0x08003894       0x3c build/nrf24_comm.o
                0x08003894                NRF24_Comm_UpdateFromUART
 .text.NRF24_Comm_UpdateRobotID
                0x080038d0       0x48 build/nrf24_comm.o
                0x080038d0                NRF24_Comm_UpdateRobotID
 .text.NRF24_Comm_Transmit
                0x08003918       0x5c build/nrf24_comm.o
                0x08003918                NRF24_Comm_Transmit
 .text.NRF24_Comm_StatusFeedback
                0x08003974       0x58 build/nrf24_comm.o
                0x08003974                NRF24_Comm_StatusFeedback
 .text.NRF24_Comm_IRQ_Handler
                0x080039cc       0x32 build/nrf24_comm.o
                0x080039cc                NRF24_Comm_IRQ_Handler
 *fill*         0x080039fe        0x2 
 .text.Reset_Handler
                0x08003a00       0x48 build/startup_stm32f103xb.o
                0x08003a00                Reset_Handler
 .text.Default_Handler
                0x08003a48        0x2 build/startup_stm32f103xb.o
                0x08003a48                RTC_Alarm_IRQHandler
                0x08003a48                EXTI2_IRQHandler
                0x08003a48                TIM1_CC_IRQHandler
                0x08003a48                PVD_IRQHandler
                0x08003a48                EXTI3_IRQHandler
                0x08003a48                I2C2_EV_IRQHandler
                0x08003a48                SPI1_IRQHandler
                0x08003a48                TAMPER_IRQHandler
                0x08003a48                DMA1_Channel4_IRQHandler
                0x08003a48                USART3_IRQHandler
                0x08003a48                RTC_IRQHandler
                0x08003a48                DMA1_Channel7_IRQHandler
                0x08003a48                CAN1_RX1_IRQHandler
                0x08003a48                TIM4_IRQHandler
                0x08003a48                I2C1_EV_IRQHandler
                0x08003a48                DMA1_Channel6_IRQHandler
                0x08003a48                TIM3_IRQHandler
                0x08003a48                RCC_IRQHandler
                0x08003a48                TIM1_TRG_COM_IRQHandler
                0x08003a48                Default_Handler
                0x08003a48                DMA1_Channel5_IRQHandler
                0x08003a48                EXTI4_IRQHandler
                0x08003a48                USB_LP_CAN1_RX0_IRQHandler
                0x08003a48                USB_HP_CAN1_TX_IRQHandler
                0x08003a48                DMA1_Channel3_IRQHandler
                0x08003a48                TIM1_UP_IRQHandler
                0x08003a48                WWDG_IRQHandler
                0x08003a48                TIM2_IRQHandler
                0x08003a48                TIM1_BRK_IRQHandler
                0x08003a48                USART2_IRQHandler
                0x08003a48                I2C2_ER_IRQHandler
                0x08003a48                DMA1_Channel2_IRQHandler
                0x08003a48                CAN1_SCE_IRQHandler
                0x08003a48                FLASH_IRQHandler
                0x08003a48                I2C1_ER_IRQHandler
                0x08003a48                USBWakeUp_IRQHandler
 .text.memset   0x08003a4a       0x10 C:/Program Files (x86)/Arm GNU Toolchain arm-none-eabi/14.2 rel1/bin/../lib/gcc/arm-none-eabi/14.2.1/thumb/v7-m/nofp\libc_nano.a(libc_a-memset.o)
                0x08003a4a                memset
 *fill*         0x08003a5a        0x2 
 .text.__libc_init_array
                0x08003a5c       0x48 C:/Program Files (x86)/Arm GNU Toolchain arm-none-eabi/14.2 rel1/bin/../lib/gcc/arm-none-eabi/14.2.1/thumb/v7-m/nofp\libc_nano.a(libc_a-init.o)
                0x08003a5c                __libc_init_array
 *(.glue_7)
 .glue_7        0x08003aa4        0x0 linker stubs
 *(.glue_7t)
 .glue_7t       0x08003aa4        0x0 linker stubs
 *(.eh_frame)
 .eh_frame      0x08003aa4        0x0 C:/Program Files (x86)/Arm GNU Toolchain arm-none-eabi/14.2 rel1/bin/../lib/gcc/arm-none-eabi/14.2.1/thumb/v7-m/nofp/crtbegin.o
 *(.init)
 .init          0x08003aa4        0x4 C:/Program Files (x86)/Arm GNU Toolchain arm-none-eabi/14.2 rel1/bin/../lib/gcc/arm-none-eabi/14.2.1/thumb/v7-m/nofp/crti.o
                0x08003aa4                _init
 .init          0x08003aa8        0x8 C:/Program Files (x86)/Arm GNU Toolchain arm-none-eabi/14.2 rel1/bin/../lib/gcc/arm-none-eabi/14.2.1/thumb/v7-m/nofp/crtn.o
 *(.fini)
 .fini          0x08003ab0        0x4 C:/Program Files (x86)/Arm GNU Toolchain arm-none-eabi/14.2 rel1/bin/../lib/gcc/arm-none-eabi/14.2.1/thumb/v7-m/nofp/crti.o
                0x08003ab0                _fini
 .fini          0x08003ab4        0x8 C:/Program Files (x86)/Arm GNU Toolchain arm-none-eabi/14.2 rel1/bin/../lib/gcc/arm-none-eabi/14.2.1/thumb/v7-m/nofp/crtn.o
                0x08003abc                        . = ALIGN (0x4)
                0x08003abc                        _etext = .

.vfp11_veneer   0x08003abc        0x0
 .vfp11_veneer  0x08003abc        0x0 linker stubs

.v4_bx          0x08003abc        0x0
 .v4_bx         0x08003abc        0x0 linker stubs

.iplt           0x08003abc        0x0
 .iplt          0x08003abc        0x0 C:/Program Files (x86)/Arm GNU Toolchain arm-none-eabi/14.2 rel1/bin/../lib/gcc/arm-none-eabi/14.2.1/thumb/v7-m/nofp/crtbegin.o

.rodata         0x08003abc       0x2c
                0x08003abc                        . = ALIGN (0x4)
 *(.rodata)
 *(.rodata*)
 .rodata.aPredivFactorTable.0
                0x08003abc        0x2 build/stm32f1xx_hal_rcc.o
 *fill*         0x08003abe        0x2 
 .rodata.aPLLMULFactorTable.1
                0x08003ac0       0x10 build/stm32f1xx_hal_rcc.o
 .rodata.APBPrescTable
                0x08003ad0        0x8 build/system_stm32f1xx.o
                0x08003ad0                APBPrescTable
 .rodata.AHBPrescTable
                0x08003ad8       0x10 build/system_stm32f1xx.o
                0x08003ad8                AHBPrescTable
                0x08003ae8                        . = ALIGN (0x4)

.rel.dyn        0x08003ae8        0x0
 .rel.iplt      0x08003ae8        0x0 C:/Program Files (x86)/Arm GNU Toolchain arm-none-eabi/14.2 rel1/bin/../lib/gcc/arm-none-eabi/14.2.1/thumb/v7-m/nofp/crtbegin.o

.ARM.extab
 *(.ARM.extab* .gnu.linkonce.armextab.*)

.ARM            0x08003ae8        0x0
                0x08003ae8                        __exidx_start = .
 *(.ARM.exidx*)
                0x08003ae8                        __exidx_end = .

.preinit_array  0x08003ae8        0x0
                0x08003ae8                        PROVIDE (__preinit_array_start = .)
 *(.preinit_array*)
                0x08003ae8                        PROVIDE (__preinit_array_end = .)

.init_array     0x08003ae8        0x4
                0x08003ae8                        PROVIDE (__init_array_start = .)
 *(SORT_BY_NAME(.init_array.*))
 *(.init_array*)
 .init_array    0x08003ae8        0x4 C:/Program Files (x86)/Arm GNU Toolchain arm-none-eabi/14.2 rel1/bin/../lib/gcc/arm-none-eabi/14.2.1/thumb/v7-m/nofp/crtbegin.o
                0x08003aec                        PROVIDE (__init_array_end = .)

.fini_array     0x08003aec        0x4
                [!provide]                        PROVIDE (__fini_array_start = .)
 *(SORT_BY_NAME(.fini_array.*))
 *(.fini_array*)
 .fini_array    0x08003aec        0x4 C:/Program Files (x86)/Arm GNU Toolchain arm-none-eabi/14.2 rel1/bin/../lib/gcc/arm-none-eabi/14.2.1/thumb/v7-m/nofp/crtbegin.o
                [!provide]                        PROVIDE (__fini_array_end = .)
                0x08003af0                        _sidata = LOADADDR (.data)

.data           0x20000000       0x18 load address 0x08003af0
                0x20000000                        . = ALIGN (0x4)
                0x20000000                        _sdata = .
 *(.data)
 *(.data*)
 .data.uwTickFreq
                0x20000000        0x1 build/stm32f1xx_hal.o
                0x20000000                uwTickFreq
 *fill*         0x20000001        0x3 
 .data.uwTickPrio
                0x20000004        0x4 build/stm32f1xx_hal.o
                0x20000004                uwTickPrio
 .data.SystemCoreClock
                0x20000008        0x4 build/system_stm32f1xx.o
                0x20000008                SystemCoreClock
 .data.MAX_ROBOT_NUMBER
                0x2000000c        0x1 build/nrf24_comm.o
                0x2000000c                MAX_ROBOT_NUMBER
 *fill*         0x2000000d        0x3 
 .data.tx_addr  0x20000010        0x5 build/nrf24_comm.o
                0x20000018                        . = ALIGN (0x4)
 *fill*         0x20000015        0x3 
                0x20000018                        _edata = .

.tm_clone_table
                0x20000018        0x0 load address 0x08003b08
 .tm_clone_table
                0x20000018        0x0 C:/Program Files (x86)/Arm GNU Toolchain arm-none-eabi/14.2 rel1/bin/../lib/gcc/arm-none-eabi/14.2.1/thumb/v7-m/nofp/crtbegin.o
 .tm_clone_table
                0x20000018        0x0 C:/Program Files (x86)/Arm GNU Toolchain arm-none-eabi/14.2 rel1/bin/../lib/gcc/arm-none-eabi/14.2.1/thumb/v7-m/nofp/crtend.o

.igot.plt       0x20000018        0x0 load address 0x08003b08
 .igot.plt      0x20000018        0x0 C:/Program Files (x86)/Arm GNU Toolchain arm-none-eabi/14.2 rel1/bin/../lib/gcc/arm-none-eabi/14.2.1/thumb/v7-m/nofp/crtbegin.o
                0x20000018                        . = ALIGN (0x4)

.bss            0x20000018      0x280 load address 0x08003b08
                0x20000018                        _sbss = .
                0x20000018                        __bss_start__ = _sbss
 *(.bss)
 *(.bss*)
 .bss.completed.1
                0x20000018        0x1 C:/Program Files (x86)/Arm GNU Toolchain arm-none-eabi/14.2 rel1/bin/../lib/gcc/arm-none-eabi/14.2.1/thumb/v7-m/nofp/crtbegin.o
 *fill*         0x20000019        0x3 
 .bss.object.0  0x2000001c       0x18 C:/Program Files (x86)/Arm GNU Toolchain arm-none-eabi/14.2 rel1/bin/../lib/gcc/arm-none-eabi/14.2.1/thumb/v7-m/nofp/crtbegin.o
 .bss.last_toggle_time_aux2.0
                0x20000034        0x4 build/main.o
 .bss.last_toggle_time_aux1.1
                0x20000038        0x4 build/main.o
 .bss.last_toggle_time_robotid.2
                0x2000003c        0x4 build/main.o
 .bss.beep_control
                0x20000040        0xc build/main.o
                0x20000040                beep_control
 .bss.adc_filtered
                0x2000004c        0x8 build/main.o
                0x2000004c                adc_filtered
 .bss.adc_max   0x20000054        0x8 build/main.o
                0x20000054                adc_max
 .bss.adc_min   0x2000005c        0x8 build/main.o
                0x2000005c                adc_min
 .bss.adc_calib_error
                0x20000064        0x8 build/main.o
                0x20000064                adc_calib_error
 .bss.adc_center
                0x2000006c        0x8 build/main.o
                0x2000006c                adc_center
 .bss.uart_buffer
                0x20000074        0xc build/main.o
                0x20000074                uart_buffer
 .bss.AUX2      0x20000080        0x1 build/main.o
                0x20000080                AUX2
 .bss.AUX1      0x20000081        0x1 build/main.o
                0x20000081                AUX1
 *fill*         0x20000082        0x2 
 .bss.adc_raw_buffer
                0x20000084        0x8 build/main.o
                0x20000084                adc_raw_buffer
 .bss.huart1    0x2000008c       0x78 build/main.o
                0x2000008c                huart1
 .bss.hspi2     0x20000104       0x80 build/main.o
                0x20000104                hspi2
 .bss.hi2c1     0x20000184       0x54 build/main.o
                0x20000184                hi2c1
 .bss.hdma_adc1
                0x200001d8       0x44 build/main.o
                0x200001d8                hdma_adc1
 .bss.hadc1     0x2000021c       0x4c build/main.o
                0x2000021c                hadc1
 .bss.uwTick    0x20000268        0x4 build/stm32f1xx_hal.o
                0x20000268                uwTick
 .bss.current_robot_id
                0x2000026c        0x1 build/nrf24_comm.o
 .bss.status_feedback_pending
                0x2000026d        0x1 build/nrf24_comm.o
 *fill*         0x2000026e        0x2 
 .bss.last_feedback_time
                0x20000270        0x4 build/nrf24_comm.o
 .bss.tx_buffer
                0x20000274        0xa build/nrf24_comm.o
                0x20000274                tx_buffer
 *fill*         0x2000027e        0x2 
 .bss.nrf24_status
                0x20000280       0x18 build/nrf24_comm.o
                0x20000280                nrf24_status
 *(COMMON)
                0x20000298                        . = ALIGN (0x4)
                0x20000298                        _ebss = .
                0x20000298                        __bss_end__ = _ebss

._user_heap_stack
                0x20000298      0x600 load address 0x08003b08
                0x20000298                        . = ALIGN (0x8)
                [!provide]                        PROVIDE (end = .)
                0x20000298                        PROVIDE (_end = .)
                0x20000498                        . = (. + _Min_Heap_Size)
 *fill*         0x20000298      0x200 
                0x20000898                        . = (. + _Min_Stack_Size)
 *fill*         0x20000498      0x400 
                0x20000898                        . = ALIGN (0x8)

/DISCARD/
 libc.a(*)
 libm.a(*)
 libgcc.a(*)
OUTPUT(build/JoyStick_RemoteCtrl.elf elf32-littlearm)
LOAD linker stubs
LOAD C:/Program Files (x86)/Arm GNU Toolchain arm-none-eabi/14.2 rel1/bin/../lib/gcc/arm-none-eabi/14.2.1/thumb/v7-m/nofp\libc.a
LOAD C:/Program Files (x86)/Arm GNU Toolchain arm-none-eabi/14.2 rel1/bin/../lib/gcc/arm-none-eabi/14.2.1/thumb/v7-m/nofp\libm.a
LOAD C:/Program Files (x86)/Arm GNU Toolchain arm-none-eabi/14.2 rel1/bin/../lib/gcc/arm-none-eabi/14.2.1/thumb/v7-m/nofp\libgcc.a

.ARM.attributes
                0x00000000       0x29
 .ARM.attributes
                0x00000000       0x1d C:/Program Files (x86)/Arm GNU Toolchain arm-none-eabi/14.2 rel1/bin/../lib/gcc/arm-none-eabi/14.2.1/thumb/v7-m/nofp/crti.o
 .ARM.attributes
                0x0000001d       0x2d C:/Program Files (x86)/Arm GNU Toolchain arm-none-eabi/14.2 rel1/bin/../lib/gcc/arm-none-eabi/14.2.1/thumb/v7-m/nofp/crtbegin.o
 .ARM.attributes
                0x0000004a       0x2d build/main.o
 .ARM.attributes
                0x00000077       0x2d build/stm32f1xx_it.o
 .ARM.attributes
                0x000000a4       0x2d build/stm32f1xx_hal_msp.o
 .ARM.attributes
                0x000000d1       0x2d build/stm32f1xx_hal_adc.o
 .ARM.attributes
                0x000000fe       0x2d build/stm32f1xx_hal_adc_ex.o
 .ARM.attributes
                0x0000012b       0x2d build/stm32f1xx_hal.o
 .ARM.attributes
                0x00000158       0x2d build/stm32f1xx_hal_rcc.o
 .ARM.attributes
                0x00000185       0x2d build/stm32f1xx_hal_rcc_ex.o
 .ARM.attributes
                0x000001b2       0x2d build/stm32f1xx_hal_gpio.o
 .ARM.attributes
                0x000001df       0x2d build/stm32f1xx_hal_dma.o
 .ARM.attributes
                0x0000020c       0x2d build/stm32f1xx_hal_cortex.o
 .ARM.attributes
                0x00000239       0x2d build/stm32f1xx_hal_i2c.o
 .ARM.attributes
                0x00000266       0x2d build/stm32f1xx_hal_spi.o
 .ARM.attributes
                0x00000293       0x2d build/stm32f1xx_hal_uart.o
 .ARM.attributes
                0x000002c0       0x2d build/system_stm32f1xx.o
 .ARM.attributes
                0x000002ed       0x2d build/NRF24.o
 .ARM.attributes
                0x0000031a       0x2d build/nrf24_comm.o
 .ARM.attributes
                0x00000347       0x21 build/startup_stm32f103xb.o
 .ARM.attributes
                0x00000368       0x2d C:/Program Files (x86)/Arm GNU Toolchain arm-none-eabi/14.2 rel1/bin/../lib/gcc/arm-none-eabi/14.2.1/thumb/v7-m/nofp\libc_nano.a(libc_a-memset.o)
 .ARM.attributes
                0x00000395       0x2d C:/Program Files (x86)/Arm GNU Toolchain arm-none-eabi/14.2 rel1/bin/../lib/gcc/arm-none-eabi/14.2.1/thumb/v7-m/nofp\libc_nano.a(libc_a-init.o)
 .ARM.attributes
                0x000003c2       0x2d C:/Program Files (x86)/Arm GNU Toolchain arm-none-eabi/14.2 rel1/bin/../lib/gcc/arm-none-eabi/14.2.1/thumb/v7-m/nofp/crtend.o
 .ARM.attributes
                0x000003ef       0x1d C:/Program Files (x86)/Arm GNU Toolchain arm-none-eabi/14.2 rel1/bin/../lib/gcc/arm-none-eabi/14.2.1/thumb/v7-m/nofp/crtn.o

.comment        0x00000000       0x57
 .comment       0x00000000       0x57 build/main.o
                                 0x46 (size before relaxing)
 .comment       0x00000057       0x13 build/stm32f1xx_it.o
 .comment       0x00000057       0x13 build/stm32f1xx_hal_msp.o
 .comment       0x00000057       0x13 build/stm32f1xx_hal_adc.o
 .comment       0x00000057       0x13 build/stm32f1xx_hal_adc_ex.o
 .comment       0x00000057       0x13 build/stm32f1xx_hal.o
 .comment       0x00000057       0x13 build/stm32f1xx_hal_rcc.o
 .comment       0x00000057       0x13 build/stm32f1xx_hal_rcc_ex.o
 .comment       0x00000057       0x13 build/stm32f1xx_hal_gpio.o
 .comment       0x00000057       0x13 build/stm32f1xx_hal_dma.o
 .comment       0x00000057       0x13 build/stm32f1xx_hal_cortex.o
 .comment       0x00000057       0x13 build/stm32f1xx_hal_i2c.o
 .comment       0x00000057       0x13 build/stm32f1xx_hal_spi.o
 .comment       0x00000057       0x46 build/stm32f1xx_hal_uart.o
 .comment       0x00000057       0x13 build/system_stm32f1xx.o
 .comment       0x00000057       0x13 build/NRF24.o
 .comment       0x00000057       0x13 build/nrf24_comm.o

.debug_info     0x00000000    0x17bd5
 .debug_info    0x00000000     0x27a7 build/main.o
 .debug_info    0x000027a7     0x1001 build/stm32f1xx_it.o
 .debug_info    0x000037a8     0x1972 build/stm32f1xx_hal_msp.o
 .debug_info    0x0000511a     0x1205 build/stm32f1xx_hal_adc.o
 .debug_info    0x0000631f      0xe2a build/stm32f1xx_hal_adc_ex.o
 .debug_info    0x00007149      0x880 build/stm32f1xx_hal.o
 .debug_info    0x000079c9      0xb10 build/stm32f1xx_hal_rcc.o
 .debug_info    0x000084d9      0x47d build/stm32f1xx_hal_rcc_ex.o
 .debug_info    0x00008956      0x6d7 build/stm32f1xx_hal_gpio.o
 .debug_info    0x0000902d      0x8bd build/stm32f1xx_hal_dma.o
 .debug_info    0x000098ea      0xe13 build/stm32f1xx_hal_cortex.o
 .debug_info    0x0000a6fd     0x3cdf build/stm32f1xx_hal_i2c.o
 .debug_info    0x0000e3dc     0x1f76 build/stm32f1xx_hal_spi.o
 .debug_info    0x00010352     0x45b6 build/stm32f1xx_hal_uart.o
 .debug_info    0x00014908      0x26e build/system_stm32f1xx.o
 .debug_info    0x00014b76     0x2098 build/NRF24.o
 .debug_info    0x00016c0e      0xf97 build/nrf24_comm.o
 .debug_info    0x00017ba5       0x30 build/startup_stm32f103xb.o

.debug_abbrev   0x00000000     0x2e84
 .debug_abbrev  0x00000000      0x3cc build/main.o
 .debug_abbrev  0x000003cc      0x1d8 build/stm32f1xx_it.o
 .debug_abbrev  0x000005a4      0x27c build/stm32f1xx_hal_msp.o
 .debug_abbrev  0x00000820      0x296 build/stm32f1xx_hal_adc.o
 .debug_abbrev  0x00000ab6      0x297 build/stm32f1xx_hal_adc_ex.o
 .debug_abbrev  0x00000d4d      0x232 build/stm32f1xx_hal.o
 .debug_abbrev  0x00000f7f      0x2d6 build/stm32f1xx_hal_rcc.o
 .debug_abbrev  0x00001255      0x1d4 build/stm32f1xx_hal_rcc_ex.o
 .debug_abbrev  0x00001429      0x222 build/stm32f1xx_hal_gpio.o
 .debug_abbrev  0x0000164b      0x261 build/stm32f1xx_hal_dma.o
 .debug_abbrev  0x000018ac      0x3aa build/stm32f1xx_hal_cortex.o
 .debug_abbrev  0x00001c56      0x31e build/stm32f1xx_hal_i2c.o
 .debug_abbrev  0x00001f74      0x2ea build/stm32f1xx_hal_spi.o
 .debug_abbrev  0x0000225e      0x38d build/stm32f1xx_hal_uart.o
 .debug_abbrev  0x000025eb      0x140 build/system_stm32f1xx.o
 .debug_abbrev  0x0000272b      0x31d build/NRF24.o
 .debug_abbrev  0x00002a48      0x41f build/nrf24_comm.o
 .debug_abbrev  0x00002e67       0x1d build/startup_stm32f103xb.o

.debug_loc      0x00000000    0x12e34
 .debug_loc     0x00000000      0x657 build/main.o
 .debug_loc     0x00000657      0x120 build/stm32f1xx_it.o
 .debug_loc     0x00000777      0x3b1 build/stm32f1xx_hal_msp.o
 .debug_loc     0x00000b28     0x1252 build/stm32f1xx_hal_adc.o
 .debug_loc     0x00001d7a      0xa4e build/stm32f1xx_hal_adc_ex.o
 .debug_loc     0x000027c8      0x1e1 build/stm32f1xx_hal.o
 .debug_loc     0x000029a9      0x790 build/stm32f1xx_hal_rcc.o
 .debug_loc     0x00003139      0x495 build/stm32f1xx_hal_rcc_ex.o
 .debug_loc     0x000035ce      0x53c build/stm32f1xx_hal_gpio.o
 .debug_loc     0x00003b0a      0x8fb build/stm32f1xx_hal_dma.o
 .debug_loc     0x00004405      0x782 build/stm32f1xx_hal_cortex.o
 .debug_loc     0x00004b87     0x4df1 build/stm32f1xx_hal_i2c.o
 .debug_loc     0x00009978     0x2505 build/stm32f1xx_hal_spi.o
 .debug_loc     0x0000be7d     0x55bd build/stm32f1xx_hal_uart.o
 .debug_loc     0x0001143a       0xff build/system_stm32f1xx.o
 .debug_loc     0x00011539     0x12ee build/NRF24.o
 .debug_loc     0x00012827      0x60d build/nrf24_comm.o

.debug_aranges  0x00000000      0xfa8
 .debug_aranges
                0x00000000       0xb0 build/main.o
 .debug_aranges
                0x000000b0       0xa0 build/stm32f1xx_it.o
 .debug_aranges
                0x00000150       0x60 build/stm32f1xx_hal_msp.o
 .debug_aranges
                0x000001b0      0x100 build/stm32f1xx_hal_adc.o
 .debug_aranges
                0x000002b0       0x80 build/stm32f1xx_hal_adc_ex.o
 .debug_aranges
                0x00000330       0xe0 build/stm32f1xx_hal.o
 .debug_aranges
                0x00000410       0x90 build/stm32f1xx_hal_rcc.o
 .debug_aranges
                0x000004a0       0x30 build/stm32f1xx_hal_rcc_ex.o
 .debug_aranges
                0x000004d0       0x58 build/stm32f1xx_hal_gpio.o
 .debug_aranges
                0x00000528       0x80 build/stm32f1xx_hal_dma.o
 .debug_aranges
                0x000005a8       0xc0 build/stm32f1xx_hal_cortex.o
 .debug_aranges
                0x00000668      0x2a8 build/stm32f1xx_hal_i2c.o
 .debug_aranges
                0x00000910      0x1e0 build/stm32f1xx_hal_spi.o
 .debug_aranges
                0x00000af0      0x230 build/stm32f1xx_hal_uart.o
 .debug_aranges
                0x00000d20       0x28 build/system_stm32f1xx.o
 .debug_aranges
                0x00000d48      0x1a0 build/NRF24.o
 .debug_aranges
                0x00000ee8       0x98 build/nrf24_comm.o
 .debug_aranges
                0x00000f80       0x28 build/startup_stm32f103xb.o

.debug_ranges   0x00000000      0xf40
 .debug_ranges  0x00000000       0xb8 build/main.o
 .debug_ranges  0x000000b8       0x90 build/stm32f1xx_it.o
 .debug_ranges  0x00000148       0x50 build/stm32f1xx_hal_msp.o
 .debug_ranges  0x00000198       0xf0 build/stm32f1xx_hal_adc.o
 .debug_ranges  0x00000288       0x70 build/stm32f1xx_hal_adc_ex.o
 .debug_ranges  0x000002f8       0xd0 build/stm32f1xx_hal.o
 .debug_ranges  0x000003c8       0xa0 build/stm32f1xx_hal_rcc.o
 .debug_ranges  0x00000468       0x38 build/stm32f1xx_hal_rcc_ex.o
 .debug_ranges  0x000004a0       0x48 build/stm32f1xx_hal_gpio.o
 .debug_ranges  0x000004e8       0x70 build/stm32f1xx_hal_dma.o
 .debug_ranges  0x00000558       0xb0 build/stm32f1xx_hal_cortex.o
 .debug_ranges  0x00000608      0x2b0 build/stm32f1xx_hal_i2c.o
 .debug_ranges  0x000008b8      0x1d0 build/stm32f1xx_hal_spi.o
 .debug_ranges  0x00000a88      0x238 build/stm32f1xx_hal_uart.o
 .debug_ranges  0x00000cc0       0x18 build/system_stm32f1xx.o
 .debug_ranges  0x00000cd8      0x1c0 build/NRF24.o
 .debug_ranges  0x00000e98       0x88 build/nrf24_comm.o
 .debug_ranges  0x00000f20       0x20 build/startup_stm32f103xb.o

.debug_line     0x00000000    0x12b3e
 .debug_line    0x00000000      0xbfa build/main.o
 .debug_line    0x00000bfa      0x397 build/stm32f1xx_it.o
 .debug_line    0x00000f91      0x4d9 build/stm32f1xx_hal_msp.o
 .debug_line    0x0000146a     0x1186 build/stm32f1xx_hal_adc.o
 .debug_line    0x000025f0      0xb44 build/stm32f1xx_hal_adc_ex.o
 .debug_line    0x00003134      0x4d0 build/stm32f1xx_hal.o
 .debug_line    0x00003604      0xbb8 build/stm32f1xx_hal_rcc.o
 .debug_line    0x000041bc      0x42d build/stm32f1xx_hal_rcc_ex.o
 .debug_line    0x000045e9      0x54d build/stm32f1xx_hal_gpio.o
 .debug_line    0x00004b36      0x9fc build/stm32f1xx_hal_dma.o
 .debug_line    0x00005532      0x673 build/stm32f1xx_hal_cortex.o
 .debug_line    0x00005ba5     0x563b build/stm32f1xx_hal_i2c.o
 .debug_line    0x0000b1e0     0x29e1 build/stm32f1xx_hal_spi.o
 .debug_line    0x0000dbc1     0x39db build/stm32f1xx_hal_uart.o
 .debug_line    0x0001159c      0x1e8 build/system_stm32f1xx.o
 .debug_line    0x00011784      0xc04 build/NRF24.o
 .debug_line    0x00012388      0x745 build/nrf24_comm.o
 .debug_line    0x00012acd       0x71 build/startup_stm32f103xb.o

.debug_str      0x00000000     0x480b
 .debug_str     0x00000000     0x480b build/main.o
                               0x178e (size before relaxing)
 .debug_str     0x0000480b      0xb05 build/stm32f1xx_it.o
 .debug_str     0x0000480b     0x10cc build/stm32f1xx_hal_msp.o
 .debug_str     0x0000480b      0xa5b build/stm32f1xx_hal_adc.o
 .debug_str     0x0000480b      0x8f3 build/stm32f1xx_hal_adc_ex.o
 .debug_str     0x0000480b      0x7dc build/stm32f1xx_hal.o
 .debug_str     0x0000480b      0x5d9 build/stm32f1xx_hal_rcc.o
 .debug_str     0x0000480b      0x381 build/stm32f1xx_hal_rcc_ex.o
 .debug_str     0x0000480b      0x3ae build/stm32f1xx_hal_gpio.o
 .debug_str     0x0000480b      0x5ab build/stm32f1xx_hal_dma.o
 .debug_str     0x0000480b      0x881 build/stm32f1xx_hal_cortex.o
 .debug_str     0x0000480b      0xf73 build/stm32f1xx_hal_i2c.o
 .debug_str     0x0000480b      0xd41 build/stm32f1xx_hal_spi.o
 .debug_str     0x0000480b      0xfd8 build/stm32f1xx_hal_uart.o
 .debug_str     0x0000480b      0x202 build/system_stm32f1xx.o
 .debug_str     0x0000480b      0xa64 build/NRF24.o
 .debug_str     0x0000480b      0x8ad build/nrf24_comm.o
 .debug_str     0x0000480b       0x40 build/startup_stm32f103xb.o

.debug_frame    0x00000000     0x2e0c
 .debug_frame   0x00000000      0x204 build/main.o
 .debug_frame   0x00000204      0x168 build/stm32f1xx_it.o
 .debug_frame   0x0000036c      0x110 build/stm32f1xx_hal_msp.o
 .debug_frame   0x0000047c      0x2fc build/stm32f1xx_hal_adc.o
 .debug_frame   0x00000778      0x19c build/stm32f1xx_hal_adc_ex.o
 .debug_frame   0x00000914      0x1cc build/stm32f1xx_hal.o
 .debug_frame   0x00000ae0      0x184 build/stm32f1xx_hal_rcc.o
 .debug_frame   0x00000c64       0x5c build/stm32f1xx_hal_rcc_ex.o
 .debug_frame   0x00000cc0       0xe4 build/stm32f1xx_hal_gpio.o
 .debug_frame   0x00000da4      0x144 build/stm32f1xx_hal_dma.o
 .debug_frame   0x00000ee8      0x19c build/stm32f1xx_hal_cortex.o
 .debug_frame   0x00001084      0x988 build/stm32f1xx_hal_i2c.o
 .debug_frame   0x00001a0c      0x5fc build/stm32f1xx_hal_spi.o
 .debug_frame   0x00002008      0x640 build/stm32f1xx_hal_uart.o
 .debug_frame   0x00002648       0x30 build/system_stm32f1xx.o
 .debug_frame   0x00002678      0x5b8 build/NRF24.o
 .debug_frame   0x00002c30      0x190 build/nrf24_comm.o
 .debug_frame   0x00002dc0       0x20 C:/Program Files (x86)/Arm GNU Toolchain arm-none-eabi/14.2 rel1/bin/../lib/gcc/arm-none-eabi/14.2.1/thumb/v7-m/nofp\libc_nano.a(libc_a-memset.o)
 .debug_frame   0x00002de0       0x2c C:/Program Files (x86)/Arm GNU Toolchain arm-none-eabi/14.2 rel1/bin/../lib/gcc/arm-none-eabi/14.2.1/thumb/v7-m/nofp\libc_nano.a(libc_a-init.o)

Cross Reference Table

Symbol                                            File
ADC1_2_IRQHandler                                 build/stm32f1xx_it.o
ADC_ConversionStop_Disable                        build/stm32f1xx_hal_adc.o
                                                  build/stm32f1xx_hal_adc_ex.o
ADC_DMAConvCplt                                   build/stm32f1xx_hal_adc.o
                                                  build/stm32f1xx_hal_adc_ex.o
ADC_DMAError                                      build/stm32f1xx_hal_adc.o
                                                  build/stm32f1xx_hal_adc_ex.o
ADC_DMAHalfConvCplt                               build/stm32f1xx_hal_adc.o
                                                  build/stm32f1xx_hal_adc_ex.o
ADC_Enable                                        build/stm32f1xx_hal_adc.o
                                                  build/stm32f1xx_hal_adc_ex.o
AHBPrescTable                                     build/system_stm32f1xx.o
                                                  build/stm32f1xx_hal_rcc.o
APBPrescTable                                     build/system_stm32f1xx.o
                                                  build/stm32f1xx_hal_rcc.o
AUX1                                              build/main.o
AUX2                                              build/main.o
AUX3                                              build/main.o
BusFault_Handler                                  build/stm32f1xx_it.o
CAN1_RX1_IRQHandler                               build/startup_stm32f103xb.o
CAN1_SCE_IRQHandler                               build/startup_stm32f103xb.o
DMA1_Channel1_IRQHandler                          build/stm32f1xx_it.o
DMA1_Channel2_IRQHandler                          build/startup_stm32f103xb.o
DMA1_Channel3_IRQHandler                          build/startup_stm32f103xb.o
DMA1_Channel4_IRQHandler                          build/startup_stm32f103xb.o
DMA1_Channel5_IRQHandler                          build/startup_stm32f103xb.o
DMA1_Channel6_IRQHandler                          build/startup_stm32f103xb.o
DMA1_Channel7_IRQHandler                          build/startup_stm32f103xb.o
DebugMon_Handler                                  build/stm32f1xx_it.o
Default_Handler                                   build/startup_stm32f103xb.o
EXTI0_IRQHandler                                  build/stm32f1xx_it.o
EXTI15_10_IRQHandler                              build/stm32f1xx_it.o
EXTI1_IRQHandler                                  build/stm32f1xx_it.o
EXTI2_IRQHandler                                  build/startup_stm32f103xb.o
EXTI3_IRQHandler                                  build/startup_stm32f103xb.o
EXTI4_IRQHandler                                  build/startup_stm32f103xb.o
EXTI9_5_IRQHandler                                build/stm32f1xx_it.o
Error_Handler                                     build/main.o
                                                  build/stm32f1xx_hal_msp.o
FLASH_IRQHandler                                  build/startup_stm32f103xb.o
FLASH_PageErase                                   build/stm32f1xx_hal_flash_ex.o
                                                  build/stm32f1xx_hal_flash.o
FLASH_WaitForLastOperation                        build/stm32f1xx_hal_flash.o
                                                  build/stm32f1xx_hal_flash_ex.o
HAL_ADCEx_Calibration_Start                       build/stm32f1xx_hal_adc_ex.o
HAL_ADCEx_InjectedConfigChannel                   build/stm32f1xx_hal_adc_ex.o
HAL_ADCEx_InjectedConvCpltCallback                build/stm32f1xx_hal_adc_ex.o
                                                  build/stm32f1xx_hal_adc.o
HAL_ADCEx_InjectedGetValue                        build/stm32f1xx_hal_adc_ex.o
HAL_ADCEx_InjectedPollForConversion               build/stm32f1xx_hal_adc_ex.o
HAL_ADCEx_InjectedStart                           build/stm32f1xx_hal_adc_ex.o
HAL_ADCEx_InjectedStart_IT                        build/stm32f1xx_hal_adc_ex.o
HAL_ADCEx_InjectedStop                            build/stm32f1xx_hal_adc_ex.o
HAL_ADCEx_InjectedStop_IT                         build/stm32f1xx_hal_adc_ex.o
HAL_ADCEx_MultiModeConfigChannel                  build/stm32f1xx_hal_adc_ex.o
HAL_ADCEx_MultiModeGetValue                       build/stm32f1xx_hal_adc_ex.o
HAL_ADCEx_MultiModeStart_DMA                      build/stm32f1xx_hal_adc_ex.o
HAL_ADCEx_MultiModeStop_DMA                       build/stm32f1xx_hal_adc_ex.o
HAL_ADC_AnalogWDGConfig                           build/stm32f1xx_hal_adc.o
HAL_ADC_ConfigChannel                             build/stm32f1xx_hal_adc.o
                                                  build/main.o
HAL_ADC_ConvCpltCallback                          build/main.o
HAL_ADC_ConvHalfCpltCallback                      build/stm32f1xx_hal_adc.o
HAL_ADC_DeInit                                    build/stm32f1xx_hal_adc.o
HAL_ADC_ErrorCallback                             build/stm32f1xx_hal_adc.o
HAL_ADC_GetError                                  build/stm32f1xx_hal_adc.o
HAL_ADC_GetState                                  build/stm32f1xx_hal_adc.o
HAL_ADC_GetValue                                  build/stm32f1xx_hal_adc.o
HAL_ADC_IRQHandler                                build/stm32f1xx_hal_adc.o
                                                  build/stm32f1xx_it.o
HAL_ADC_Init                                      build/stm32f1xx_hal_adc.o
                                                  build/main.o
HAL_ADC_LevelOutOfWindowCallback                  build/stm32f1xx_hal_adc.o
HAL_ADC_MspDeInit                                 build/stm32f1xx_hal_msp.o
HAL_ADC_MspInit                                   build/stm32f1xx_hal_msp.o
HAL_ADC_PollForConversion                         build/stm32f1xx_hal_adc.o
HAL_ADC_PollForEvent                              build/stm32f1xx_hal_adc.o
HAL_ADC_RegisterCallback                          build/stm32f1xx_hal_adc.o
HAL_ADC_Start                                     build/stm32f1xx_hal_adc.o
HAL_ADC_Start_DMA                                 build/stm32f1xx_hal_adc.o
                                                  build/main.o
HAL_ADC_Start_IT                                  build/stm32f1xx_hal_adc.o
HAL_ADC_Stop                                      build/stm32f1xx_hal_adc.o
HAL_ADC_Stop_DMA                                  build/stm32f1xx_hal_adc.o
HAL_ADC_Stop_IT                                   build/stm32f1xx_hal_adc.o
HAL_ADC_UnRegisterCallback                        build/stm32f1xx_hal_adc.o
HAL_DBGMCU_DisableDBGSleepMode                    build/stm32f1xx_hal.o
HAL_DBGMCU_DisableDBGStandbyMode                  build/stm32f1xx_hal.o
HAL_DBGMCU_DisableDBGStopMode                     build/stm32f1xx_hal.o
HAL_DBGMCU_EnableDBGSleepMode                     build/stm32f1xx_hal.o
HAL_DBGMCU_EnableDBGStandbyMode                   build/stm32f1xx_hal.o
HAL_DBGMCU_EnableDBGStopMode                      build/stm32f1xx_hal.o
HAL_DMA_Abort                                     build/stm32f1xx_hal_dma.o
                                                  build/stm32f1xx_hal_uart.o
                                                  build/stm32f1xx_hal_spi.o
                                                  build/stm32f1xx_hal_adc_ex.o
                                                  build/stm32f1xx_hal_adc.o
HAL_DMA_Abort_IT                                  build/stm32f1xx_hal_dma.o
                                                  build/stm32f1xx_hal_uart.o
                                                  build/stm32f1xx_hal_spi.o
                                                  build/stm32f1xx_hal_i2c.o
HAL_DMA_DeInit                                    build/stm32f1xx_hal_dma.o
                                                  build/stm32f1xx_hal_msp.o
HAL_DMA_GetError                                  build/stm32f1xx_hal_dma.o
                                                  build/stm32f1xx_hal_uart.o
HAL_DMA_GetState                                  build/stm32f1xx_hal_dma.o
                                                  build/stm32f1xx_hal_i2c.o
HAL_DMA_IRQHandler                                build/stm32f1xx_hal_dma.o
                                                  build/stm32f1xx_it.o
HAL_DMA_Init                                      build/stm32f1xx_hal_dma.o
                                                  build/stm32f1xx_hal_msp.o
HAL_DMA_PollForTransfer                           build/stm32f1xx_hal_dma.o
HAL_DMA_RegisterCallback                          build/stm32f1xx_hal_dma.o
HAL_DMA_Start                                     build/stm32f1xx_hal_dma.o
HAL_DMA_Start_IT                                  build/stm32f1xx_hal_dma.o
                                                  build/stm32f1xx_hal_uart.o
                                                  build/stm32f1xx_hal_spi.o
                                                  build/stm32f1xx_hal_i2c.o
                                                  build/stm32f1xx_hal_adc_ex.o
                                                  build/stm32f1xx_hal_adc.o
HAL_DMA_UnRegisterCallback                        build/stm32f1xx_hal_dma.o
HAL_DeInit                                        build/stm32f1xx_hal.o
HAL_Delay                                         build/stm32f1xx_hal.o
                                                  build/nrf24_comm.o
                                                  build/NRF24.o
                                                  build/main.o
HAL_EXTI_ClearConfigLine                          build/stm32f1xx_hal_exti.o
HAL_EXTI_ClearPending                             build/stm32f1xx_hal_exti.o
HAL_EXTI_GenerateSWI                              build/stm32f1xx_hal_exti.o
HAL_EXTI_GetConfigLine                            build/stm32f1xx_hal_exti.o
HAL_EXTI_GetHandle                                build/stm32f1xx_hal_exti.o
HAL_EXTI_GetPending                               build/stm32f1xx_hal_exti.o
HAL_EXTI_IRQHandler                               build/stm32f1xx_hal_exti.o
HAL_EXTI_RegisterCallback                         build/stm32f1xx_hal_exti.o
HAL_EXTI_SetConfigLine                            build/stm32f1xx_hal_exti.o
HAL_FLASHEx_Erase                                 build/stm32f1xx_hal_flash_ex.o
HAL_FLASHEx_Erase_IT                              build/stm32f1xx_hal_flash_ex.o
HAL_FLASHEx_OBErase                               build/stm32f1xx_hal_flash_ex.o
HAL_FLASHEx_OBGetConfig                           build/stm32f1xx_hal_flash_ex.o
HAL_FLASHEx_OBGetUserData                         build/stm32f1xx_hal_flash_ex.o
HAL_FLASHEx_OBProgram                             build/stm32f1xx_hal_flash_ex.o
HAL_FLASH_EndOfOperationCallback                  build/stm32f1xx_hal_flash.o
HAL_FLASH_GetError                                build/stm32f1xx_hal_flash.o
HAL_FLASH_IRQHandler                              build/stm32f1xx_hal_flash.o
HAL_FLASH_Lock                                    build/stm32f1xx_hal_flash.o
HAL_FLASH_OB_Launch                               build/stm32f1xx_hal_flash.o
HAL_FLASH_OB_Lock                                 build/stm32f1xx_hal_flash.o
HAL_FLASH_OB_Unlock                               build/stm32f1xx_hal_flash.o
HAL_FLASH_OperationErrorCallback                  build/stm32f1xx_hal_flash.o
HAL_FLASH_Program                                 build/stm32f1xx_hal_flash.o
HAL_FLASH_Program_IT                              build/stm32f1xx_hal_flash.o
HAL_FLASH_Unlock                                  build/stm32f1xx_hal_flash.o
HAL_GPIOEx_ConfigEventout                         build/stm32f1xx_hal_gpio_ex.o
HAL_GPIOEx_DisableEventout                        build/stm32f1xx_hal_gpio_ex.o
HAL_GPIOEx_EnableEventout                         build/stm32f1xx_hal_gpio_ex.o
HAL_GPIO_DeInit                                   build/stm32f1xx_hal_gpio.o
                                                  build/stm32f1xx_hal_msp.o
HAL_GPIO_EXTI_Callback                            build/main.o
HAL_GPIO_EXTI_IRQHandler                          build/stm32f1xx_hal_gpio.o
                                                  build/stm32f1xx_it.o
HAL_GPIO_Init                                     build/stm32f1xx_hal_gpio.o
                                                  build/stm32f1xx_hal_rcc.o
                                                  build/stm32f1xx_hal_msp.o
                                                  build/main.o
HAL_GPIO_LockPin                                  build/stm32f1xx_hal_gpio.o
HAL_GPIO_ReadPin                                  build/stm32f1xx_hal_gpio.o
                                                  build/main.o
HAL_GPIO_TogglePin                                build/stm32f1xx_hal_gpio.o
HAL_GPIO_WritePin                                 build/stm32f1xx_hal_gpio.o
                                                  build/nrf24_comm.o
                                                  build/NRF24.o
                                                  build/main.o
HAL_GetDEVID                                      build/stm32f1xx_hal.o
HAL_GetHalVersion                                 build/stm32f1xx_hal.o
HAL_GetREVID                                      build/stm32f1xx_hal.o
HAL_GetTick                                       build/stm32f1xx_hal.o
                                                  build/nrf24_comm.o
                                                  build/stm32f1xx_hal_uart.o
                                                  build/stm32f1xx_hal_spi.o
                                                  build/stm32f1xx_hal_i2c.o
                                                  build/stm32f1xx_hal_flash.o
                                                  build/stm32f1xx_hal_dma.o
                                                  build/stm32f1xx_hal_rcc_ex.o
                                                  build/stm32f1xx_hal_rcc.o
                                                  build/stm32f1xx_hal_adc_ex.o
                                                  build/stm32f1xx_hal_adc.o
                                                  build/main.o
HAL_GetTickFreq                                   build/stm32f1xx_hal.o
HAL_GetTickPrio                                   build/stm32f1xx_hal.o
HAL_GetUIDw0                                      build/stm32f1xx_hal.o
HAL_GetUIDw1                                      build/stm32f1xx_hal.o
HAL_GetUIDw2                                      build/stm32f1xx_hal.o
HAL_HalfDuplex_EnableReceiver                     build/stm32f1xx_hal_uart.o
HAL_HalfDuplex_EnableTransmitter                  build/stm32f1xx_hal_uart.o
HAL_HalfDuplex_Init                               build/stm32f1xx_hal_uart.o
HAL_I2C_AbortCpltCallback                         build/stm32f1xx_hal_i2c.o
HAL_I2C_AddrCallback                              build/stm32f1xx_hal_i2c.o
HAL_I2C_DeInit                                    build/stm32f1xx_hal_i2c.o
HAL_I2C_DisableListen_IT                          build/stm32f1xx_hal_i2c.o
HAL_I2C_ER_IRQHandler                             build/stm32f1xx_hal_i2c.o
HAL_I2C_EV_IRQHandler                             build/stm32f1xx_hal_i2c.o
HAL_I2C_EnableListen_IT                           build/stm32f1xx_hal_i2c.o
HAL_I2C_ErrorCallback                             build/stm32f1xx_hal_i2c.o
HAL_I2C_GetError                                  build/stm32f1xx_hal_i2c.o
HAL_I2C_GetMode                                   build/stm32f1xx_hal_i2c.o
HAL_I2C_GetState                                  build/stm32f1xx_hal_i2c.o
HAL_I2C_Init                                      build/stm32f1xx_hal_i2c.o
                                                  build/main.o
HAL_I2C_IsDeviceReady                             build/stm32f1xx_hal_i2c.o
HAL_I2C_ListenCpltCallback                        build/stm32f1xx_hal_i2c.o
HAL_I2C_MasterRxCpltCallback                      build/stm32f1xx_hal_i2c.o
HAL_I2C_MasterTxCpltCallback                      build/stm32f1xx_hal_i2c.o
HAL_I2C_Master_Abort_IT                           build/stm32f1xx_hal_i2c.o
HAL_I2C_Master_Receive                            build/stm32f1xx_hal_i2c.o
HAL_I2C_Master_Receive_DMA                        build/stm32f1xx_hal_i2c.o
HAL_I2C_Master_Receive_IT                         build/stm32f1xx_hal_i2c.o
HAL_I2C_Master_Seq_Receive_DMA                    build/stm32f1xx_hal_i2c.o
HAL_I2C_Master_Seq_Receive_IT                     build/stm32f1xx_hal_i2c.o
HAL_I2C_Master_Seq_Transmit_DMA                   build/stm32f1xx_hal_i2c.o
HAL_I2C_Master_Seq_Transmit_IT                    build/stm32f1xx_hal_i2c.o
HAL_I2C_Master_Transmit                           build/stm32f1xx_hal_i2c.o
HAL_I2C_Master_Transmit_DMA                       build/stm32f1xx_hal_i2c.o
HAL_I2C_Master_Transmit_IT                        build/stm32f1xx_hal_i2c.o
HAL_I2C_MemRxCpltCallback                         build/stm32f1xx_hal_i2c.o
HAL_I2C_MemTxCpltCallback                         build/stm32f1xx_hal_i2c.o
HAL_I2C_Mem_Read                                  build/stm32f1xx_hal_i2c.o
HAL_I2C_Mem_Read_DMA                              build/stm32f1xx_hal_i2c.o
HAL_I2C_Mem_Read_IT                               build/stm32f1xx_hal_i2c.o
HAL_I2C_Mem_Write                                 build/stm32f1xx_hal_i2c.o
HAL_I2C_Mem_Write_DMA                             build/stm32f1xx_hal_i2c.o
HAL_I2C_Mem_Write_IT                              build/stm32f1xx_hal_i2c.o
HAL_I2C_MspDeInit                                 build/stm32f1xx_hal_msp.o
HAL_I2C_MspInit                                   build/stm32f1xx_hal_msp.o
HAL_I2C_SlaveRxCpltCallback                       build/stm32f1xx_hal_i2c.o
HAL_I2C_SlaveTxCpltCallback                       build/stm32f1xx_hal_i2c.o
HAL_I2C_Slave_Receive                             build/stm32f1xx_hal_i2c.o
HAL_I2C_Slave_Receive_DMA                         build/stm32f1xx_hal_i2c.o
HAL_I2C_Slave_Receive_IT                          build/stm32f1xx_hal_i2c.o
HAL_I2C_Slave_Seq_Receive_DMA                     build/stm32f1xx_hal_i2c.o
HAL_I2C_Slave_Seq_Receive_IT                      build/stm32f1xx_hal_i2c.o
HAL_I2C_Slave_Seq_Transmit_DMA                    build/stm32f1xx_hal_i2c.o
HAL_I2C_Slave_Seq_Transmit_IT                     build/stm32f1xx_hal_i2c.o
HAL_I2C_Slave_Transmit                            build/stm32f1xx_hal_i2c.o
HAL_I2C_Slave_Transmit_DMA                        build/stm32f1xx_hal_i2c.o
HAL_I2C_Slave_Transmit_IT                         build/stm32f1xx_hal_i2c.o
HAL_IncTick                                       build/stm32f1xx_hal.o
                                                  build/stm32f1xx_it.o
HAL_Init                                          build/stm32f1xx_hal.o
                                                  build/main.o
HAL_InitTick                                      build/stm32f1xx_hal.o
                                                  build/stm32f1xx_hal_rcc.o
HAL_LIN_Init                                      build/stm32f1xx_hal_uart.o
HAL_LIN_SendBreak                                 build/stm32f1xx_hal_uart.o
HAL_MspDeInit                                     build/stm32f1xx_hal.o
HAL_MspInit                                       build/stm32f1xx_hal_msp.o
HAL_MultiProcessor_EnterMuteMode                  build/stm32f1xx_hal_uart.o
HAL_MultiProcessor_ExitMuteMode                   build/stm32f1xx_hal_uart.o
HAL_MultiProcessor_Init                           build/stm32f1xx_hal_uart.o
HAL_NVIC_ClearPendingIRQ                          build/stm32f1xx_hal_cortex.o
HAL_NVIC_DisableIRQ                               build/stm32f1xx_hal_cortex.o
                                                  build/stm32f1xx_hal_msp.o
HAL_NVIC_EnableIRQ                                build/stm32f1xx_hal_cortex.o
                                                  build/stm32f1xx_hal_msp.o
                                                  build/main.o
HAL_NVIC_GetActive                                build/stm32f1xx_hal_cortex.o
HAL_NVIC_GetPendingIRQ                            build/stm32f1xx_hal_cortex.o
HAL_NVIC_GetPriority                              build/stm32f1xx_hal_cortex.o
HAL_NVIC_GetPriorityGrouping                      build/stm32f1xx_hal_cortex.o
HAL_NVIC_SetPendingIRQ                            build/stm32f1xx_hal_cortex.o
HAL_NVIC_SetPriority                              build/stm32f1xx_hal_cortex.o
                                                  build/stm32f1xx_hal.o
                                                  build/stm32f1xx_hal_msp.o
                                                  build/main.o
HAL_NVIC_SetPriorityGrouping                      build/stm32f1xx_hal_cortex.o
                                                  build/stm32f1xx_hal.o
HAL_NVIC_SystemReset                              build/stm32f1xx_hal_cortex.o
                                                  build/stm32f1xx_hal_flash.o
HAL_PWR_ConfigPVD                                 build/stm32f1xx_hal_pwr.o
HAL_PWR_DeInit                                    build/stm32f1xx_hal_pwr.o
HAL_PWR_DisableBkUpAccess                         build/stm32f1xx_hal_pwr.o
HAL_PWR_DisablePVD                                build/stm32f1xx_hal_pwr.o
HAL_PWR_DisableSEVOnPend                          build/stm32f1xx_hal_pwr.o
HAL_PWR_DisableSleepOnExit                        build/stm32f1xx_hal_pwr.o
HAL_PWR_DisableWakeUpPin                          build/stm32f1xx_hal_pwr.o
HAL_PWR_EnableBkUpAccess                          build/stm32f1xx_hal_pwr.o
HAL_PWR_EnablePVD                                 build/stm32f1xx_hal_pwr.o
HAL_PWR_EnableSEVOnPend                           build/stm32f1xx_hal_pwr.o
HAL_PWR_EnableSleepOnExit                         build/stm32f1xx_hal_pwr.o
HAL_PWR_EnableWakeUpPin                           build/stm32f1xx_hal_pwr.o
HAL_PWR_EnterSLEEPMode                            build/stm32f1xx_hal_pwr.o
HAL_PWR_EnterSTANDBYMode                          build/stm32f1xx_hal_pwr.o
HAL_PWR_EnterSTOPMode                             build/stm32f1xx_hal_pwr.o
HAL_PWR_PVDCallback                               build/stm32f1xx_hal_pwr.o
HAL_PWR_PVD_IRQHandler                            build/stm32f1xx_hal_pwr.o
HAL_RCCEx_GetPeriphCLKConfig                      build/stm32f1xx_hal_rcc_ex.o
HAL_RCCEx_GetPeriphCLKFreq                        build/stm32f1xx_hal_rcc_ex.o
                                                  build/stm32f1xx_hal_adc_ex.o
                                                  build/stm32f1xx_hal_adc.o
HAL_RCCEx_PeriphCLKConfig                         build/stm32f1xx_hal_rcc_ex.o
                                                  build/main.o
HAL_RCC_CSSCallback                               build/stm32f1xx_hal_rcc.o
HAL_RCC_ClockConfig                               build/stm32f1xx_hal_rcc.o
                                                  build/main.o
HAL_RCC_DeInit                                    build/stm32f1xx_hal_rcc.o
HAL_RCC_DisableCSS                                build/stm32f1xx_hal_rcc.o
HAL_RCC_EnableCSS                                 build/stm32f1xx_hal_rcc.o
HAL_RCC_GetClockConfig                            build/stm32f1xx_hal_rcc.o
HAL_RCC_GetHCLKFreq                               build/stm32f1xx_hal_rcc.o
HAL_RCC_GetOscConfig                              build/stm32f1xx_hal_rcc.o
HAL_RCC_GetPCLK1Freq                              build/stm32f1xx_hal_rcc.o
                                                  build/stm32f1xx_hal_uart.o
                                                  build/stm32f1xx_hal_i2c.o
HAL_RCC_GetPCLK2Freq                              build/stm32f1xx_hal_rcc.o
                                                  build/stm32f1xx_hal_uart.o
                                                  build/stm32f1xx_hal_rcc_ex.o
HAL_RCC_GetSysClockFreq                           build/stm32f1xx_hal_rcc.o
HAL_RCC_MCOConfig                                 build/stm32f1xx_hal_rcc.o
HAL_RCC_NMI_IRQHandler                            build/stm32f1xx_hal_rcc.o
HAL_RCC_OscConfig                                 build/stm32f1xx_hal_rcc.o
                                                  build/main.o
HAL_ResumeTick                                    build/stm32f1xx_hal.o
HAL_SPI_Abort                                     build/stm32f1xx_hal_spi.o
HAL_SPI_AbortCpltCallback                         build/stm32f1xx_hal_spi.o
HAL_SPI_Abort_IT                                  build/stm32f1xx_hal_spi.o
HAL_SPI_DMAPause                                  build/stm32f1xx_hal_spi.o
HAL_SPI_DMAResume                                 build/stm32f1xx_hal_spi.o
HAL_SPI_DMAStop                                   build/stm32f1xx_hal_spi.o
HAL_SPI_DeInit                                    build/stm32f1xx_hal_spi.o
HAL_SPI_ErrorCallback                             build/stm32f1xx_hal_spi.o
HAL_SPI_GetError                                  build/stm32f1xx_hal_spi.o
HAL_SPI_GetState                                  build/stm32f1xx_hal_spi.o
HAL_SPI_IRQHandler                                build/stm32f1xx_hal_spi.o
                                                  build/stm32f1xx_it.o
HAL_SPI_Init                                      build/stm32f1xx_hal_spi.o
                                                  build/main.o
HAL_SPI_MspDeInit                                 build/stm32f1xx_hal_msp.o
HAL_SPI_MspInit                                   build/stm32f1xx_hal_msp.o
HAL_SPI_Receive                                   build/stm32f1xx_hal_spi.o
                                                  build/NRF24.o
HAL_SPI_Receive_DMA                               build/stm32f1xx_hal_spi.o
HAL_SPI_Receive_IT                                build/stm32f1xx_hal_spi.o
HAL_SPI_RegisterCallback                          build/stm32f1xx_hal_spi.o
HAL_SPI_RxCpltCallback                            build/stm32f1xx_hal_spi.o
HAL_SPI_RxHalfCpltCallback                        build/stm32f1xx_hal_spi.o
HAL_SPI_Transmit                                  build/stm32f1xx_hal_spi.o
                                                  build/NRF24.o
HAL_SPI_TransmitReceive                           build/stm32f1xx_hal_spi.o
                                                  build/NRF24.o
HAL_SPI_TransmitReceive_DMA                       build/stm32f1xx_hal_spi.o
HAL_SPI_TransmitReceive_IT                        build/stm32f1xx_hal_spi.o
HAL_SPI_Transmit_DMA                              build/stm32f1xx_hal_spi.o
HAL_SPI_Transmit_IT                               build/stm32f1xx_hal_spi.o
HAL_SPI_TxCpltCallback                            build/stm32f1xx_hal_spi.o
HAL_SPI_TxHalfCpltCallback                        build/stm32f1xx_hal_spi.o
HAL_SPI_TxRxCpltCallback                          build/stm32f1xx_hal_spi.o
HAL_SPI_TxRxHalfCpltCallback                      build/stm32f1xx_hal_spi.o
HAL_SPI_UnRegisterCallback                        build/stm32f1xx_hal_spi.o
HAL_SYSTICK_CLKSourceConfig                       build/stm32f1xx_hal_cortex.o
HAL_SYSTICK_Callback                              build/stm32f1xx_hal_cortex.o
HAL_SYSTICK_Config                                build/stm32f1xx_hal_cortex.o
                                                  build/stm32f1xx_hal.o
HAL_SYSTICK_IRQHandler                            build/stm32f1xx_hal_cortex.o
HAL_SetTickFreq                                   build/stm32f1xx_hal.o
HAL_SuspendTick                                   build/stm32f1xx_hal.o
HAL_UARTEx_GetRxEventType                         build/stm32f1xx_hal_uart.o
HAL_UARTEx_ReceiveToIdle                          build/stm32f1xx_hal_uart.o
HAL_UARTEx_ReceiveToIdle_DMA                      build/stm32f1xx_hal_uart.o
HAL_UARTEx_ReceiveToIdle_IT                       build/stm32f1xx_hal_uart.o
HAL_UARTEx_RxEventCallback                        build/stm32f1xx_hal_uart.o
HAL_UART_Abort                                    build/stm32f1xx_hal_uart.o
HAL_UART_AbortCpltCallback                        build/stm32f1xx_hal_uart.o
HAL_UART_AbortReceive                             build/stm32f1xx_hal_uart.o
HAL_UART_AbortReceiveCpltCallback                 build/stm32f1xx_hal_uart.o
HAL_UART_AbortReceive_IT                          build/stm32f1xx_hal_uart.o
HAL_UART_AbortTransmit                            build/stm32f1xx_hal_uart.o
HAL_UART_AbortTransmitCpltCallback                build/stm32f1xx_hal_uart.o
HAL_UART_AbortTransmit_IT                         build/stm32f1xx_hal_uart.o
HAL_UART_Abort_IT                                 build/stm32f1xx_hal_uart.o
HAL_UART_DMAPause                                 build/stm32f1xx_hal_uart.o
HAL_UART_DMAResume                                build/stm32f1xx_hal_uart.o
HAL_UART_DMAStop                                  build/stm32f1xx_hal_uart.o
HAL_UART_DeInit                                   build/stm32f1xx_hal_uart.o
HAL_UART_ErrorCallback                            build/main.o
HAL_UART_GetError                                 build/stm32f1xx_hal_uart.o
HAL_UART_GetState                                 build/stm32f1xx_hal_uart.o
HAL_UART_IRQHandler                               build/stm32f1xx_hal_uart.o
                                                  build/stm32f1xx_it.o
HAL_UART_Init                                     build/stm32f1xx_hal_uart.o
                                                  build/main.o
HAL_UART_MspDeInit                                build/stm32f1xx_hal_msp.o
HAL_UART_MspInit                                  build/stm32f1xx_hal_msp.o
HAL_UART_Receive                                  build/stm32f1xx_hal_uart.o
HAL_UART_Receive_DMA                              build/stm32f1xx_hal_uart.o
HAL_UART_Receive_IT                               build/stm32f1xx_hal_uart.o
                                                  build/main.o
HAL_UART_RegisterCallback                         build/stm32f1xx_hal_uart.o
HAL_UART_RegisterRxEventCallback                  build/stm32f1xx_hal_uart.o
HAL_UART_RxCpltCallback                           build/main.o
HAL_UART_RxHalfCpltCallback                       build/stm32f1xx_hal_uart.o
HAL_UART_Transmit                                 build/stm32f1xx_hal_uart.o
HAL_UART_Transmit_DMA                             build/stm32f1xx_hal_uart.o
HAL_UART_Transmit_IT                              build/stm32f1xx_hal_uart.o
HAL_UART_TxCpltCallback                           build/stm32f1xx_hal_uart.o
HAL_UART_TxHalfCpltCallback                       build/stm32f1xx_hal_uart.o
HAL_UART_UnRegisterCallback                       build/stm32f1xx_hal_uart.o
HAL_UART_UnRegisterRxEventCallback                build/stm32f1xx_hal_uart.o
HardFault_Handler                                 build/stm32f1xx_it.o
I2C1_ER_IRQHandler                                build/startup_stm32f103xb.o
I2C1_EV_IRQHandler                                build/startup_stm32f103xb.o
I2C2_ER_IRQHandler                                build/startup_stm32f103xb.o
I2C2_EV_IRQHandler                                build/startup_stm32f103xb.o
MAX_ROBOT_NUMBER                                  build/nrf24_comm.o
MemManage_Handler                                 build/stm32f1xx_it.o
NMI_Handler                                       build/stm32f1xx_it.o
NRF24_Comm_CanLocalControlWrite                   build/nrf24_comm.o
                                                  build/main.o
NRF24_Comm_GetPhysicalVelocity                    build/nrf24_comm.o
NRF24_Comm_GetStatus                              build/nrf24_comm.o
NRF24_Comm_GetTxBuffer                            build/nrf24_comm.o
NRF24_Comm_IRQ_Handler                            build/nrf24_comm.o
                                                  build/main.o
NRF24_Comm_Init                                   build/nrf24_comm.o
                                                  build/main.o
NRF24_Comm_StatusFeedback                         build/nrf24_comm.o
                                                  build/main.o
NRF24_Comm_Transmit                               build/nrf24_comm.o
                                                  build/main.o
NRF24_Comm_UpdateFromUART                         build/nrf24_comm.o
                                                  build/main.o
NRF24_Comm_UpdateRobotID                          build/nrf24_comm.o
                                                  build/main.o
NRF24_Comm_UpdateTxBuffer                         build/nrf24_comm.o
PVD_IRQHandler                                    build/startup_stm32f103xb.o
PendSV_Handler                                    build/stm32f1xx_it.o
RCC_IRQHandler                                    build/startup_stm32f103xb.o
RTC_Alarm_IRQHandler                              build/startup_stm32f103xb.o
RTC_IRQHandler                                    build/startup_stm32f103xb.o
Reset_Handler                                     build/startup_stm32f103xb.o
SPI1_IRQHandler                                   build/startup_stm32f103xb.o
SPI2_IRQHandler                                   build/stm32f1xx_it.o
SVC_Handler                                       build/stm32f1xx_it.o
SysTick_Handler                                   build/stm32f1xx_it.o
SystemClock_Config                                build/main.o
SystemCoreClock                                   build/system_stm32f1xx.o
                                                  build/stm32f1xx_hal_spi.o
                                                  build/stm32f1xx_hal_i2c.o
                                                  build/stm32f1xx_hal_rcc.o
                                                  build/stm32f1xx_hal.o
                                                  build/stm32f1xx_hal_adc_ex.o
                                                  build/stm32f1xx_hal_adc.o
SystemCoreClockUpdate                             build/system_stm32f1xx.o
SystemInit                                        build/system_stm32f1xx.o
                                                  build/startup_stm32f103xb.o
TAMPER_IRQHandler                                 build/startup_stm32f103xb.o
TIM1_BRK_IRQHandler                               build/startup_stm32f103xb.o
TIM1_CC_IRQHandler                                build/startup_stm32f103xb.o
TIM1_TRG_COM_IRQHandler                           build/startup_stm32f103xb.o
TIM1_UP_IRQHandler                                build/startup_stm32f103xb.o
TIM2_IRQHandler                                   build/startup_stm32f103xb.o
TIM3_IRQHandler                                   build/startup_stm32f103xb.o
TIM4_IRQHandler                                   build/startup_stm32f103xb.o
UART_InitCallbacksToDefault                       build/stm32f1xx_hal_uart.o
UART_Start_Receive_DMA                            build/stm32f1xx_hal_uart.o
UART_Start_Receive_IT                             build/stm32f1xx_hal_uart.o
USART1_IRQHandler                                 build/stm32f1xx_it.o
USART2_IRQHandler                                 build/startup_stm32f103xb.o
USART3_IRQHandler                                 build/startup_stm32f103xb.o
USBWakeUp_IRQHandler                              build/startup_stm32f103xb.o
USB_HP_CAN1_TX_IRQHandler                         build/startup_stm32f103xb.o
USB_LP_CAN1_RX0_IRQHandler                        build/startup_stm32f103xb.o
UsageFault_Handler                                build/stm32f1xx_it.o
WWDG_IRQHandler                                   build/startup_stm32f103xb.o
_ITM_deregisterTMCloneTable                       C:/Program Files (x86)/Arm GNU Toolchain arm-none-eabi/14.2 rel1/bin/../lib/gcc/arm-none-eabi/14.2.1/thumb/v7-m/nofp/crtbegin.o
_ITM_registerTMCloneTable                         C:/Program Files (x86)/Arm GNU Toolchain arm-none-eabi/14.2 rel1/bin/../lib/gcc/arm-none-eabi/14.2.1/thumb/v7-m/nofp/crtbegin.o
_Min_Stack_Size                                   build/sysmem.o
__TMC_END__                                       C:/Program Files (x86)/Arm GNU Toolchain arm-none-eabi/14.2 rel1/bin/../lib/gcc/arm-none-eabi/14.2.1/thumb/v7-m/nofp/crtend.o
                                                  C:/Program Files (x86)/Arm GNU Toolchain arm-none-eabi/14.2 rel1/bin/../lib/gcc/arm-none-eabi/14.2.1/thumb/v7-m/nofp/crtbegin.o
__addsf3                                          C:/Program Files (x86)/Arm GNU Toolchain arm-none-eabi/14.2 rel1/bin/../lib/gcc/arm-none-eabi/14.2.1/thumb/v7-m/nofp\libgcc.a(_arm_addsubsf3.o)
__aeabi_cfcmpeq                                   C:/Program Files (x86)/Arm GNU Toolchain arm-none-eabi/14.2 rel1/bin/../lib/gcc/arm-none-eabi/14.2.1/thumb/v7-m/nofp\libgcc.a(_arm_cmpsf2.o)
__aeabi_cfcmple                                   C:/Program Files (x86)/Arm GNU Toolchain arm-none-eabi/14.2 rel1/bin/../lib/gcc/arm-none-eabi/14.2.1/thumb/v7-m/nofp\libgcc.a(_arm_cmpsf2.o)
__aeabi_cfrcmple                                  C:/Program Files (x86)/Arm GNU Toolchain arm-none-eabi/14.2 rel1/bin/../lib/gcc/arm-none-eabi/14.2.1/thumb/v7-m/nofp\libgcc.a(_arm_cmpsf2.o)
__aeabi_f2iz                                      C:/Program Files (x86)/Arm GNU Toolchain arm-none-eabi/14.2 rel1/bin/../lib/gcc/arm-none-eabi/14.2.1/thumb/v7-m/nofp\libgcc.a(_arm_fixsfsi.o)
                                                  build/main.o
__aeabi_f2uiz                                     C:/Program Files (x86)/Arm GNU Toolchain arm-none-eabi/14.2 rel1/bin/../lib/gcc/arm-none-eabi/14.2.1/thumb/v7-m/nofp\libgcc.a(_arm_fixunssfsi.o)
                                                  build/main.o
__aeabi_fadd                                      C:/Program Files (x86)/Arm GNU Toolchain arm-none-eabi/14.2 rel1/bin/../lib/gcc/arm-none-eabi/14.2.1/thumb/v7-m/nofp\libgcc.a(_arm_addsubsf3.o)
                                                  build/main.o
__aeabi_fcmpeq                                    C:/Program Files (x86)/Arm GNU Toolchain arm-none-eabi/14.2 rel1/bin/../lib/gcc/arm-none-eabi/14.2.1/thumb/v7-m/nofp\libgcc.a(_arm_cmpsf2.o)
__aeabi_fcmpge                                    C:/Program Files (x86)/Arm GNU Toolchain arm-none-eabi/14.2 rel1/bin/../lib/gcc/arm-none-eabi/14.2.1/thumb/v7-m/nofp\libgcc.a(_arm_cmpsf2.o)
__aeabi_fcmpgt                                    C:/Program Files (x86)/Arm GNU Toolchain arm-none-eabi/14.2 rel1/bin/../lib/gcc/arm-none-eabi/14.2.1/thumb/v7-m/nofp\libgcc.a(_arm_cmpsf2.o)
                                                  build/nrf24_comm.o
                                                  build/main.o
__aeabi_fcmple                                    C:/Program Files (x86)/Arm GNU Toolchain arm-none-eabi/14.2 rel1/bin/../lib/gcc/arm-none-eabi/14.2.1/thumb/v7-m/nofp\libgcc.a(_arm_cmpsf2.o)
__aeabi_fcmplt                                    C:/Program Files (x86)/Arm GNU Toolchain arm-none-eabi/14.2 rel1/bin/../lib/gcc/arm-none-eabi/14.2.1/thumb/v7-m/nofp\libgcc.a(_arm_cmpsf2.o)
                                                  build/nrf24_comm.o
                                                  build/main.o
__aeabi_fdiv                                      C:/Program Files (x86)/Arm GNU Toolchain arm-none-eabi/14.2 rel1/bin/../lib/gcc/arm-none-eabi/14.2.1/thumb/v7-m/nofp\libgcc.a(_arm_muldivsf3.o)
                                                  build/nrf24_comm.o
                                                  build/main.o
__aeabi_fmul                                      C:/Program Files (x86)/Arm GNU Toolchain arm-none-eabi/14.2 rel1/bin/../lib/gcc/arm-none-eabi/14.2.1/thumb/v7-m/nofp\libgcc.a(_arm_muldivsf3.o)
                                                  C:/Program Files (x86)/Arm GNU Toolchain arm-none-eabi/14.2 rel1/bin/../lib/gcc/arm-none-eabi/14.2.1/thumb/v7-m/nofp\libgcc.a(_arm_mulsf3.o)
                                                  build/nrf24_comm.o
                                                  build/main.o
__aeabi_frsub                                     C:/Program Files (x86)/Arm GNU Toolchain arm-none-eabi/14.2 rel1/bin/../lib/gcc/arm-none-eabi/14.2.1/thumb/v7-m/nofp\libgcc.a(_arm_addsubsf3.o)
__aeabi_fsub                                      C:/Program Files (x86)/Arm GNU Toolchain arm-none-eabi/14.2 rel1/bin/../lib/gcc/arm-none-eabi/14.2.1/thumb/v7-m/nofp\libgcc.a(_arm_addsubsf3.o)
                                                  build/main.o
__aeabi_i2f                                       C:/Program Files (x86)/Arm GNU Toolchain arm-none-eabi/14.2 rel1/bin/../lib/gcc/arm-none-eabi/14.2.1/thumb/v7-m/nofp\libgcc.a(_arm_addsubsf3.o)
                                                  build/nrf24_comm.o
                                                  build/main.o
__aeabi_l2f                                       C:/Program Files (x86)/Arm GNU Toolchain arm-none-eabi/14.2 rel1/bin/../lib/gcc/arm-none-eabi/14.2.1/thumb/v7-m/nofp\libgcc.a(_arm_addsubsf3.o)
__aeabi_ui2f                                      C:/Program Files (x86)/Arm GNU Toolchain arm-none-eabi/14.2 rel1/bin/../lib/gcc/arm-none-eabi/14.2.1/thumb/v7-m/nofp\libgcc.a(_arm_addsubsf3.o)
                                                  build/main.o
__aeabi_ul2f                                      C:/Program Files (x86)/Arm GNU Toolchain arm-none-eabi/14.2 rel1/bin/../lib/gcc/arm-none-eabi/14.2.1/thumb/v7-m/nofp\libgcc.a(_arm_addsubsf3.o)
__bss_end__                                       C:/Program Files (x86)/Arm GNU Toolchain arm-none-eabi/14.2 rel1/bin/../lib/gcc/arm-none-eabi/14.2.1/thumb/v7-m/nofp/crt0.o
__bss_start__                                     C:/Program Files (x86)/Arm GNU Toolchain arm-none-eabi/14.2 rel1/bin/../lib/gcc/arm-none-eabi/14.2.1/thumb/v7-m/nofp/crt0.o
__call_exitprocs                                  C:/Program Files (x86)/Arm GNU Toolchain arm-none-eabi/14.2 rel1/bin/../lib/gcc/arm-none-eabi/14.2.1/thumb/v7-m/nofp\libc_nano.a(libc_a-exit.o)
__cmpsf2                                          C:/Program Files (x86)/Arm GNU Toolchain arm-none-eabi/14.2 rel1/bin/../lib/gcc/arm-none-eabi/14.2.1/thumb/v7-m/nofp\libgcc.a(_arm_cmpsf2.o)