Archive member included to satisfy reference by file (symbol)

c:/msys64/mingw64/bin/../lib/gcc/arm-none-eabi/12.2.0/../../../../arm-none-eabi/lib/thumb/v7-m/nofp\libc_nano.a(libc_a-atexit.o)
                              c:/msys64/mingw64/bin/../lib/gcc/arm-none-eabi/12.2.0/../../../../arm-none-eabi/lib/thumb/v7-m/nofp/crt0.o (atexit)
c:/msys64/mingw64/bin/../lib/gcc/arm-none-eabi/12.2.0/../../../../arm-none-eabi/lib/thumb/v7-m/nofp\libc_nano.a(libc_a-exit.o)
                              c:/msys64/mingw64/bin/../lib/gcc/arm-none-eabi/12.2.0/../../../../arm-none-eabi/lib/thumb/v7-m/nofp/crt0.o (exit)
c:/msys64/mingw64/bin/../lib/gcc/arm-none-eabi/12.2.0/../../../../arm-none-eabi/lib/thumb/v7-m/nofp\libc_nano.a(libc_a-findfp.o)
                              c:/msys64/mingw64/bin/../lib/gcc/arm-none-eabi/12.2.0/../../../../arm-none-eabi/lib/thumb/v7-m/nofp\libc_nano.a(libc_a-exit.o) (__stdio_exit_handler)
c:/msys64/mingw64/bin/../lib/gcc/arm-none-eabi/12.2.0/../../../../arm-none-eabi/lib/thumb/v7-m/nofp\libc_nano.a(libc_a-fwalk.o)
                              c:/msys64/mingw64/bin/../lib/gcc/arm-none-eabi/12.2.0/../../../../arm-none-eabi/lib/thumb/v7-m/nofp\libc_nano.a(libc_a-findfp.o) (_fwalk_sglue)
c:/msys64/mingw64/bin/../lib/gcc/arm-none-eabi/12.2.0/../../../../arm-none-eabi/lib/thumb/v7-m/nofp\libc_nano.a(libc_a-stdio.o)
                              c:/msys64/mingw64/bin/../lib/gcc/arm-none-eabi/12.2.0/../../../../arm-none-eabi/lib/thumb/v7-m/nofp\libc_nano.a(libc_a-findfp.o) (__sread)
c:/msys64/mingw64/bin/../lib/gcc/arm-none-eabi/12.2.0/../../../../arm-none-eabi/lib/thumb/v7-m/nofp\libc_nano.a(libc_a-memset.o)
                              c:/msys64/mingw64/bin/../lib/gcc/arm-none-eabi/12.2.0/../../../../arm-none-eabi/lib/thumb/v7-m/nofp/crt0.o (memset)
c:/msys64/mingw64/bin/../lib/gcc/arm-none-eabi/12.2.0/../../../../arm-none-eabi/lib/thumb/v7-m/nofp\libc_nano.a(libc_a-closer.o)
                              c:/msys64/mingw64/bin/../lib/gcc/arm-none-eabi/12.2.0/../../../../arm-none-eabi/lib/thumb/v7-m/nofp\libc_nano.a(libc_a-stdio.o) (_close_r)
c:/msys64/mingw64/bin/../lib/gcc/arm-none-eabi/12.2.0/../../../../arm-none-eabi/lib/thumb/v7-m/nofp\libc_nano.a(libc_a-reent.o)
                              c:/msys64/mingw64/bin/../lib/gcc/arm-none-eabi/12.2.0/../../../../arm-none-eabi/lib/thumb/v7-m/nofp\libc_nano.a(libc_a-closer.o) (errno)
c:/msys64/mingw64/bin/../lib/gcc/arm-none-eabi/12.2.0/../../../../arm-none-eabi/lib/thumb/v7-m/nofp\libc_nano.a(libc_a-impure.o)
                              c:/msys64/mingw64/bin/../lib/gcc/arm-none-eabi/12.2.0/../../../../arm-none-eabi/lib/thumb/v7-m/nofp\libc_nano.a(libc_a-reent.o) (_impure_ptr)
c:/msys64/mingw64/bin/../lib/gcc/arm-none-eabi/12.2.0/../../../../arm-none-eabi/lib/thumb/v7-m/nofp\libc_nano.a(libc_a-lseekr.o)
                              c:/msys64/mingw64/bin/../lib/gcc/arm-none-eabi/12.2.0/../../../../arm-none-eabi/lib/thumb/v7-m/nofp\libc_nano.a(libc_a-stdio.o) (_lseek_r)
c:/msys64/mingw64/bin/../lib/gcc/arm-none-eabi/12.2.0/../../../../arm-none-eabi/lib/thumb/v7-m/nofp\libc_nano.a(libc_a-readr.o)
                              c:/msys64/mingw64/bin/../lib/gcc/arm-none-eabi/12.2.0/../../../../arm-none-eabi/lib/thumb/v7-m/nofp\libc_nano.a(libc_a-stdio.o) (_read_r)
c:/msys64/mingw64/bin/../lib/gcc/arm-none-eabi/12.2.0/../../../../arm-none-eabi/lib/thumb/v7-m/nofp\libc_nano.a(libc_a-writer.o)
                              c:/msys64/mingw64/bin/../lib/gcc/arm-none-eabi/12.2.0/../../../../arm-none-eabi/lib/thumb/v7-m/nofp\libc_nano.a(libc_a-stdio.o) (_write_r)
c:/msys64/mingw64/bin/../lib/gcc/arm-none-eabi/12.2.0/../../../../arm-none-eabi/lib/thumb/v7-m/nofp\libc_nano.a(libc_a-errno.o)
                              build/sysmem.o (__errno)
c:/msys64/mingw64/bin/../lib/gcc/arm-none-eabi/12.2.0/../../../../arm-none-eabi/lib/thumb/v7-m/nofp\libc_nano.a(libc_a-init.o)
                              c:/msys64/mingw64/bin/../lib/gcc/arm-none-eabi/12.2.0/../../../../arm-none-eabi/lib/thumb/v7-m/nofp/crt0.o (__libc_init_array)
c:/msys64/mingw64/bin/../lib/gcc/arm-none-eabi/12.2.0/../../../../arm-none-eabi/lib/thumb/v7-m/nofp\libc_nano.a(libc_a-fini.o)
                              c:/msys64/mingw64/bin/../lib/gcc/arm-none-eabi/12.2.0/../../../../arm-none-eabi/lib/thumb/v7-m/nofp/crt0.o (__libc_fini_array)
c:/msys64/mingw64/bin/../lib/gcc/arm-none-eabi/12.2.0/../../../../arm-none-eabi/lib/thumb/v7-m/nofp\libc_nano.a(libc_a-lock.o)
                              c:/msys64/mingw64/bin/../lib/gcc/arm-none-eabi/12.2.0/../../../../arm-none-eabi/lib/thumb/v7-m/nofp\libc_nano.a(libc_a-findfp.o) (__retarget_lock_init_recursive)
c:/msys64/mingw64/bin/../lib/gcc/arm-none-eabi/12.2.0/../../../../arm-none-eabi/lib/thumb/v7-m/nofp\libc_nano.a(libc_a-__atexit.o)
                              c:/msys64/mingw64/bin/../lib/gcc/arm-none-eabi/12.2.0/../../../../arm-none-eabi/lib/thumb/v7-m/nofp\libc_nano.a(libc_a-atexit.o) (__register_exitproc)
[...]
Memory Configuration

Name             Origin             Length             Attributes
RAM              0x20000000         0x00005000         xrw
FLASH            0x08000000         0x00010000         xr
*default*        0x00000000         0xffffffff

Linker script and memory map

LOAD c:/msys64/mingw64/bin/../lib/gcc/arm-none-eabi/12.2.0/thumb/v7-m/nofp/crti.o
LOAD c:/msys64/mingw64/bin/../lib/gcc/arm-none-eabi/12.2.0/thumb/v7-m/nofp/crtbegin.o
LOAD c:/msys64/mingw64/bin/../lib/gcc/arm-none-eabi/12.2.0/../../../../arm-none-eabi/lib/thumb/v7-m/nofp/crt0.o
LOAD build/main.o
LOAD build/stm32f1xx_it.o
LOAD build/stm32f1xx_hal_msp.o
LOAD build/stm32f1xx_hal_gpio_ex.o
LOAD build/stm32f1xx_hal_adc.o
LOAD build/stm32f1xx_hal_adc_ex.o
LOAD build/stm32f1xx_hal.o
LOAD build/stm32f1xx_hal_rcc.o
LOAD build/stm32f1xx_hal_rcc_ex.o
LOAD build/stm32f1xx_hal_gpio.o
LOAD build/stm32f1xx_hal_dma.o
LOAD build/stm32f1xx_hal_cortex.o
LOAD build/stm32f1xx_hal_pwr.o
LOAD build/stm32f1xx_hal_flash.o
LOAD build/stm32f1xx_hal_flash_ex.o
LOAD build/stm32f1xx_hal_exti.o
LOAD build/stm32f1xx_hal_i2c.o
LOAD build/stm32f1xx_hal_spi.o
LOAD build/stm32f1xx_hal_uart.o
LOAD build/system_stm32f1xx.o
LOAD build/sysmem.o
LOAD build/syscalls.o
LOAD build/NRF24.o
LOAD build/nrf24_comm.o
LOAD build/startup_stm32f103xb.o
LOAD c:/msys64/mingw64/bin/../lib/gcc/arm-none-eabi/12.2.0/../../../../arm-none-eabi/lib/thumb/v7-m/nofp\libc_nano.a
LOAD c:/msys64/mingw64/bin/../lib/gcc/arm-none-eabi/12.2.0/../../../../arm-none-eabi/lib/thumb/v7-m/nofp\libm.a
LOAD c:/msys64/mingw64/bin/../lib/gcc/arm-none-eabi/12.2.0/../../../../arm-none-eabi/lib/thumb/v7-m/nofp\libnosys.a
START GROUP
LOAD c:/msys64/mingw64/bin/../lib/gcc/arm-none-eabi/12.2.0/thumb/v7-m/nofp\libgcc.a
LOAD c:/msys64/mingw64/bin/../lib/gcc/arm-none-eabi/12.2.0/../../../../arm-none-eabi/lib/thumb/v7-m/nofp\libc_nano.a
END GROUP
START GROUP
LOAD c:/msys64/mingw64/bin/../lib/gcc/arm-none-eabi/12.2.0/thumb/v7-m/nofp\libgcc.a
LOAD c:/msys64/mingw64/bin/../lib/gcc/arm-none-eabi/12.2.0/../../../../arm-none-eabi/lib/thumb/v7-m/nofp\libc_nano.a
END GROUP
LOAD c:/msys64/mingw64/bin/../lib/gcc/arm-none-eabi/12.2.0/thumb/v7-m/nofp/crtend.o
LOAD c:/msys64/mingw64/bin/../lib/gcc/arm-none-eabi/12.2.0/thumb/v7-m/nofp/crtn.o
                0x20005000                        _estack = (ORIGIN (RAM) + LENGTH (RAM))
                0x00000200                        _Min_Heap_Size = 0x200
                0x00000400                        _Min_Stack_Size = 0x400

.isr_vector     0x08000000      0x10c
                0x08000000                        . = ALIGN (0x4)
 *(.isr_vector)
 .isr_vector    0x08000000      0x10c build/startup_stm32f103xb.o
                0x08000000                g_pfnVectors
                0x0800010c                        . = ALIGN (0x4)

.text           0x0800010c     0x43d8
                0x0800010c                        . = ALIGN (0x4)
 *(.text)
 .text          0x0800010c       0xa0 c:/msys64/mingw64/bin/../lib/gcc/arm-none-eabi/12.2.0/../../../../arm-none-eabi/lib/thumb/v7-m/nofp\libc_nano.a(libc_a-memset.o)
                0x0800010c                memset
 .text          0x080001ac       0x50 c:/msys64/mingw64/bin/../lib/gcc/arm-none-eabi/12.2.0/../../../../arm-none-eabi/lib/thumb/v7-m/nofp\libc_nano.a(libc_a-init.o)
                0x080001ac                __libc_init_array
 .text          0x080001fc      0x21c c:/msys64/mingw64/bin/../lib/gcc/arm-none-eabi/12.2.0/thumb/v7-m/nofp\libgcc.a(_arm_addsubsf3.o)
                0x080001fc                __aeabi_frsub
                0x08000204                __subsf3
                0x08000204                __aeabi_fsub
                0x08000208                __aeabi_fadd
                0x08000208                __addsf3
                0x08000368                __aeabi_ui2f
                0x08000368                __floatunsisf
                0x08000370                __aeabi_i2f
                0x08000370                __floatsisf
                0x0800038c                __aeabi_ul2f
                0x0800038c                __floatundisf
                0x0800039c                __aeabi_l2f
                0x0800039c                __floatdisf
 .text          0x08000418      0x2a0 c:/msys64/mingw64/bin/../lib/gcc/arm-none-eabi/12.2.0/thumb/v7-m/nofp\libgcc.a(_arm_muldivsf3.o)
                0x08000418                __mulsf3
                0x08000418                __aeabi_fmul
                0x08000580                __aeabi_fdiv
                0x08000580                __divsf3
 .text          0x080006b8       0xec c:/msys64/mingw64/bin/../lib/gcc/arm-none-eabi/12.2.0/thumb/v7-m/nofp\libgcc.a(_arm_cmpsf2.o)
                0x080006b8                __gesf2
                0x080006b8                __gtsf2
                0x080006c0                __lesf2
                0x080006c0                __ltsf2
                0x080006c8                __nesf2
                0x080006c8                __eqsf2
                0x080006c8                __cmpsf2
                0x08000728                __aeabi_cfrcmple
                0x08000730                __aeabi_cfcmpeq
                0x08000730                __aeabi_cfcmple
                0x08000740                __aeabi_fcmpeq
                0x08000754                __aeabi_fcmplt
                0x08000768                __aeabi_fcmple
                0x0800077c                __aeabi_fcmpge
                0x08000790                __aeabi_fcmpgt
 .text          0x080007a4       0x4c c:/msys64/mingw64/bin/../lib/gcc/arm-none-eabi/12.2.0/thumb/v7-m/nofp\libgcc.a(_arm_fixsfsi.o)
                0x080007a4                __aeabi_f2iz
                0x080007a4                __fixsfsi
 .text          0x080007f0       0x40 c:/msys64/mingw64/bin/../lib/gcc/arm-none-eabi/12.2.0/thumb/v7-m/nofp\libgcc.a(_arm_fixunssfsi.o)
                0x080007f0                __fixunssfsi
                0x080007f0                __aeabi_f2uiz
 *(.text*)
 .text.__do_global_dtors_aux
                0x08000830       0x24 c:/msys64/mingw64/bin/../lib/gcc/arm-none-eabi/12.2.0/thumb/v7-m/nofp/crtbegin.o
 .text.frame_dummy
                0x08000854       0x1c c:/msys64/mingw64/bin/../lib/gcc/arm-none-eabi/12.2.0/thumb/v7-m/nofp/crtbegin.o
 .text.update_beep
                0x08000870       0x34 build/main.o
 .text.start_beep
                0x080008a4       0x28 build/main.o
 .text.MX_GPIO_Init
                0x080008cc      0x180 build/main.o
 .text.MX_DMA_Init
                0x08000a4c       0x34 build/main.o
 .text.remap_adc_value
                0x08000a80       0xae build/main.o
                0x08000a80                remap_adc_value
 *fill*         0x08000b2e        0x2 
 .text.filter_adc_values
                0x08000b30       0x88 build/main.o
                0x08000b30                filter_adc_values
 .text.buzzer_beep
                0x08000bb8       0x2c build/main.o
                0x08000bb8                buzzer_beep
 .text.double_beep
                0x08000be4       0x16 build/main.o
                0x08000be4                double_beep
 .text.HAL_ADC_ConvCpltCallback
                0x08000bfa        0x2 build/main.o
                0x08000bfa                HAL_ADC_ConvCpltCallback
 .text.HAL_GPIO_EXTI_Callback
                0x08000bfc       0xd4 build/main.o
                0x08000bfc                HAL_GPIO_EXTI_Callback
 .text.HAL_UART_RxCpltCallback
                0x08000cd0       0x2c build/main.o
                0x08000cd0                HAL_UART_RxCpltCallback
 .text.HAL_UART_ErrorCallback
                0x08000cfc       0x30 build/main.o
                0x08000cfc                HAL_UART_ErrorCallback
 .text.Error_Handler
                0x08000d2c        0x4 build/main.o
                0x08000d2c                Error_Handler
 .text.MX_ADC1_Init
                0x08000d30       0xa0 build/main.o
 .text.MX_USART1_UART_Init
                0x08000dd0       0x40 build/main.o
 .text.MX_I2C1_Init
                0x08000e10       0x38 build/main.o
 .text.MX_SPI2_Init
                0x08000e48       0x40 build/main.o
 .text.SystemClock_Config
                0x08000e88       0x82 build/main.o
                0x08000e88                SystemClock_Config
 *fill*         0x08000f0a        0x2 
 .text.main     0x08000f0c      0x1c4 build/main.o
                0x08000f0c                main
 .text.NMI_Handler
                0x080010d0        0x2 build/stm32f1xx_it.o
                0x080010d0                NMI_Handler
 .text.HardFault_Handler
                0x080010d2        0x2 build/stm32f1xx_it.o
                0x080010d2                HardFault_Handler
 .text.MemManage_Handler
                0x080010d4        0x2 build/stm32f1xx_it.o
                0x080010d4                MemManage_Handler
 .text.BusFault_Handler
                0x080010d6        0x2 build/stm32f1xx_it.o
                0x080010d6                BusFault_Handler
 .text.UsageFault_Handler
                0x080010d8        0x2 build/stm32f1xx_it.o
                0x080010d8                UsageFault_Handler
 .text.SVC_Handler
                0x080010da        0x2 build/stm32f1xx_it.o
                0x080010da                SVC_Handler
 .text.DebugMon_Handler
                0x080010dc        0x2 build/stm32f1xx_it.o
                0x080010dc                DebugMon_Handler
 .text.PendSV_Handler
                0x080010de        0x2 build/stm32f1xx_it.o
                0x080010de                PendSV_Handler
 .text.SysTick_Handler
                0x080010e0        0x8 build/stm32f1xx_it.o
                0x080010e0                SysTick_Handler
 .text.EXTI0_IRQHandler
                0x080010e8        0xa build/stm32f1xx_it.o
                0x080010e8                EXTI0_IRQHandler
 .text.EXTI1_IRQHandler
                0x080010f2        0xa build/stm32f1xx_it.o
                0x080010f2                EXTI1_IRQHandler
 .text.DMA1_Channel1_IRQHandler
                0x080010fc       0x10 build/stm32f1xx_it.o
                0x080010fc                DMA1_Channel1_IRQHandler
 .text.ADC1_2_IRQHandler
                0x0800110c       0x10 build/stm32f1xx_it.o
                0x0800110c                ADC1_2_IRQHandler
 .text.EXTI9_5_IRQHandler
                0x0800111c       0x18 build/stm32f1xx_it.o
                0x0800111c                EXTI9_5_IRQHandler
 .text.SPI2_IRQHandler
                0x08001134       0x10 build/stm32f1xx_it.o
                0x08001134                SPI2_IRQHandler
 .text.USART1_IRQHandler
                0x08001144       0x10 build/stm32f1xx_it.o
                0x08001144                USART1_IRQHandler
 .text.EXTI15_10_IRQHandler
                0x08001154       0x14 build/stm32f1xx_it.o
                0x08001154                EXTI15_10_IRQHandler
 .text.HAL_MspInit
                0x08001168       0x44 build/stm32f1xx_hal_msp.o
                0x08001168                HAL_MspInit
 .text.HAL_ADC_MspInit
                0x080011ac       0xac build/stm32f1xx_hal_msp.o
                0x080011ac                HAL_ADC_MspInit
 .text.HAL_I2C_MspInit
                0x08001258       0x64 build/stm32f1xx_hal_msp.o
                0x08001258                HAL_I2C_MspInit
 .text.HAL_SPI_MspInit
                0x080012bc       0x88 build/stm32f1xx_hal_msp.o
                0x080012bc                HAL_SPI_MspInit
 .text.HAL_UART_MspInit
                0x08001344       0x88 build/stm32f1xx_hal_msp.o
                0x08001344                HAL_UART_MspInit
 .text.HAL_ADC_ConvHalfCpltCallback
                0x080013cc        0x2 build/stm32f1xx_hal_adc.o
                0x080013cc                HAL_ADC_ConvHalfCpltCallback
 .text.HAL_ADC_LevelOutOfWindowCallback
                0x080013ce        0x2 build/stm32f1xx_hal_adc.o
                0x080013ce                HAL_ADC_LevelOutOfWindowCallback
 .text.HAL_ADC_ErrorCallback
                0x080013d0        0x2 build/stm32f1xx_hal_adc.o
                0x080013d0                HAL_ADC_ErrorCallback
 .text.ADC_DMAConvCplt
                0x080013d2       0x52 build/stm32f1xx_hal_adc.o
                0x080013d2                ADC_DMAConvCplt
 .text.ADC_DMAHalfConvCplt
                0x08001424        0xa build/stm32f1xx_hal_adc.o
                0x08001424                ADC_DMAHalfConvCplt
 .text.ADC_DMAError
                0x0800142e       0x1a build/stm32f1xx_hal_adc.o
                0x0800142e                ADC_DMAError
 .text.HAL_ADC_IRQHandler
                0x08001448      0x100 build/stm32f1xx_hal_adc.o
                0x08001448                HAL_ADC_IRQHandler
 .text.HAL_ADC_ConfigChannel
                0x08001548      0x140 build/stm32f1xx_hal_adc.o
                0x08001548                HAL_ADC_ConfigChannel
 .text.ADC_Enable
                0x08001688       0x88 build/stm32f1xx_hal_adc.o
                0x08001688                ADC_Enable
 .text.HAL_ADC_Start_DMA
                0x08001710      0x130 build/stm32f1xx_hal_adc.o
                0x08001710                HAL_ADC_Start_DMA
 .text.ADC_ConversionStop_Disable
                0x08001840       0x56 build/stm32f1xx_hal_adc.o
                0x08001840                ADC_ConversionStop_Disable
 *fill*         0x08001896        0x2 
 .text.HAL_ADC_Init
                0x08001898      0x140 build/stm32f1xx_hal_adc.o
                0x08001898                HAL_ADC_Init
 .text.HAL_ADCEx_InjectedConvCpltCallback
                0x080019d8        0x2 build/stm32f1xx_hal_adc_ex.o
                0x080019d8                HAL_ADCEx_InjectedConvCpltCallback
 *fill*         0x080019da        0x2 
 .text.HAL_InitTick
                0x080019dc       0x4c build/stm32f1xx_hal.o
                0x080019dc                HAL_InitTick
 .text.HAL_Init
                0x08001a28       0x24 build/stm32f1xx_hal.o
                0x08001a28                HAL_Init
 .text.HAL_IncTick
                0x08001a4c       0x18 build/stm32f1xx_hal.o
                0x08001a4c                HAL_IncTick
 .text.HAL_GetTick
                0x08001a64        0xc build/stm32f1xx_hal.o
                0x08001a64                HAL_GetTick
 .text.HAL_Delay
                0x08001a70       0x28 build/stm32f1xx_hal.o
                0x08001a70                HAL_Delay
 .text.RCC_Delay
                0x08001a98       0x2c build/stm32f1xx_hal_rcc.o
 .text.HAL_RCC_OscConfig
                0x08001ac4      0x410 build/stm32f1xx_hal_rcc.o
                0x08001ac4                HAL_RCC_OscConfig
 .text.HAL_RCC_GetSysClockFreq
                0x08001ed4       0x54 build/stm32f1xx_hal_rcc.o
                0x08001ed4                HAL_RCC_GetSysClockFreq
 .text.HAL_RCC_ClockConfig
                0x08001f28      0x16c build/stm32f1xx_hal_rcc.o
                0x08001f28                HAL_RCC_ClockConfig
 .text.HAL_RCC_GetHCLKFreq
                0x08002094        0xc build/stm32f1xx_hal_rcc.o
                0x08002094                HAL_RCC_GetHCLKFreq
 .text.HAL_RCC_GetPCLK1Freq
                0x080020a0       0x20 build/stm32f1xx_hal_rcc.o
                0x080020a0                HAL_RCC_GetPCLK1Freq
 .text.HAL_RCC_GetPCLK2Freq
                0x080020c0       0x20 build/stm32f1xx_hal_rcc.o
                0x080020c0                HAL_RCC_GetPCLK2Freq
 .text.HAL_RCCEx_PeriphCLKConfig
                0x080020e0      0x118 build/stm32f1xx_hal_rcc_ex.o
                0x080020e0                HAL_RCCEx_PeriphCLKConfig
 .text.HAL_GPIO_Init
                0x080021f8      0x21c build/stm32f1xx_hal_gpio.o
                0x080021f8                HAL_GPIO_Init
 .text.HAL_GPIO_ReadPin
                0x08002414        0xe build/stm32f1xx_hal_gpio.o
                0x08002414                HAL_GPIO_ReadPin
 .text.HAL_GPIO_WritePin
                0x08002422        0xc build/stm32f1xx_hal_gpio.o
                0x08002422                HAL_GPIO_WritePin
 *fill*         0x0800242e        0x2 
 .text.HAL_GPIO_EXTI_IRQHandler
                0x08002430       0x1c build/stm32f1xx_hal_gpio.o
                0x08002430                HAL_GPIO_EXTI_IRQHandler
 .text.DMA_SetConfig
                0x0800244c       0x2c build/stm32f1xx_hal_dma.o
 .text.HAL_DMA_Init
                0x08002478       0x6c build/stm32f1xx_hal_dma.o
                0x08002478                HAL_DMA_Init
 .text.HAL_DMA_Start_IT
                0x080024e4       0x76 build/stm32f1xx_hal_dma.o
                0x080024e4                HAL_DMA_Start_IT
 .text.HAL_DMA_Abort
                0x0800255a       0x46 build/stm32f1xx_hal_dma.o
                0x0800255a                HAL_DMA_Abort
 .text.HAL_DMA_Abort_IT
                0x080025a0       0x98 build/stm32f1xx_hal_dma.o
                0x080025a0                HAL_DMA_Abort_IT
 .text.HAL_DMA_IRQHandler
                0x08002638      0x144 build/stm32f1xx_hal_dma.o
                0x08002638                HAL_DMA_IRQHandler
 .text.__NVIC_SetPriority
                0x0800277c       0x28 build/stm32f1xx_hal_cortex.o
 .text.NVIC_EncodePriority
                0x080027a4       0x3e build/stm32f1xx_hal_cortex.o
 *fill*         0x080027e2        0x2 
 .text.HAL_NVIC_SetPriorityGrouping
                0x080027e4       0x24 build/stm32f1xx_hal_cortex.o
                0x080027e4                HAL_NVIC_SetPriorityGrouping
 .text.HAL_NVIC_SetPriority
                0x08002808       0x20 build/stm32f1xx_hal_cortex.o
                0x08002808                HAL_NVIC_SetPriority
 .text.HAL_NVIC_EnableIRQ
                0x08002828       0x1c build/stm32f1xx_hal_cortex.o
                0x08002828                HAL_NVIC_EnableIRQ
 .text.HAL_SYSTICK_Config
                0x08002844       0x28 build/stm32f1xx_hal_cortex.o
                0x08002844                HAL_SYSTICK_Config
 .text.HAL_I2C_Init
                0x0800286c      0x1bc build/stm32f1xx_hal_i2c.o
                0x0800286c                HAL_I2C_Init
 .text.HAL_SPI_TxCpltCallback
                0x08002a28        0x2 build/stm32f1xx_hal_spi.o
                0x08002a28                HAL_SPI_TxCpltCallback
 .text.HAL_SPI_RxCpltCallback
                0x08002a2a        0x2 build/stm32f1xx_hal_spi.o
                0x08002a2a                HAL_SPI_RxCpltCallback
 .text.HAL_SPI_TxRxCpltCallback
                0x08002a2c        0x2 build/stm32f1xx_hal_spi.o
                0x08002a2c                HAL_SPI_TxRxCpltCallback
 .text.HAL_SPI_TxHalfCpltCallback
                0x08002a2e        0x2 build/stm32f1xx_hal_spi.o
                0x08002a2e                HAL_SPI_TxHalfCpltCallback
 .text.HAL_SPI_RxHalfCpltCallback
                0x08002a30        0x2 build/stm32f1xx_hal_spi.o
                0x08002a30                HAL_SPI_RxHalfCpltCallback
 .text.HAL_SPI_TxRxHalfCpltCallback
                0x08002a32        0x2 build/stm32f1xx_hal_spi.o
                0x08002a32                HAL_SPI_TxRxHalfCpltCallback
 .text.HAL_SPI_ErrorCallback
                0x08002a34        0x2 build/stm32f1xx_hal_spi.o
                0x08002a34                HAL_SPI_ErrorCallback
 .text.HAL_SPI_AbortCpltCallback
                0x08002a36        0x2 build/stm32f1xx_hal_spi.o
                0x08002a36                HAL_SPI_AbortCpltCallback
 .text.SPI_DMAAbortOnError
                0x08002a38       0x10 build/stm32f1xx_hal_spi.o
 .text.SPI_WaitFlagStateUntilTimeout
                0x08002a48       0xc8 build/stm32f1xx_hal_spi.o
 .text.SPI_EndRxTxTransaction
                0x08002b10       0x44 build/stm32f1xx_hal_spi.o
 .text.SPI_EndRxTransaction
                0x08002b54       0x74 build/stm32f1xx_hal_spi.o
 .text.HAL_SPI_Init
                0x08002bc8      0x104 build/stm32f1xx_hal_spi.o
                0x08002bc8                HAL_SPI_Init
 .text.HAL_SPI_Transmit
                0x08002ccc      0x1c4 build/stm32f1xx_hal_spi.o
                0x08002ccc                HAL_SPI_Transmit
 .text.HAL_SPI_TransmitReceive
                0x08002e90      0x254 build/stm32f1xx_hal_spi.o
                0x08002e90                HAL_SPI_TransmitReceive
 .text.HAL_SPI_Receive
                0x080030e4      0x188 build/stm32f1xx_hal_spi.o
                0x080030e4                HAL_SPI_Receive
 .text.HAL_SPI_IRQHandler
                0x0800326c      0x100 build/stm32f1xx_hal_spi.o
                0x0800326c                HAL_SPI_IRQHandler
 .text.HAL_UART_TxCpltCallback
                0x0800336c        0x2 build/stm32f1xx_hal_uart.o
                0x0800336c                HAL_UART_TxCpltCallback
 .text.HAL_UART_TxHalfCpltCallback
                0x0800336e        0x2 build/stm32f1xx_hal_uart.o
                0x0800336e                HAL_UART_TxHalfCpltCallback
 .text.HAL_UART_RxHalfCpltCallback
                0x08003370        0x2 build/stm32f1xx_hal_uart.o
                0x08003370                HAL_UART_RxHalfCpltCallback
 .text.HAL_UART_AbortCpltCallback
                0x08003372        0x2 build/stm32f1xx_hal_uart.o
                0x08003372                HAL_UART_AbortCpltCallback
 .text.HAL_UART_AbortTransmitCpltCallback
                0x08003374        0x2 build/stm32f1xx_hal_uart.o
                0x08003374                HAL_UART_AbortTransmitCpltCallback
 .text.HAL_UART_AbortReceiveCpltCallback
                0x08003376        0x2 build/stm32f1xx_hal_uart.o
                0x08003376                HAL_UART_AbortReceiveCpltCallback
 .text.HAL_UARTEx_RxEventCallback
                0x08003378        0x2 build/stm32f1xx_hal_uart.o
                0x08003378                HAL_UARTEx_RxEventCallback
 .text.UART_EndRxTransfer
                0x0800337a       0x5c build/stm32f1xx_hal_uart.o
 .text.UART_DMAAbortOnError
                0x080033d6       0x10 build/stm32f1xx_hal_uart.o
 .text.UART_Transmit_IT
                0x080033e6       0x60 build/stm32f1xx_hal_uart.o
 .text.UART_EndTransmit_IT
                0x08003446       0x1a build/stm32f1xx_hal_uart.o
 .text.UART_Receive_IT
                0x08003460       0xe6 build/stm32f1xx_hal_uart.o
 *fill*         0x08003546        0x2 
 .text.UART_SetConfig
                0x08003548       0x94 build/stm32f1xx_hal_uart.o
 .text.HAL_UART_IRQHandler
                0x080035dc      0x284 build/stm32f1xx_hal_uart.o
                0x080035dc                HAL_UART_IRQHandler
 .text.UART_InitCallbacksToDefault
                0x08003860       0x4c build/stm32f1xx_hal_uart.o
                0x08003860                UART_InitCallbacksToDefault
 .text.HAL_UART_Init
                0x080038ac       0x78 build/stm32f1xx_hal_uart.o
                0x080038ac                HAL_UART_Init
 .text.UART_Start_Receive_IT
                0x08003924       0x36 build/stm32f1xx_hal_uart.o
                0x08003924                UART_Start_Receive_IT
 .text.HAL_UART_Receive_IT
                0x0800395a       0x26 build/stm32f1xx_hal_uart.o
                0x0800395a                HAL_UART_Receive_IT
 .text.SystemInit
                0x08003980        0x2 build/system_stm32f1xx.o
                0x08003980                SystemInit
 *fill*         0x08003982        0x2 
 .text.csn_high
                0x08003984       0x14 build/NRF24.o
                0x08003984                csn_high
 .text.csn_low  0x08003998       0x14 build/NRF24.o
                0x08003998                csn_low
 .text.ce_high  0x080039ac       0x14 build/NRF24.o
                0x080039ac                ce_high
 .text.ce_low   0x080039c0       0x14 build/NRF24.o
                0x080039c0                ce_low
 .text.nrf24_w_reg
                0x080039d4       0x40 build/NRF24.o
                0x080039d4                nrf24_w_reg
 .text.nrf24_r_reg
                0x08003a14       0x48 build/NRF24.o
                0x08003a14                nrf24_r_reg
 .text.nrf24_w_spec_cmd
                0x08003a5c       0x24 build/NRF24.o
                0x08003a5c                nrf24_w_spec_cmd
 .text.nrf24_pwr_up
                0x08003a80       0x2e build/NRF24.o
                0x08003a80                nrf24_pwr_up
 .text.nrf24_tx_pwr
                0x08003aae       0x38 build/NRF24.o
                0x08003aae                nrf24_tx_pwr
 .text.nrf24_data_rate
                0x08003ae6       0x4c build/NRF24.o
                0x08003ae6                nrf24_data_rate
 .text.nrf24_set_channel
                0x08003b32       0x1a build/NRF24.o
                0x08003b32                nrf24_set_channel
 .text.nrf24_open_tx_pipe
                0x08003b4c        0xe build/NRF24.o
                0x08003b4c                nrf24_open_tx_pipe
 .text.nrf24_pipe_pld_size
                0x08003b5a       0x7a build/NRF24.o
                0x08003b5a                nrf24_pipe_pld_size
 .text.nrf24_open_rx_pipe
                0x08003bd4       0xc6 build/NRF24.o
                0x08003bd4                nrf24_open_rx_pipe
 .text.nrf24_set_crc
                0x08003c9a       0x3a build/NRF24.o
                0x08003c9a                nrf24_set_crc
 .text.nrf24_set_addr_width
                0x08003cd4       0x22 build/NRF24.o
                0x08003cd4                nrf24_set_addr_width
 .text.nrf24_flush_tx
                0x08003cf6       0x12 build/NRF24.o
                0x08003cf6                nrf24_flush_tx
 .text.nrf24_flush_rx
                0x08003d08       0x12 build/NRF24.o
                0x08003d08                nrf24_flush_rx
 *fill*         0x08003d1a        0x2 
 .text.nrf24_r_status
                0x08003d1c       0x3c build/NRF24.o
                0x08003d1c                nrf24_r_status
 .text.nrf24_clear_rx_dr
                0x08003d58       0x2c build/NRF24.o
                0x08003d58                nrf24_clear_rx_dr
 .text.nrf24_clear_tx_ds
                0x08003d84       0x2c build/NRF24.o
                0x08003d84                nrf24_clear_tx_ds
 .text.nrf24_clear_max_rt
                0x08003db0       0x2c build/NRF24.o
                0x08003db0                nrf24_clear_max_rt
 .text.nrf24_stop_listen
                0x08003ddc       0x2e build/NRF24.o
                0x08003ddc                nrf24_stop_listen
 .text.nrf24_dpl
                0x08003e0a       0x38 build/NRF24.o
                0x08003e0a                nrf24_dpl
 .text.nrf24_set_rx_dpl
                0x08003e42       0x46 build/NRF24.o
                0x08003e42                nrf24_set_rx_dpl
 .text.nrf24_auto_ack_all
                0x08003e88       0x32 build/NRF24.o
                0x08003e88                nrf24_auto_ack_all
 .text.nrf24_en_ack_pld
                0x08003eba       0x36 build/NRF24.o
                0x08003eba                nrf24_en_ack_pld
 .text.nrf24_auto_retr_delay
                0x08003ef0       0x32 build/NRF24.o
                0x08003ef0                nrf24_auto_retr_delay
 .text.nrf24_auto_retr_limit
                0x08003f22       0x30 build/NRF24.o
                0x08003f22                nrf24_auto_retr_limit
 *fill*         0x08003f52        0x2 
 .text.nrf24_transmit
                0x08003f54       0x68 build/NRF24.o
                0x08003f54                nrf24_transmit
 .text.nrf24_init
                0x08003fbc       0x1c build/NRF24.o
                0x08003fbc                nrf24_init
 .text.map_adc_to_velocity
                0x08003fd8       0x80 build/nrf24_comm.o
 .text.float32_to_float16
                0x08004058       0x30 build/nrf24_comm.o
 .text.NRF24_Comm_TestCommunication
                0x08004088       0x28 build/nrf24_comm.o
 .text.NRF24_Comm_BuzzerBeep
                0x080040b0       0x2c build/nrf24_comm.o
 .text.NRF24_Comm_BuzzerDoubleBeep
                0x080040dc       0x16 build/nrf24_comm.o
 *fill*         0x080040f2        0x2 
 .text.NRF24_Comm_Init
                0x080040f4       0xe8 build/nrf24_comm.o
                0x080040f4                NRF24_Comm_Init
 .text.NRF24_Comm_CanLocalControlWrite
                0x080041dc       0x10 build/nrf24_comm.o
                0x080041dc                NRF24_Comm_CanLocalControlWrite
 .text.NRF24_Comm_UpdateTxBuffer
                0x080041ec      0x128 build/nrf24_comm.o
                0x080041ec                NRF24_Comm_UpdateTxBuffer
 .text.NRF24_Comm_UpdateFromUART
                0x08004314       0x3c build/nrf24_comm.o
                0x08004314                NRF24_Comm_UpdateFromUART
 .text.NRF24_Comm_UpdateRobotID
                0x08004350       0x48 build/nrf24_comm.o
                0x08004350                NRF24_Comm_UpdateRobotID
 .text.NRF24_Comm_Transmit
                0x08004398       0x5c build/nrf24_comm.o
                0x08004398                NRF24_Comm_Transmit
 .text.NRF24_Comm_StatusFeedback
                0x080043f4       0x58 build/nrf24_comm.o
                0x080043f4                NRF24_Comm_StatusFeedback
 .text.NRF24_Comm_IRQ_Handler
                0x0800444c       0x32 build/nrf24_comm.o
                0x0800444c                NRF24_Comm_IRQ_Handler
 *fill*         0x0800447e        0x2 
 .text.Reset_Handler
                0x08004480       0x48 build/startup_stm32f103xb.o
                0x08004480                Reset_Handler
 .text.Default_Handler
                0x080044c8        0x2 build/startup_stm32f103xb.o
                0x080044c8                RTC_Alarm_IRQHandler
                0x080044c8                EXTI2_IRQHandler
                0x080044c8                TIM1_CC_IRQHandler
                0x080044c8                PVD_IRQHandler
                0x080044c8                EXTI3_IRQHandler
                0x080044c8                I2C2_EV_IRQHandler
                0x080044c8                SPI1_IRQHandler
                0x080044c8                TAMPER_IRQHandler
                0x080044c8                DMA1_Channel4_IRQHandler
                0x080044c8                USART3_IRQHandler
                0x080044c8                RTC_IRQHandler
                0x080044c8                DMA1_Channel7_IRQHandler
                0x080044c8                CAN1_RX1_IRQHandler
                0x080044c8                TIM4_IRQHandler
                0x080044c8                I2C1_EV_IRQHandler
                0x080044c8                DMA1_Channel6_IRQHandler
                0x080044c8                TIM3_IRQHandler
                0x080044c8                RCC_IRQHandler
                0x080044c8                TIM1_TRG_COM_IRQHandler
                0x080044c8                Default_Handler
                0x080044c8                DMA1_Channel5_IRQHandler
                0x080044c8                EXTI4_IRQHandler
                0x080044c8                USB_LP_CAN1_RX0_IRQHandler
                0x080044c8                USB_HP_CAN1_TX_IRQHandler
                0x080044c8                DMA1_Channel3_IRQHandler
                0x080044c8                TIM1_UP_IRQHandler
                0x080044c8                WWDG_IRQHandler
                0x080044c8                TIM2_IRQHandler
                0x080044c8                TIM1_BRK_IRQHandler
                0x080044c8                USART2_IRQHandler
                0x080044c8                I2C2_ER_IRQHandler
                0x080044c8                DMA1_Channel2_IRQHandler
                0x080044c8                CAN1_SCE_IRQHandler
                0x080044c8                FLASH_IRQHandler
                0x080044c8                I2C1_ER_IRQHandler
                0x080044c8                USBWakeUp_IRQHandler
 *(.glue_7)
 .glue_7        0x080044ca        0x0 linker stubs
 *(.glue_7t)
 .glue_7t       0x080044ca        0x0 linker stubs
 *(.eh_frame)
 *fill*         0x080044ca        0x2 
 .eh_frame      0x080044cc        0x0 c:/msys64/mingw64/bin/../lib/gcc/arm-none-eabi/12.2.0/thumb/v7-m/nofp/crtbegin.o
 *(.init)
 .init          0x080044cc        0x4 c:/msys64/mingw64/bin/../lib/gcc/arm-none-eabi/12.2.0/thumb/v7-m/nofp/crti.o
                0x080044cc                _init
 .init          0x080044d0        0x8 c:/msys64/mingw64/bin/../lib/gcc/arm-none-eabi/12.2.0/thumb/v7-m/nofp/crtn.o
 *(.fini)
 .fini          0x080044d8        0x4 c:/msys64/mingw64/bin/../lib/gcc/arm-none-eabi/12.2.0/thumb/v7-m/nofp/crti.o
                0x080044d8                _fini
 .fini          0x080044dc        0x8 c:/msys64/mingw64/bin/../lib/gcc/arm-none-eabi/12.2.0/thumb/v7-m/nofp/crtn.o
                0x080044e4                        . = ALIGN (0x4)
                0x080044e4                        _etext = .

.vfp11_veneer   0x080044e4        0x0
 .vfp11_veneer  0x080044e4        0x0 linker stubs

.v4_bx          0x080044e4        0x0
 .v4_bx         0x080044e4        0x0 linker stubs

.iplt           0x080044e4        0x0
 .iplt          0x080044e4        0x0 c:/msys64/mingw64/bin/../lib/gcc/arm-none-eabi/12.2.0/thumb/v7-m/nofp/crtbegin.o

.rodata         0x080044e4       0x2c
                0x080044e4                        . = ALIGN (0x4)
 *(.rodata)
 *(.rodata*)
 .rodata.aPredivFactorTable.0
                0x080044e4        0x2 build/stm32f1xx_hal_rcc.o
 *fill*         0x080044e6        0x2 
 .rodata.aPLLMULFactorTable.1
                0x080044e8       0x10 build/stm32f1xx_hal_rcc.o
 .rodata.APBPrescTable
                0x080044f8        0x8 build/system_stm32f1xx.o
                0x080044f8                APBPrescTable
 .rodata.AHBPrescTable
                0x08004500       0x10 build/system_stm32f1xx.o
                0x08004500                AHBPrescTable
                0x08004510                        . = ALIGN (0x4)

.rel.dyn        0x08004510        0x0
 .rel.iplt      0x08004510        0x0 c:/msys64/mingw64/bin/../lib/gcc/arm-none-eabi/12.2.0/thumb/v7-m/nofp/crtbegin.o

.ARM.extab
 *(.ARM.extab* .gnu.linkonce.armextab.*)

.ARM            0x08004510        0x0
                0x08004510                        __exidx_start = .
 *(.ARM.exidx*)
                0x08004510                        __exidx_end = .

.preinit_array  0x08004510        0x0
                0x08004510                        PROVIDE (__preinit_array_start = .)
 *(.preinit_array*)
                0x08004510                        PROVIDE (__preinit_array_end = .)

.init_array     0x08004510        0x4
                0x08004510                        PROVIDE (__init_array_start = .)
 *(SORT_BY_NAME(.init_array.*))
 *(.init_array*)
 .init_array    0x08004510        0x4 c:/msys64/mingw64/bin/../lib/gcc/arm-none-eabi/12.2.0/thumb/v7-m/nofp/crtbegin.o
                0x08004514                        PROVIDE (__init_array_end = .)

.fini_array     0x08004514        0x4
                0x08004514                        PROVIDE (__fini_array_start = .)
 *(SORT_BY_NAME(.fini_array.*))
 *(.fini_array*)
 .fini_array    0x08004514        0x4 c:/msys64/mingw64/bin/../lib/gcc/arm-none-eabi/12.2.0/thumb/v7-m/nofp/crtbegin.o
                0x08004518                        PROVIDE (__fini_array_end = .)
                0x08004518                        _sidata = LOADADDR (.data)

.data           0x20000000       0x1c load address 0x08004518
                0x20000000                        . = ALIGN (0x4)
                0x20000000                        _sdata = .
 *(.data)
 *(.data*)
 .data.alpha    0x20000000        0x4 build/main.o
                0x20000000                alpha
 .data.uwTickFreq
                0x20000004        0x1 build/stm32f1xx_hal.o
                0x20000004                uwTickFreq
 *fill*         0x20000005        0x3 
 .data.uwTickPrio
                0x20000008        0x4 build/stm32f1xx_hal.o
                0x20000008                uwTickPrio
 .data.SystemCoreClock
                0x2000000c        0x4 build/system_stm32f1xx.o
                0x2000000c                SystemCoreClock
 .data.MAX_ROBOT_NUMBER
                0x20000010        0x1 build/nrf24_comm.o
                0x20000010                MAX_ROBOT_NUMBER
 *fill*         0x20000011        0x3 
 .data.tx_addr  0x20000014        0x5 build/nrf24_comm.o
                0x2000001c                        . = ALIGN (0x4)
 *fill*         0x20000019        0x3 
                0x2000001c                        _edata = .

.igot.plt       0x2000001c        0x0 load address 0x08004534
 .igot.plt      0x2000001c        0x0 c:/msys64/mingw64/bin/../lib/gcc/arm-none-eabi/12.2.0/thumb/v7-m/nofp/crtbegin.o
                0x2000001c                        . = ALIGN (0x4)

.bss            0x2000001c      0x28c load address 0x08004534
                0x2000001c                        _sbss = .
                0x2000001c                        __bss_start__ = _sbss
 *(.bss)
 *(.bss*)
 .bss.completed.1
                0x2000001c        0x1 c:/msys64/mingw64/bin/../lib/gcc/arm-none-eabi/12.2.0/thumb/v7-m/nofp/crtbegin.o
 *fill*         0x2000001d        0x3 
 .bss.object.0  0x20000020       0x18 c:/msys64/mingw64/bin/../lib/gcc/arm-none-eabi/12.2.0/thumb/v7-m/nofp/crtbegin.o
 .bss.last_toggle_time_aux2.0
                0x20000038        0x4 build/main.o
 .bss.last_toggle_time_aux1.1
                0x2000003c        0x4 build/main.o
 .bss.last_toggle_time_robotid.2
                0x20000040        0x4 build/main.o
 .bss.beep_control
                0x20000044        0xc build/main.o
                0x20000044                beep_control
 .bss.adc_filtered
                0x20000050        0x8 build/main.o
                0x20000050                adc_filtered
 .bss.adc_max   0x20000058        0x8 build/main.o
                0x20000058                adc_max
 .bss.adc_min   0x20000060        0x8 build/main.o
                0x20000060                adc_min
 .bss.adc_calib_error
                0x20000068        0x8 build/main.o
                0x20000068                adc_calib_error
 .bss.adc_center
                0x20000070        0x8 build/main.o
                0x20000070                adc_center
 .bss.uart_buffer
                0x20000078        0xc build/main.o
                0x20000078                uart_buffer
 .bss.AUX2      0x20000084        0x1 build/main.o
                0x20000084                AUX2
 .bss.AUX1      0x20000085        0x1 build/main.o
                0x20000085                AUX1
 *fill*         0x20000086        0x2 
 .bss.adc_raw_buffer
                0x20000088        0x8 build/main.o
                0x20000088                adc_raw_buffer
 .bss.huart1    0x20000090       0x78 build/main.o
                0x20000090                huart1
 .bss.hspi2     0x20000108       0x80 build/main.o
                0x20000108                hspi2
 .bss.hi2c1     0x20000188       0x54 build/main.o
                0x20000188                hi2c1
 .bss.hdma_adc1
                0x200001dc       0x44 build/main.o
                0x200001dc                hdma_adc1
 .bss.hadc1     0x20000220       0x4c build/main.o
                0x20000220                hadc1
 .bss.uwTick    0x2000026c        0x4 build/stm32f1xx_hal.o
                0x2000026c                uwTick
 .bss.physical_remapped_adc
                0x20000270        0xc build/nrf24_comm.o
                0x20000270                physical_remapped_adc
 .bss.current_robot_id
                0x2000027c        0x1 build/nrf24_comm.o
 .bss.status_feedback_pending
                0x2000027d        0x1 build/nrf24_comm.o
 *fill*         0x2000027e        0x2 
 .bss.last_feedback_time
                0x20000280        0x4 build/nrf24_comm.o
 .bss.tx_buffer
                0x20000284        0xa build/nrf24_comm.o
                0x20000284                tx_buffer
 *fill*         0x2000028e        0x2 
 .bss.nrf24_status
                0x20000290       0x18 build/nrf24_comm.o
                0x20000290                nrf24_status
 *(COMMON)
                0x200002a8                        . = ALIGN (0x4)
                0x200002a8                        _ebss = .
                0x200002a8                        __bss_end__ = _ebss

._user_heap_stack
                0x200002a8      0x600 load address 0x08004534
                0x200002a8                        . = ALIGN (0x8)
                [!provide]                        PROVIDE (end = .)
                0x200002a8                        PROVIDE (_end = .)
                0x200004a8                        . = (. + _Min_Heap_Size)
 *fill*         0x200002a8      0x200 
                0x200008a8                        . = (. + _Min_Stack_Size)
 *fill*         0x200004a8      0x400 
                0x200008a8                        . = ALIGN (0x8)

/DISCARD/
 libc.a(*)
 libm.a(*)
 libgcc.a(*)
OUTPUT(build/JoyStick_RemoteCtrl.elf elf32-littlearm)
LOAD linker stubs
LOAD c:/msys64/mingw64/bin/../lib/gcc/arm-none-eabi/12.2.0/../../../../arm-none-eabi/lib/thumb/v7-m/nofp\libc.a
LOAD c:/msys64/mingw64/bin/../lib/gcc/arm-none-eabi/12.2.0/../../../../arm-none-eabi/lib/thumb/v7-m/nofp\libm.a
LOAD c:/msys64/mingw64/bin/../lib/gcc/arm-none-eabi/12.2.0/thumb/v7-m/nofp\libgcc.a

.ARM.attributes
                0x00000000       0x29
 .ARM.attributes
                0x00000000       0x1d c:/msys64/mingw64/bin/../lib/gcc/arm-none-eabi/12.2.0/thumb/v7-m/nofp/crti.o
 .ARM.attributes
                0x0000001d       0x2d c:/msys64/mingw64/bin/../lib/gcc/arm-none-eabi/12.2.0/thumb/v7-m/nofp/crtbegin.o
 .ARM.attributes
                0x0000004a       0x2d build/main.o
 .ARM.attributes
                0x00000077       0x2d build/stm32f1xx_it.o
 .ARM.attributes
                0x000000a4       0x2d build/stm32f1xx_hal_msp.o
 .ARM.attributes
                0x000000d1       0x2d build/stm32f1xx_hal_adc.o
 .ARM.attributes
                0x000000fe       0x2d build/stm32f1xx_hal_adc_ex.o
 .ARM.attributes
                0x0000012b       0x2d build/stm32f1xx_hal.o
 .ARM.attributes
                0x00000158       0x2d build/stm32f1xx_hal_rcc.o
 .ARM.attributes
                0x00000185       0x2d build/stm32f1xx_hal_rcc_ex.o
 .ARM.attributes
                0x000001b2       0x2d build/stm32f1xx_hal_gpio.o
 .ARM.attributes
                0x000001df       0x2d build/stm32f1xx_hal_dma.o
 .ARM.attributes
                0x0000020c       0x2d build/stm32f1xx_hal_cortex.o
 .ARM.attributes
                0x00000239       0x2d build/stm32f1xx_hal_i2c.o
 .ARM.attributes
                0x00000266       0x2d build/stm32f1xx_hal_spi.o
 .ARM.attributes
                0x00000293       0x2d build/stm32f1xx_hal_uart.o
 .ARM.attributes
                0x000002c0       0x2d build/system_stm32f1xx.o
 .ARM.attributes
                0x000002ed       0x2d build/NRF24.o
 .ARM.attributes
                0x0000031a       0x2d build/nrf24_comm.o
 .ARM.attributes
                0x00000347       0x21 build/startup_stm32f103xb.o
 .ARM.attributes
                0x00000368       0x2d c:/msys64/mingw64/bin/../lib/gcc/arm-none-eabi/12.2.0/../../../../arm-none-eabi/lib/thumb/v7-m/nofp\libc_nano.a(libc_a-memset.o)
 .ARM.attributes
                0x00000395       0x2d c:/msys64/mingw64/bin/../lib/gcc/arm-none-eabi/12.2.0/../../../../arm-none-eabi/lib/thumb/v7-m/nofp\libc_nano.a(libc_a-init.o)
 .ARM.attributes
                0x000003c2       0x1d c:/msys64/mingw64/bin/../lib/gcc/arm-none-eabi/12.2.0/thumb/v7-m/nofp\libgcc.a(_arm_addsubsf3.o)
 .ARM.attributes
                0x000003df       0x1d c:/msys64/mingw64/bin/../lib/gcc/arm-none-eabi/12.2.0/thumb/v7-m/nofp\libgcc.a(_arm_muldivsf3.o)
 .ARM.attributes
                0x000003fc       0x1d c:/msys64/mingw64/bin/../lib/gcc/arm-none-eabi/12.2.0/thumb/v7-m/nofp\libgcc.a(_arm_cmpsf2.o)
 .ARM.attributes
                0x00000419       0x1d c:/msys64/mingw64/bin/../lib/gcc/arm-none-eabi/12.2.0/thumb/v7-m/nofp\libgcc.a(_arm_fixsfsi.o)
 .ARM.attributes
                0x00000436       0x1d c:/msys64/mingw64/bin/../lib/gcc/arm-none-eabi/12.2.0/thumb/v7-m/nofp\libgcc.a(_arm_fixunssfsi.o)
 .ARM.attributes
                0x00000453       0x1d c:/msys64/mingw64/bin/../lib/gcc/arm-none-eabi/12.2.0/thumb/v7-m/nofp/crtn.o

.comment        0x00000000       0x12
 .comment       0x00000000       0x12 build/main.o
                                 0x13 (size before relaxing)
 .comment       0x00000012       0x13 build/stm32f1xx_it.o
 .comment       0x00000012       0x13 build/stm32f1xx_hal_msp.o
 .comment       0x00000012       0x13 build/stm32f1xx_hal_adc.o
 .comment       0x00000012       0x13 build/stm32f1xx_hal_adc_ex.o
 .comment       0x00000012       0x13 build/stm32f1xx_hal.o
 .comment       0x00000012       0x13 build/stm32f1xx_hal_rcc.o
 .comment       0x00000012       0x13 build/stm32f1xx_hal_rcc_ex.o
 .comment       0x00000012       0x13 build/stm32f1xx_hal_gpio.o
 .comment       0x00000012       0x13 build/stm32f1xx_hal_dma.o
 .comment       0x00000012       0x13 build/stm32f1xx_hal_cortex.o
 .comment       0x00000012       0x13 build/stm32f1xx_hal_i2c.o
 .comment       0x00000012       0x13 build/stm32f1xx_hal_spi.o
 .comment       0x00000012       0x13 build/stm32f1xx_hal_uart.o
 .comment       0x00000012       0x13 build/system_stm32f1xx.o
 .comment       0x00000012       0x13 build/NRF24.o
 .comment       0x00000012       0x13 build/nrf24_comm.o
 .comment       0x00000012       0x13 c:/msys64/mingw64/bin/../lib/gcc/arm-none-eabi/12.2.0/../../../../arm-none-eabi/lib/thumb/v7-m/nofp\libc_nano.a(libc_a-memset.o)
 .comment       0x00000012       0x13 c:/msys64/mingw64/bin/../lib/gcc/arm-none-eabi/12.2.0/../../../../arm-none-eabi/lib/thumb/v7-m/nofp\libc_nano.a(libc_a-init.o)

.debug_info     0x00000000    0x1821f
 .debug_info    0x00000000     0x29b9 build/main.o
 .debug_info    0x000029b9     0x1001 build/stm32f1xx_it.o
 .debug_info    0x000039ba     0x1972 build/stm32f1xx_hal_msp.o
 .debug_info    0x0000532c     0x1205 build/stm32f1xx_hal_adc.o
 .debug_info    0x00006531      0xe2a build/stm32f1xx_hal_adc_ex.o
 .debug_info    0x0000735b      0x880 build/stm32f1xx_hal.o
 .debug_info    0x00007bdb      0xb10 build/stm32f1xx_hal_rcc.o
 .debug_info    0x000086eb      0x47d build/stm32f1xx_hal_rcc_ex.o
 .debug_info    0x00008b68      0x6d7 build/stm32f1xx_hal_gpio.o
 .debug_info    0x0000923f      0x8bd build/stm32f1xx_hal_dma.o
 .debug_info    0x00009afc      0xe13 build/stm32f1xx_hal_cortex.o
 .debug_info    0x0000a90f     0x3cdf build/stm32f1xx_hal_i2c.o
 .debug_info    0x0000e5ee     0x1f76 build/stm32f1xx_hal_spi.o
 .debug_info    0x00010564     0x457f build/stm32f1xx_hal_uart.o
 .debug_info    0x00014ae3      0x26e build/system_stm32f1xx.o
 .debug_info    0x00014d51     0x2098 build/NRF24.o
 .debug_info    0x00016de9      0xf97 build/nrf24_comm.o
 .debug_info    0x00017d80       0x30 build/startup_stm32f103xb.o
 .debug_info    0x00017db0      0x135 c:/msys64/mingw64/bin/../lib/gcc/arm-none-eabi/12.2.0/../../../../arm-none-eabi/lib/thumb/v7-m/nofp\libc_nano.a(libc_a-memset.o)
 .debug_info    0x00017ee5      0x10b c:/msys64/mingw64/bin/../lib/gcc/arm-none-eabi/12.2.0/../../../../arm-none-eabi/lib/thumb/v7-m/nofp\libc_nano.a(libc_a-init.o)
 .debug_info    0x00017ff0       0xaf c:/msys64/mingw64/bin/../lib/gcc/arm-none-eabi/12.2.0/thumb/v7-m/nofp\libgcc.a(_arm_addsubsf3.o)
 .debug_info    0x0001809f       0x52 c:/msys64/mingw64/bin/../lib/gcc/arm-none-eabi/12.2.0/thumb/v7-m/nofp\libgcc.a(_arm_muldivsf3.o)
 .debug_info    0x000180f1       0xbc c:/msys64/mingw64/bin/../lib/gcc/arm-none-eabi/12.2.0/thumb/v7-m/nofp\libgcc.a(_arm_cmpsf2.o)
 .debug_info    0x000181ad       0x39 c:/msys64/mingw64/bin/../lib/gcc/arm-none-eabi/12.2.0/thumb/v7-m/nofp\libgcc.a(_arm_fixsfsi.o)
 .debug_info    0x000181e6       0x39 c:/msys64/mingw64/bin/../lib/gcc/arm-none-eabi/12.2.0/thumb/v7-m/nofp\libgcc.a(_arm_fixunssfsi.o)

.debug_abbrev   0x00000000     0x30b2
 .debug_abbrev  0x00000000      0x3d5 build/main.o
 .debug_abbrev  0x000003d5      0x1d8 build/stm32f1xx_it.o
 .debug_abbrev  0x000005ad      0x27c build/stm32f1xx_hal_msp.o
 .debug_abbrev  0x00000829      0x296 build/stm32f1xx_hal_adc.o
 .debug_abbrev  0x00000abf      0x297 build/stm32f1xx_hal_adc_ex.o
 .debug_abbrev  0x00000d56      0x232 build/stm32f1xx_hal.o
 .debug_abbrev  0x00000f88      0x2d6 build/stm32f1xx_hal_rcc.o
 .debug_abbrev  0x0000125e      0x1d4 build/stm32f1xx_hal_rcc_ex.o
 .debug_abbrev  0x00001432      0x222 build/stm32f1xx_hal_gpio.o
 .debug_abbrev  0x00001654      0x261 build/stm32f1xx_hal_dma.o
 .debug_abbrev  0x000018b5      0x3aa build/stm32f1xx_hal_cortex.o
 .debug_abbrev  0x00001c5f      0x31e build/stm32f1xx_hal_i2c.o
 .debug_abbrev  0x00001f7d      0x2ea build/stm32f1xx_hal_spi.o
 .debug_abbrev  0x00002267      0x38d build/stm32f1xx_hal_uart.o
 .debug_abbrev  0x000025f4      0x140 build/system_stm32f1xx.o
 .debug_abbrev  0x00002734      0x31d build/NRF24.o
 .debug_abbrev  0x00002a51      0x41f build/nrf24_comm.o
 .debug_abbrev  0x00002e70       0x1d build/startup_stm32f103xb.o
 .debug_abbrev  0x00002e8d       0xb7 c:/msys64/mingw64/bin/../lib/gcc/arm-none-eabi/12.2.0/../../../../arm-none-eabi/lib/thumb/v7-m/nofp\libc_nano.a(libc_a-memset.o)
 .debug_abbrev  0x00002f44       0xc9 c:/msys64/mingw64/bin/../lib/gcc/arm-none-eabi/12.2.0/../../../../arm-none-eabi/lib/thumb/v7-m/nofp\libc_nano.a(libc_a-init.o)
 .debug_abbrev  0x0000300d       0x21 c:/msys64/mingw64/bin/../lib/gcc/arm-none-eabi/12.2.0/thumb/v7-m/nofp\libgcc.a(_arm_addsubsf3.o)
 .debug_abbrev  0x0000302e       0x21 c:/msys64/mingw64/bin/../lib/gcc/arm-none-eabi/12.2.0/thumb/v7-m/nofp\libgcc.a(_arm_muldivsf3.o)
 .debug_abbrev  0x0000304f       0x21 c:/msys64/mingw64/bin/../lib/gcc/arm-none-eabi/12.2.0/thumb/v7-m/nofp\libgcc.a(_arm_cmpsf2.o)
 .debug_abbrev  0x00003070       0x21 c:/msys64/mingw64/bin/../lib/gcc/arm-none-eabi/12.2.0/thumb/v7-m/nofp\libgcc.a(_arm_fixsfsi.o)
 .debug_abbrev  0x00003091       0x21 c:/msys64/mingw64/bin/../lib/gcc/arm-none-eabi/12.2.0/thumb/v7-m/nofp\libgcc.a(_arm_fixunssfsi.o)

.debug_loc      0x00000000    0x12b6b
 .debug_loc     0x00000000      0x6d6 build/main.o
 .debug_loc     0x000006d6      0x120 build/stm32f1xx_it.o
 .debug_loc     0x000007f6      0x3b1 build/stm32f1xx_hal_msp.o
 .debug_loc     0x00000ba7     0x1252 build/stm32f1xx_hal_adc.o
 .debug_loc     0x00001df9      0xa4e build/stm32f1xx_hal_adc_ex.o
 .debug_loc     0x00002847      0x1e1 build/stm32f1xx_hal.o
 .debug_loc     0x00002a28      0x790 build/stm32f1xx_hal_rcc.o
 .debug_loc     0x000031b8      0x495 build/stm32f1xx_hal_rcc_ex.o
 .debug_loc     0x0000364d      0x53c build/stm32f1xx_hal_gpio.o
 .debug_loc     0x00003b89      0x8fb build/stm32f1xx_hal_dma.o
 .debug_loc     0x00004484      0x782 build/stm32f1xx_hal_cortex.o
 .debug_loc     0x00004c06     0x4df1 build/stm32f1xx_hal_i2c.o
 .debug_loc     0x000099f7     0x2505 build/stm32f1xx_hal_spi.o
 .debug_loc     0x0000befc     0x5275 build/stm32f1xx_hal_uart.o
 .debug_loc     0x00011171       0xff build/system_stm32f1xx.o
 .debug_loc     0x00011270     0x12ee build/NRF24.o
 .debug_loc     0x0001255e      0x60d build/nrf24_comm.o

.debug_aranges  0x00000000     0x1090
 .debug_aranges
                0x00000000       0xb8 build/main.o
 .debug_aranges
                0x000000b8       0xa0 build/stm32f1xx_it.o
 .debug_aranges
                0x00000158       0x60 build/stm32f1xx_hal_msp.o
 .debug_aranges
                0x000001b8      0x100 build/stm32f1xx_hal_adc.o
 .debug_aranges
                0x000002b8       0x80 build/stm32f1xx_hal_adc_ex.o
 .debug_aranges
                0x00000338       0xe0 build/stm32f1xx_hal.o
 .debug_aranges
                0x00000418       0x90 build/stm32f1xx_hal_rcc.o
 .debug_aranges
                0x000004a8       0x30 build/stm32f1xx_hal_rcc_ex.o
 .debug_aranges
                0x000004d8       0x58 build/stm32f1xx_hal_gpio.o
 .debug_aranges
                0x00000530       0x80 build/stm32f1xx_hal_dma.o
 .debug_aranges
                0x000005b0       0xc0 build/stm32f1xx_hal_cortex.o
 .debug_aranges
                0x00000670      0x2a8 build/stm32f1xx_hal_i2c.o
 .debug_aranges
                0x00000918      0x1e0 build/stm32f1xx_hal_spi.o
 .debug_aranges
                0x00000af8      0x230 build/stm32f1xx_hal_uart.o
 .debug_aranges
                0x00000d28       0x28 build/system_stm32f1xx.o
 .debug_aranges
                0x00000d50      0x1a0 build/NRF24.o
 .debug_aranges
                0x00000ef0       0x98 build/nrf24_comm.o
 .debug_aranges
                0x00000f88       0x28 build/startup_stm32f103xb.o
 .debug_aranges
                0x00000fb0       0x20 c:/msys64/mingw64/bin/../lib/gcc/arm-none-eabi/12.2.0/../../../../arm-none-eabi/lib/thumb/v7-m/nofp\libc_nano.a(libc_a-memset.o)
 .debug_aranges
                0x00000fd0       0x20 c:/msys64/mingw64/bin/../lib/gcc/arm-none-eabi/12.2.0/../../../../arm-none-eabi/lib/thumb/v7-m/nofp\libc_nano.a(libc_a-init.o)
 .debug_aranges
                0x00000ff0       0x20 c:/msys64/mingw64/bin/../lib/gcc/arm-none-eabi/12.2.0/thumb/v7-m/nofp\libgcc.a(_arm_addsubsf3.o)
 .debug_aranges
                0x00001010       0x20 c:/msys64/mingw64/bin/../lib/gcc/arm-none-eabi/12.2.0/thumb/v7-m/nofp\libgcc.a(_arm_muldivsf3.o)
 .debug_aranges
                0x00001030       0x20 c:/msys64/mingw64/bin/../lib/gcc/arm-none-eabi/12.2.0/thumb/v7-m/nofp\libgcc.a(_arm_cmpsf2.o)
 .debug_aranges
                0x00001050       0x20 c:/msys64/mingw64/bin/../lib/gcc/arm-none-eabi/12.2.0/thumb/v7-m/nofp\libgcc.a(_arm_fixsfsi.o)
 .debug_aranges
                0x00001070       0x20 c:/msys64/mingw64/bin/../lib/gcc/arm-none-eabi/12.2.0/thumb/v7-m/nofp\libgcc.a(_arm_fixunssfsi.o)

.debug_ranges   0x00000000      0xf90
 .debug_ranges  0x00000000      0x108 build/main.o
 .debug_ranges  0x00000108       0x90 build/stm32f1xx_it.o
 .debug_ranges  0x00000198       0x50 build/stm32f1xx_hal_msp.o
 .debug_ranges  0x000001e8       0xf0 build/stm32f1xx_hal_adc.o
 .debug_ranges  0x000002d8       0x70 build/stm32f1xx_hal_adc_ex.o
 .debug_ranges  0x00000348       0xd0 build/stm32f1xx_hal.o
 .debug_ranges  0x00000418       0xa0 build/stm32f1xx_hal_rcc.o
 .debug_ranges  0x000004b8       0x38 build/stm32f1xx_hal_rcc_ex.o
 .debug_ranges  0x000004f0       0x48 build/stm32f1xx_hal_gpio.o
 .debug_ranges  0x00000538       0x70 build/stm32f1xx_hal_dma.o
 .debug_ranges  0x000005a8       0xb0 build/stm32f1xx_hal_cortex.o
 .debug_ranges  0x00000658      0x2b0 build/stm32f1xx_hal_i2c.o
 .debug_ranges  0x00000908      0x1d0 build/stm32f1xx_hal_spi.o
 .debug_ranges  0x00000ad8      0x238 build/stm32f1xx_hal_uart.o
 .debug_ranges  0x00000d10       0x18 build/system_stm32f1xx.o
 .debug_ranges  0x00000d28      0x1c0 build/NRF24.o
 .debug_ranges  0x00000ee8       0x88 build/nrf24_comm.o
 .debug_ranges  0x00000f70       0x20 build/startup_stm32f103xb.o

.debug_line     0x00000000    0x14097
 .debug_line    0x00000000      0xcdd build/main.o
 .debug_line    0x00000cdd      0x397 build/stm32f1xx_it.o
 .debug_line    0x00001074      0x4d9 build/stm32f1xx_hal_msp.o
 .debug_line    0x0000154d     0x1186 build/stm32f1xx_hal_adc.o
 .debug_line    0x000026d3      0xb44 build/stm32f1xx_hal_adc_ex.o
 .debug_line    0x00003217      0x4d0 build/stm32f1xx_hal.o
 .debug_line    0x000036e7      0xbb8 build/stm32f1xx_hal_rcc.o
 .debug_line    0x0000429f      0x42d build/stm32f1xx_hal_rcc_ex.o
 .debug_line    0x000046cc      0x54d build/stm32f1xx_hal_gpio.o
 .debug_line    0x00004c19      0x9fc build/stm32f1xx_hal_dma.o
 .debug_line    0x00005615      0x673 build/stm32f1xx_hal_cortex.o
 .debug_line    0x00005c88     0x563b build/stm32f1xx_hal_i2c.o
 .debug_line    0x0000b2c3     0x29e1 build/stm32f1xx_hal_spi.o
 .debug_line    0x0000dca4     0x47c0 build/stm32f1xx_hal_uart.o
 .debug_line    0x00012464      0x1e8 build/system_stm32f1xx.o
 .debug_line    0x0001264c      0xc04 build/NRF24.o
 .debug_line    0x00013250      0x745 build/nrf24_comm.o
 .debug_line    0x00013995       0x71 build/startup_stm32f103xb.o
 .debug_line    0x00013a06      0x1cd c:/msys64/mingw64/bin/../lib/gcc/arm-none-eabi/12.2.0/../../../../arm-none-eabi/lib/thumb/v7-m/nofp\libc_nano.a(libc_a-memset.o)
 .debug_line    0x00013bd3      0x144 c:/msys64/mingw64/bin/../lib/gcc/arm-none-eabi/12.2.0/../../../../arm-none-eabi/lib/thumb/v7-m/nofp\libc_nano.a(libc_a-init.o)
 .debug_line    0x00013d17      0x103 c:/msys64/mingw64/bin/../lib/gcc/arm-none-eabi/12.2.0/thumb/v7-m/nofp\libgcc.a(_arm_addsubsf3.o)
 .debug_line    0x00013e1a      0x123 c:/msys64/mingw64/bin/../lib/gcc/arm-none-eabi/12.2.0/thumb/v7-m/nofp\libgcc.a(_arm_muldivsf3.o)
 .debug_line    0x00013f3d       0x9a c:/msys64/mingw64/bin/../lib/gcc/arm-none-eabi/12.2.0/thumb/v7-m/nofp\libgcc.a(_arm_cmpsf2.o)
 .debug_line    0x00013fd7       0x62 c:/msys64/mingw64/bin/../lib/gcc/arm-none-eabi/12.2.0/thumb/v7-m/nofp\libgcc.a(_arm_fixsfsi.o)
 .debug_line    0x00014039       0x5e c:/msys64/mingw64/bin/../lib/gcc/arm-none-eabi/12.2.0/thumb/v7-m/nofp\libgcc.a(_arm_fixunssfsi.o)

.debug_str      0x00000000     0x4af0
 .debug_str     0x00000000     0x4af0 build/main.o
                               0x1830 (size before relaxing)
 .debug_str     0x00004af0      0xb05 build/stm32f1xx_it.o
 .debug_str     0x00004af0     0x10cc build/stm32f1xx_hal_msp.o
 .debug_str     0x00004af0      0xa5b build/stm32f1xx_hal_adc.o
 .debug_str     0x00004af0      0x8f3 build/stm32f1xx_hal_adc_ex.o
 .debug_str     0x00004af0      0x7dc build/stm32f1xx_hal.o
 .debug_str     0x00004af0      0x5d9 build/stm32f1xx_hal_rcc.o
 .debug_str     0x00004af0      0x381 build/stm32f1xx_hal_rcc_ex.o
 .debug_str     0x00004af0      0x3ae build/stm32f1xx_hal_gpio.o
 .debug_str     0x00004af0      0x5ab build/stm32f1xx_hal_dma.o
 .debug_str     0x00004af0      0x881 build/stm32f1xx_hal_cortex.o
 .debug_str     0x00004af0      0xf73 build/stm32f1xx_hal_i2c.o
 .debug_str     0x00004af0      0xd41 build/stm32f1xx_hal_spi.o
 .debug_str     0x00004af0      0xfad build/stm32f1xx_hal_uart.o
 .debug_str     0x00004af0      0x202 build/system_stm32f1xx.o
 .debug_str     0x00004af0      0xa64 build/NRF24.o
 .debug_str     0x00004af0      0x8ad build/nrf24_comm.o
 .debug_str     0x00004af0       0x40 build/startup_stm32f103xb.o
 .debug_str     0x00004af0      0x193 c:/msys64/mingw64/bin/../lib/gcc/arm-none-eabi/12.2.0/../../../../arm-none-eabi/lib/thumb/v7-m/nofp\libc_nano.a(libc_a-memset.o)
 .debug_str     0x00004af0      0x1e0 c:/msys64/mingw64/bin/../lib/gcc/arm-none-eabi/12.2.0/../../../../arm-none-eabi/lib/thumb/v7-m/nofp\libc_nano.a(libc_a-init.o)
 .debug_str     0x00004af0      0x155 c:/msys64/mingw64/bin/../lib/gcc/arm-none-eabi/12.2.0/thumb/v7-m/nofp\libgcc.a(_arm_addsubsf3.o)
 .debug_str     0x00004af0       0xe1 c:/msys64/mingw64/bin/../lib/gcc/arm-none-eabi/12.2.0/thumb/v7-m/nofp\libgcc.a(_arm_muldivsf3.o)
 .debug_str     0x00004af0      0x16a c:/msys64/mingw64/bin/../lib/gcc/arm-none-eabi/12.2.0/thumb/v7-m/nofp\libgcc.a(_arm_cmpsf2.o)
 .debug_str     0x00004af0       0xcc c:/msys64/mingw64/bin/../lib/gcc/arm-none-eabi/12.2.0/thumb/v7-m/nofp\libgcc.a(_arm_fixsfsi.o)
 .debug_str     0x00004af0       0xd0 c:/msys64/mingw64/bin/../lib/gcc/arm-none-eabi/12.2.0/thumb/v7-m/nofp\libgcc.a(_arm_fixunssfsi.o)

.debug_frame    0x00000000     0x2fd0
 .debug_frame   0x00000000      0x228 build/main.o
 .debug_frame   0x00000228      0x168 build/stm32f1xx_it.o
 .debug_frame   0x00000390      0x110 build/stm32f1xx_hal_msp.o
 .debug_frame   0x000004a0      0x2fc build/stm32f1xx_hal_adc.o
 .debug_frame   0x0000079c      0x19c build/stm32f1xx_hal_adc_ex.o
 .debug_frame   0x00000938      0x1cc build/stm32f1xx_hal.o
 .debug_frame   0x00000b04      0x184 build/stm32f1xx_hal_rcc.o
 .debug_frame   0x00000c88       0x5c build/stm32f1xx_hal_rcc_ex.o
 .debug_frame   0x00000ce4       0xe4 build/stm32f1xx_hal_gpio.o
 .debug_frame   0x00000dc8      0x144 build/stm32f1xx_hal_dma.o
 .debug_frame   0x00000f0c      0x19c build/stm32f1xx_hal_cortex.o
 .debug_frame   0x000010a8      0x988 build/stm32f1xx_hal_i2c.o
 .debug_frame   0x00001a30      0x5fc build/stm32f1xx_hal_spi.o
 .debug_frame   0x0000202c      0x640 build/stm32f1xx_hal_uart.o
 .debug_frame   0x0000266c       0x30 build/system_stm32f1xx.o
 .debug_frame   0x0000269c      0x5b8 build/NRF24.o
 .debug_frame   0x00002c54      0x190 build/nrf24_comm.o
 .debug_frame   0x00002de4       0x2c c:/msys64/mingw64/bin/../lib/gcc/arm-none-eabi/12.2.0/../../../../arm-none-eabi/lib/thumb/v7-m/nofp\libc_nano.a(libc_a-memset.o)
 .debug_frame   0x00002e10       0x2c c:/msys64/mingw64/bin/../lib/gcc/arm-none-eabi/12.2.0/../../../../arm-none-eabi/lib/thumb/v7-m/nofp\libc_nano.a(libc_a-init.o)
 .debug_frame   0x00002e3c       0x4c c:/msys64/mingw64/bin/../lib/gcc/arm-none-eabi/12.2.0/thumb/v7-m/nofp\libgcc.a(_arm_addsubsf3.o)
 .debug_frame   0x00002e88       0x38 c:/msys64/mingw64/bin/../lib/gcc/arm-none-eabi/12.2.0/thumb/v7-m/nofp\libgcc.a(_arm_muldivsf3.o)
 .debug_frame   0x00002ec0       0xc8 c:/msys64/mingw64/bin/../lib/gcc/arm-none-eabi/12.2.0/thumb/v7-m/nofp\libgcc.a(_arm_cmpsf2.o)
 .debug_frame   0x00002f88       0x24 c:/msys64/mingw64/bin/../lib/gcc/arm-none-eabi/12.2.0/thumb/v7-m/nofp\libgcc.a(_arm_fixsfsi.o)
 .debug_frame   0x00002fac       0x24 c:/msys64/mingw64/bin/../lib/gcc/arm-none-eabi/12.2.0/thumb/v7-m/nofp\libgcc.a(_arm_fixunssfsi.o)

.debug_loclists
                0x00000000      0x230
 .debug_loclists
                0x00000000      0x1cb c:/msys64/mingw64/bin/../lib/gcc/arm-none-eabi/12.2.0/../../../../arm-none-eabi/lib/thumb/v7-m/nofp\libc_nano.a(libc_a-memset.o)
 .debug_loclists
                0x000001cb       0x65 c:/msys64/mingw64/bin/../lib/gcc/arm-none-eabi/12.2.0/../../../../arm-none-eabi/lib/thumb/v7-m/nofp\libc_nano.a(libc_a-init.o)

.debug_line_str
                0x00000000       0xa9
 .debug_line_str
                0x00000000       0xa9 c:/msys64/mingw64/bin/../lib/gcc/arm-none-eabi/12.2.0/thumb/v7-m/nofp\libgcc.a(_arm_addsubsf3.o)
 .debug_line_str
                0x000000a9       0xa9 c:/msys64/mingw64/bin/../lib/gcc/arm-none-eabi/12.2.0/thumb/v7-m/nofp\libgcc.a(_arm_muldivsf3.o)
 .debug_line_str
                0x000000a9       0xa9 c:/msys64/mingw64/bin/../lib/gcc/arm-none-eabi/12.2.0/thumb/v7-m/nofp\libgcc.a(_arm_cmpsf2.o)
 .debug_line_str
                0x000000a9       0xa9 c:/msys64/mingw64/bin/../lib/gcc/arm-none-eabi/12.2.0/thumb/v7-m/nofp\libgcc.a(_arm_fixsfsi.o)
 .debug_line_str
                0x000000a9       0xa9 c:/msys64/mingw64/bin/../lib/gcc/arm-none-eabi/12.2.0/thumb/v7-m/nofp\libgcc.a(_arm_fixunssfsi.o)

Cross Reference Table

Symbol                                            File
ADC1_2_IRQHandler                                 build/stm32f1xx_it.o
ADC_ConversionStop_Disable                        build/stm32f1xx_hal_adc.o
                                                  build/stm32f1xx_hal_adc_ex.o
ADC_DMAConvCplt                                   build/stm32f1xx_hal_adc.o
                                                  build/stm32f1xx_hal_adc_ex.o
ADC_DMAError                                      build/stm32f1xx_hal_adc.o
                                                  build/stm32f1xx_hal_adc_ex.o
ADC_DMAHalfConvCplt                               build/stm32f1xx_hal_adc.o
                                                  build/stm32f1xx_hal_adc_ex.o
ADC_Enable                                        build/stm32f1xx_hal_adc.o
                                                  build/stm32f1xx_hal_adc_ex.o
AHBPrescTable                                     build/system_stm32f1xx.o
                                                  build/stm32f1xx_hal_rcc.o
APBPrescTable                                     build/system_stm32f1xx.o
                                                  build/stm32f1xx_hal_rcc.o
AUX1                                              build/main.o
AUX2                                              build/main.o
AUX3                                              build/main.o
BusFault_Handler                                  build/stm32f1xx_it.o
CAN1_RX1_IRQHandler                               build/startup_stm32f103xb.o
CAN1_SCE_IRQHandler                               build/startup_stm32f103xb.o
DMA1_Channel1_IRQHandler                          build/stm32f1xx_it.o
DMA1_Channel2_IRQHandler                          build/startup_stm32f103xb.o
DMA1_Channel3_IRQHandler                          build/startup_stm32f103xb.o
DMA1_Channel4_IRQHandler                          build/startup_stm32f103xb.o
DMA1_Channel5_IRQHandler                          build/startup_stm32f103xb.o
DMA1_Channel6_IRQHandler                          build/startup_stm32f103xb.o
DMA1_Channel7_IRQHandler                          build/startup_stm32f103xb.o
DebugMon_Handler                                  build/stm32f1xx_it.o
Default_Handler                                   build/startup_stm32f103xb.o
EXTI0_IRQHandler                                  build/stm32f1xx_it.o
EXTI15_10_IRQHandler                              build/stm32f1xx_it.o
EXTI1_IRQHandler                                  build/stm32f1xx_it.o
EXTI2_IRQHandler                                  build/startup_stm32f103xb.o
EXTI3_IRQHandler                                  build/startup_stm32f103xb.o
EXTI4_IRQHandler                                  build/startup_stm32f103xb.o
EXTI9_5_IRQHandler                                build/stm32f1xx_it.o
Error_Handler                                     build/main.o
                                                  build/stm32f1xx_hal_msp.o
FLASH_IRQHandler                                  build/startup_stm32f103xb.o
FLASH_PageErase                                   build/stm32f1xx_hal_flash_ex.o
                                                  build/stm32f1xx_hal_flash.o
FLASH_WaitForLastOperation                        build/stm32f1xx_hal_flash.o
                                                  build/stm32f1xx_hal_flash_ex.o
HAL_ADCEx_Calibration_Start                       build/stm32f1xx_hal_adc_ex.o
HAL_ADCEx_InjectedConfigChannel                   build/stm32f1xx_hal_adc_ex.o
HAL_ADCEx_InjectedConvCpltCallback                build/stm32f1xx_hal_adc_ex.o
                                                  build/stm32f1xx_hal_adc.o
HAL_ADCEx_InjectedGetValue                        build/stm32f1xx_hal_adc_ex.o
HAL_ADCEx_InjectedPollForConversion               build/stm32f1xx_hal_adc_ex.o
HAL_ADCEx_InjectedStart                           build/stm32f1xx_hal_adc_ex.o
HAL_ADCEx_InjectedStart_IT                        build/stm32f1xx_hal_adc_ex.o
HAL_ADCEx_InjectedStop                            build/stm32f1xx_hal_adc_ex.o
HAL_ADCEx_InjectedStop_IT                         build/stm32f1xx_hal_adc_ex.o
HAL_ADCEx_MultiModeConfigChannel                  build/stm32f1xx_hal_adc_ex.o
HAL_ADCEx_MultiModeGetValue                       build/stm32f1xx_hal_adc_ex.o
HAL_ADCEx_MultiModeStart_DMA                      build/stm32f1xx_hal_adc_ex.o
HAL_ADCEx_MultiModeStop_DMA                       build/stm32f1xx_hal_adc_ex.o
HAL_ADC_AnalogWDGConfig                           build/stm32f1xx_hal_adc.o
HAL_ADC_ConfigChannel                             build/stm32f1xx_hal_adc.o
                                                  build/main.o
HAL_ADC_ConvCpltCallback                          build/main.o
HAL_ADC_ConvHalfCpltCallback                      build/stm32f1xx_hal_adc.o
HAL_ADC_DeInit                                    build/stm32f1xx_hal_adc.o
HAL_ADC_ErrorCallback                             build/stm32f1xx_hal_adc.o
HAL_ADC_GetError                                  build/stm32f1xx_hal_adc.o
HAL_ADC_GetState                                  build/stm32f1xx_hal_adc.o
HAL_ADC_GetValue                                  build/stm32f1xx_hal_adc.o
HAL_ADC_IRQHandler                                build/stm32f1xx_hal_adc.o
                                                  build/stm32f1xx_it.o
HAL_ADC_Init                                      build/stm32f1xx_hal_adc.o
                                                  build/main.o
HAL_ADC_LevelOutOfWindowCallback                  build/stm32f1xx_hal_adc.o
HAL_ADC_MspDeInit                                 build/stm32f1xx_hal_msp.o
HAL_ADC_MspInit                                   build/stm32f1xx_hal_msp.o
HAL_ADC_PollForConversion                         build/stm32f1xx_hal_adc.o
HAL_ADC_PollForEvent                              build/stm32f1xx_hal_adc.o
HAL_ADC_RegisterCallback                          build/stm32f1xx_hal_adc.o
HAL_ADC_Start                                     build/stm32f1xx_hal_adc.o
HAL_ADC_Start_DMA                                 build/stm32f1xx_hal_adc.o
                                                  build/main.o
HAL_ADC_Start_IT                                  build/stm32f1xx_hal_adc.o
HAL_ADC_Stop                                      build/stm32f1xx_hal_adc.o
HAL_ADC_Stop_DMA                                  build/stm32f1xx_hal_adc.o
HAL_ADC_Stop_IT                                   build/stm32f1xx_hal_adc.o
HAL_ADC_UnRegisterCallback                        build/stm32f1xx_hal_adc.o
HAL_DBGMCU_DisableDBGSleepMode                    build/stm32f1xx_hal.o
HAL_DBGMCU_DisableDBGStandbyMode                  build/stm32f1xx_hal.o
HAL_DBGMCU_DisableDBGStopMode                     build/stm32f1xx_hal.o
HAL_DBGMCU_EnableDBGSleepMode                     build/stm32f1xx_hal.o
HAL_DBGMCU_EnableDBGStandbyMode                   build/stm32f1xx_hal.o
HAL_DBGMCU_EnableDBGStopMode                      build/stm32f1xx_hal.o
HAL_DMA_Abort                                     build/stm32f1xx_hal_dma.o
                                                  build/stm32f1xx_hal_uart.o
                                                  build/stm32f1xx_hal_spi.o
                                                  build/stm32f1xx_hal_adc_ex.o
                                                  build/stm32f1xx_hal_adc.o
HAL_DMA_Abort_IT                                  build/stm32f1xx_hal_dma.o
                                                  build/stm32f1xx_hal_uart.o
                                                  build/stm32f1xx_hal_spi.o
                                                  build/stm32f1xx_hal_i2c.o
HAL_DMA_DeInit                                    build/stm32f1xx_hal_dma.o
                                                  build/stm32f1xx_hal_msp.o
HAL_DMA_GetError                                  build/stm32f1xx_hal_dma.o
                                                  build/stm32f1xx_hal_uart.o
HAL_DMA_GetState                                  build/stm32f1xx_hal_dma.o
                                                  build/stm32f1xx_hal_i2c.o
HAL_DMA_IRQHandler                                build/stm32f1xx_hal_dma.o
                                                  build/stm32f1xx_it.o
HAL_DMA_Init                                      build/stm32f1xx_hal_dma.o
                                                  build/stm32f1xx_hal_msp.o
HAL_DMA_PollForTransfer                           build/stm32f1xx_hal_dma.o
HAL_DMA_RegisterCallback                          build/stm32f1xx_hal_dma.o
HAL_DMA_Start                                     build/stm32f1xx_hal_dma.o
HAL_DMA_Start_IT                                  build/stm32f1xx_hal_dma.o
                                                  build/stm32f1xx_hal_uart.o
                                                  build/stm32f1xx_hal_spi.o
                                                  build/stm32f1xx_hal_i2c.o
                                                  build/stm32f1xx_hal_adc_ex.o
                                                  build/stm32f1xx_hal_adc.o
HAL_DMA_UnRegisterCallback                        build/stm32f1xx_hal_dma.o
HAL_DeInit                                        build/stm32f1xx_hal.o
HAL_Delay                                         build/stm32f1xx_hal.o
                                                  build/nrf24_comm.o
                                                  build/NRF24.o
                                                  build/main.o
HAL_EXTI_ClearConfigLine                          build/stm32f1xx_hal_exti.o
HAL_EXTI_ClearPending                             build/stm32f1xx_hal_exti.o
HAL_EXTI_GenerateSWI                              build/stm32f1xx_hal_exti.o
HAL_EXTI_GetConfigLine                            build/stm32f1xx_hal_exti.o
HAL_EXTI_GetHandle                                build/stm32f1xx_hal_exti.o
HAL_EXTI_GetPending                               build/stm32f1xx_hal_exti.o
HAL_EXTI_IRQHandler                               build/stm32f1xx_hal_exti.o
HAL_EXTI_RegisterCallback                         build/stm32f1xx_hal_exti.o
HAL_EXTI_SetConfigLine                            build/stm32f1xx_hal_exti.o
HAL_FLASHEx_Erase                                 build/stm32f1xx_hal_flash_ex.o
HAL_FLASHEx_Erase_IT                              build/stm32f1xx_hal_flash_ex.o
HAL_FLASHEx_OBErase                               build/stm32f1xx_hal_flash_ex.o
HAL_FLASHEx_OBGetConfig                           build/stm32f1xx_hal_flash_ex.o
HAL_FLASHEx_OBGetUserData                         build/stm32f1xx_hal_flash_ex.o
HAL_FLASHEx_OBProgram                             build/stm32f1xx_hal_flash_ex.o
HAL_FLASH_EndOfOperationCallback                  build/stm32f1xx_hal_flash.o
HAL_FLASH_GetError                                build/stm32f1xx_hal_flash.o
HAL_FLASH_IRQHandler                              build/stm32f1xx_hal_flash.o
HAL_FLASH_Lock                                    build/stm32f1xx_hal_flash.o
HAL_FLASH_OB_Launch                               build/stm32f1xx_hal_flash.o
HAL_FLASH_OB_Lock                                 build/stm32f1xx_hal_flash.o
HAL_FLASH_OB_Unlock                               build/stm32f1xx_hal_flash.o
HAL_FLASH_OperationErrorCallback                  build/stm32f1xx_hal_flash.o
HAL_FLASH_Program                                 build/stm32f1xx_hal_flash.o
HAL_FLASH_Program_IT                              build/stm32f1xx_hal_flash.o
HAL_FLASH_Unlock                                  build/stm32f1xx_hal_flash.o
HAL_GPIOEx_ConfigEventout                         build/stm32f1xx_hal_gpio_ex.o
HAL_GPIOEx_DisableEventout                        build/stm32f1xx_hal_gpio_ex.o
HAL_GPIOEx_EnableEventout                         build/stm32f1xx_hal_gpio_ex.o
HAL_GPIO_DeInit                                   build/stm32f1xx_hal_gpio.o
                                                  build/stm32f1xx_hal_msp.o
HAL_GPIO_EXTI_Callback                            build/main.o
HAL_GPIO_EXTI_IRQHandler                          build/stm32f1xx_hal_gpio.o
                                                  build/stm32f1xx_it.o
HAL_GPIO_Init                                     build/stm32f1xx_hal_gpio.o
                                                  build/stm32f1xx_hal_rcc.o
                                                  build/stm32f1xx_hal_msp.o
                                                  build/main.o
HAL_GPIO_LockPin                                  build/stm32f1xx_hal_gpio.o
HAL_GPIO_ReadPin                                  build/stm32f1xx_hal_gpio.o
                                                  build/main.o
HAL_GPIO_TogglePin                                build/stm32f1xx_hal_gpio.o
HAL_GPIO_WritePin                                 build/stm32f1xx_hal_gpio.o
                                                  build/nrf24_comm.o
                                                  build/NRF24.o
                                                  build/main.o
HAL_GetDEVID                                      build/stm32f1xx_hal.o
HAL_GetHalVersion                                 build/stm32f1xx_hal.o
HAL_GetREVID                                      build/stm32f1xx_hal.o
HAL_GetTick                                       build/stm32f1xx_hal.o
                                                  build/nrf24_comm.o
                                                  build/stm32f1xx_hal_uart.o
                                                  build/stm32f1xx_hal_spi.o
                                                  build/stm32f1xx_hal_i2c.o
                                                  build/stm32f1xx_hal_flash.o
                                                  build/stm32f1xx_hal_dma.o
                                                  build/stm32f1xx_hal_rcc_ex.o
                                                  build/stm32f1xx_hal_rcc.o
                                                  build/stm32f1xx_hal_adc_ex.o
                                                  build/stm32f1xx_hal_adc.o
                                                  build/main.o
HAL_GetTickFreq                                   build/stm32f1xx_hal.o
HAL_GetTickPrio                                   build/stm32f1xx_hal.o
HAL_GetUIDw0                                      build/stm32f1xx_hal.o
HAL_GetUIDw1                                      build/stm32f1xx_hal.o
HAL_GetUIDw2                                      build/stm32f1xx_hal.o
HAL_HalfDuplex_EnableReceiver                     build/stm32f1xx_hal_uart.o
HAL_HalfDuplex_EnableTransmitter                  build/stm32f1xx_hal_uart.o
HAL_HalfDuplex_Init                               build/stm32f1xx_hal_uart.o
HAL_I2C_AbortCpltCallback                         build/stm32f1xx_hal_i2c.o
HAL_I2C_AddrCallback                              build/stm32f1xx_hal_i2c.o
HAL_I2C_DeInit                                    build/stm32f1xx_hal_i2c.o
HAL_I2C_DisableListen_IT                          build/stm32f1xx_hal_i2c.o
HAL_I2C_ER_IRQHandler                             build/stm32f1xx_hal_i2c.o
HAL_I2C_EV_IRQHandler                             build/stm32f1xx_hal_i2c.o
HAL_I2C_EnableListen_IT                           build/stm32f1xx_hal_i2c.o
HAL_I2C_ErrorCallback                             build/stm32f1xx_hal_i2c.o
HAL_I2C_GetError                                  build/stm32f1xx_hal_i2c.o
HAL_I2C_GetMode                                   build/stm32f1xx_hal_i2c.o
HAL_I2C_GetState                                  build/stm32f1xx_hal_i2c.o
HAL_I2C_Init                                      build/stm32f1xx_hal_i2c.o
                                                  build/main.o
HAL_I2C_IsDeviceReady                             build/stm32f1xx_hal_i2c.o
HAL_I2C_ListenCpltCallback                        build/stm32f1xx_hal_i2c.o
HAL_I2C_MasterRxCpltCallback                      build/stm32f1xx_hal_i2c.o
HAL_I2C_MasterTxCpltCallback                      build/stm32f1xx_hal_i2c.o
HAL_I2C_Master_Abort_IT                           build/stm32f1xx_hal_i2c.o
HAL_I2C_Master_Receive                            build/stm32f1xx_hal_i2c.o
HAL_I2C_Master_Receive_DMA                        build/stm32f1xx_hal_i2c.o
HAL_I2C_Master_Receive_IT                         build/stm32f1xx_hal_i2c.o
HAL_I2C_Master_Seq_Receive_DMA                    build/stm32f1xx_hal_i2c.o
HAL_I2C_Master_Seq_Receive_IT                     build/stm32f1xx_hal_i2c.o
HAL_I2C_Master_Seq_Transmit_DMA                   build/stm32f1xx_hal_i2c.o
HAL_I2C_Master_Seq_Transmit_IT                    build/stm32f1xx_hal_i2c.o
HAL_I2C_Master_Transmit                           build/stm32f1xx_hal_i2c.o
HAL_I2C_Master_Transmit_DMA                       build/stm32f1xx_hal_i2c.o
HAL_I2C_Master_Transmit_IT                        build/stm32f1xx_hal_i2c.o
HAL_I2C_MemRxCpltCallback                         build/stm32f1xx_hal_i2c.o
HAL_I2C_MemTxCpltCallback                         build/stm32f1xx_hal_i2c.o
HAL_I2C_Mem_Read                                  build/stm32f1xx_hal_i2c.o
HAL_I2C_Mem_Read_DMA                              build/stm32f1xx_hal_i2c.o
HAL_I2C_Mem_Read_IT                               build/stm32f1xx_hal_i2c.o
HAL_I2C_Mem_Write                                 build/stm32f1xx_hal_i2c.o
HAL_I2C_Mem_Write_DMA                             build/stm32f1xx_hal_i2c.o
HAL_I2C_Mem_Write_IT                              build/stm32f1xx_hal_i2c.o
HAL_I2C_MspDeInit                                 build/stm32f1xx_hal_msp.o
HAL_I2C_MspInit                                   build/stm32f1xx_hal_msp.o
HAL_I2C_SlaveRxCpltCallback                       build/stm32f1xx_hal_i2c.o
HAL_I2C_SlaveTxCpltCallback                       build/stm32f1xx_hal_i2c.o
HAL_I2C_Slave_Receive                             build/stm32f1xx_hal_i2c.o
HAL_I2C_Slave_Receive_DMA                         build/stm32f1xx_hal_i2c.o
HAL_I2C_Slave_Receive_IT                          build/stm32f1xx_hal_i2c.o
HAL_I2C_Slave_Seq_Receive_DMA                     build/stm32f1xx_hal_i2c.o
HAL_I2C_Slave_Seq_Receive_IT                      build/stm32f1xx_hal_i2c.o
HAL_I2C_Slave_Seq_Transmit_DMA                    build/stm32f1xx_hal_i2c.o
HAL_I2C_Slave_Seq_Transmit_IT                     build/stm32f1xx_hal_i2c.o
HAL_I2C_Slave_Transmit                            build/stm32f1xx_hal_i2c.o
HAL_I2C_Slave_Transmit_DMA                        build/stm32f1xx_hal_i2c.o
HAL_I2C_Slave_Transmit_IT                         build/stm32f1xx_hal_i2c.o
HAL_IncTick                                       build/stm32f1xx_hal.o
                                                  build/stm32f1xx_it.o
HAL_Init                                          build/stm32f1xx_hal.o
                                                  build/main.o
HAL_InitTick                                      build/stm32f1xx_hal.o
                                                  build/stm32f1xx_hal_rcc.o
HAL_LIN_Init                                      build/stm32f1xx_hal_uart.o
HAL_LIN_SendBreak                                 build/stm32f1xx_hal_uart.o
HAL_MspDeInit                                     build/stm32f1xx_hal.o
HAL_MspInit                                       build/stm32f1xx_hal_msp.o
HAL_MultiProcessor_EnterMuteMode                  build/stm32f1xx_hal_uart.o
HAL_MultiProcessor_ExitMuteMode                   build/stm32f1xx_hal_uart.o
HAL_MultiProcessor_Init                           build/stm32f1xx_hal_uart.o
HAL_NVIC_ClearPendingIRQ                          build/stm32f1xx_hal_cortex.o
HAL_NVIC_DisableIRQ                               build/stm32f1xx_hal_cortex.o
                                                  build/stm32f1xx_hal_msp.o
HAL_NVIC_EnableIRQ                                build/stm32f1xx_hal_cortex.o
                                                  build/stm32f1xx_hal_msp.o
                                                  build/main.o
HAL_NVIC_GetActive                                build/stm32f1xx_hal_cortex.o
HAL_NVIC_GetPendingIRQ                            build/stm32f1xx_hal_cortex.o
HAL_NVIC_GetPriority                              build/stm32f1xx_hal_cortex.o
HAL_NVIC_GetPriorityGrouping                      build/stm32f1xx_hal_cortex.o
HAL_NVIC_SetPendingIRQ                            build/stm32f1xx_hal_cortex.o
HAL_NVIC_SetPriority                              build/stm32f1xx_hal_cortex.o
                                                  build/stm32f1xx_hal.o
                                                  build/stm32f1xx_hal_msp.o
                                                  build/main.o
HAL_NVIC_SetPriorityGrouping                      build/stm32f1xx_hal_cortex.o
                                                  build/stm32f1xx_hal.o
HAL_NVIC_SystemReset                              build/stm32f1xx_hal_cortex.o
                                                  build/stm32f1xx_hal_flash.o
HAL_PWR_ConfigPVD                                 build/stm32f1xx_hal_pwr.o
HAL_PWR_DeInit                                    build/stm32f1xx_hal_pwr.o
HAL_PWR_DisableBkUpAccess                         build/stm32f1xx_hal_pwr.o
HAL_PWR_DisablePVD                                build/stm32f1xx_hal_pwr.o
HAL_PWR_DisableSEVOnPend                          build/stm32f1xx_hal_pwr.o
HAL_PWR_DisableSleepOnExit                        build/stm32f1xx_hal_pwr.o
HAL_PWR_DisableWakeUpPin                          build/stm32f1xx_hal_pwr.o
HAL_PWR_EnableBkUpAccess                          build/stm32f1xx_hal_pwr.o
HAL_PWR_EnablePVD                                 build/stm32f1xx_hal_pwr.o
HAL_PWR_EnableSEVOnPend                           build/stm32f1xx_hal_pwr.o
HAL_PWR_EnableSleepOnExit                         build/stm32f1xx_hal_pwr.o
HAL_PWR_EnableWakeUpPin                           build/stm32f1xx_hal_pwr.o
HAL_PWR_EnterSLEEPMode                            build/stm32f1xx_hal_pwr.o
HAL_PWR_EnterSTANDBYMode                          build/stm32f1xx_hal_pwr.o
HAL_PWR_EnterSTOPMode                             build/stm32f1xx_hal_pwr.o
HAL_PWR_PVDCallback                               build/stm32f1xx_hal_pwr.o
HAL_PWR_PVD_IRQHandler                            build/stm32f1xx_hal_pwr.o
HAL_RCCEx_GetPeriphCLKConfig                      build/stm32f1xx_hal_rcc_ex.o
HAL_RCCEx_GetPeriphCLKFreq                        build/stm32f1xx_hal_rcc_ex.o
                                                  build/stm32f1xx_hal_adc_ex.o
                                                  build/stm32f1xx_hal_adc.o
HAL_RCCEx_PeriphCLKConfig                         build/stm32f1xx_hal_rcc_ex.o
                                                  build/main.o
HAL_RCC_CSSCallback                               build/stm32f1xx_hal_rcc.o
HAL_RCC_ClockConfig                               build/stm32f1xx_hal_rcc.o
                                                  build/main.o
HAL_RCC_DeInit                                    build/stm32f1xx_hal_rcc.o
HAL_RCC_DisableCSS                                build/stm32f1xx_hal_rcc.o
HAL_RCC_EnableCSS                                 build/stm32f1xx_hal_rcc.o
HAL_RCC_GetClockConfig                            build/stm32f1xx_hal_rcc.o
HAL_RCC_GetHCLKFreq                               build/stm32f1xx_hal_rcc.o
HAL_RCC_GetOscConfig                              build/stm32f1xx_hal_rcc.o
HAL_RCC_GetPCLK1Freq                              build/stm32f1xx_hal_rcc.o
                                                  build/stm32f1xx_hal_uart.o
                                                  build/stm32f1xx_hal_i2c.o
HAL_RCC_GetPCLK2Freq                              build/stm32f1xx_hal_rcc.o
                                                  build/stm32f1xx_hal_uart.o
                                                  build/stm32f1xx_hal_rcc_ex.o
HAL_RCC_GetSysClockFreq                           build/stm32f1xx_hal_rcc.o
HAL_RCC_MCOConfig                                 build/stm32f1xx_hal_rcc.o
HAL_RCC_NMI_IRQHandler                            build/stm32f1xx_hal_rcc.o
HAL_RCC_OscConfig                                 build/stm32f1xx_hal_rcc.o
                                                  build/main.o
HAL_ResumeTick                                    build/stm32f1xx_hal.o
HAL_SPI_Abort                                     build/stm32f1xx_hal_spi.o
HAL_SPI_AbortCpltCallback                         build/stm32f1xx_hal_spi.o
HAL_SPI_Abort_IT                                  build/stm32f1xx_hal_spi.o
HAL_SPI_DMAPause                                  build/stm32f1xx_hal_spi.o
HAL_SPI_DMAResume                                 build/stm32f1xx_hal_spi.o
HAL_SPI_DMAStop                                   build/stm32f1xx_hal_spi.o
HAL_SPI_DeInit                                    build/stm32f1xx_hal_spi.o
HAL_SPI_ErrorCallback                             build/stm32f1xx_hal_spi.o
HAL_SPI_GetError                                  build/stm32f1xx_hal_spi.o
HAL_SPI_GetState                                  build/stm32f1xx_hal_spi.o
HAL_SPI_IRQHandler                                build/stm32f1xx_hal_spi.o
                                                  build/stm32f1xx_it.o
HAL_SPI_Init                                      build/stm32f1xx_hal_spi.o
                                                  build/main.o
HAL_SPI_MspDeInit                                 build/stm32f1xx_hal_msp.o
HAL_SPI_MspInit                                   build/stm32f1xx_hal_msp.o
HAL_SPI_Receive                                   build/stm32f1xx_hal_spi.o
                                                  build/NRF24.o
HAL_SPI_Receive_DMA                               build/stm32f1xx_hal_spi.o
HAL_SPI_Receive_IT                                build/stm32f1xx_hal_spi.o
HAL_SPI_RegisterCallback                          build/stm32f1xx_hal_spi.o
HAL_SPI_RxCpltCallback                            build/stm32f1xx_hal_spi.o
HAL_SPI_RxHalfCpltCallback                        build/stm32f1xx_hal_spi.o
HAL_SPI_Transmit                                  build/stm32f1xx_hal_spi.o
                                                  build/NRF24.o
HAL_SPI_TransmitReceive                           build/stm32f1xx_hal_spi.o
                                                  build/NRF24.o
HAL_SPI_TransmitReceive_DMA                       build/stm32f1xx_hal_spi.o
HAL_SPI_TransmitReceive_IT                        build/stm32f1xx_hal_spi.o
HAL_SPI_Transmit_DMA                              build/stm32f1xx_hal_spi.o
HAL_SPI_Transmit_IT                               build/stm32f1xx_hal_spi.o
HAL_SPI_TxCpltCallback                            build/stm32f1xx_hal_spi.o
HAL_SPI_TxHalfCpltCallback                        build/stm32f1xx_hal_spi.o
HAL_SPI_TxRxCpltCallback                          build/stm32f1xx_hal_spi.o
HAL_SPI_TxRxHalfCpltCallback                      build/stm32f1xx_hal_spi.o
HAL_SPI_UnRegisterCallback                        build/stm32f1xx_hal_spi.o
HAL_SYSTICK_CLKSourceConfig                       build/stm32f1xx_hal_cortex.o
HAL_SYSTICK_Callback                              build/stm32f1xx_hal_cortex.o
HAL_SYSTICK_Config                                build/stm32f1xx_hal_cortex.o
                                                  build/stm32f1xx_hal.o
HAL_SYSTICK_IRQHandler                            build/stm32f1xx_hal_cortex.o
HAL_SetTickFreq                                   build/stm32f1xx_hal.o
HAL_SuspendTick                                   build/stm32f1xx_hal.o
HAL_UARTEx_GetRxEventType                         build/stm32f1xx_hal_uart.o
HAL_UARTEx_ReceiveToIdle                          build/stm32f1xx_hal_uart.o
HAL_UARTEx_ReceiveToIdle_DMA                      build/stm32f1xx_hal_uart.o
HAL_UARTEx_ReceiveToIdle_IT                       build/stm32f1xx_hal_uart.o
HAL_UARTEx_RxEventCallback                        build/stm32f1xx_hal_uart.o
HAL_UART_Abort                                    build/stm32f1xx_hal_uart.o
HAL_UART_AbortCpltCallback                        build/stm32f1xx_hal_uart.o
HAL_UART_AbortReceive                             build/stm32f1xx_hal_uart.o
HAL_UART_AbortReceiveCpltCallback                 build/stm32f1xx_hal_uart.o
HAL_UART_AbortReceive_IT                          build/stm32f1xx_hal_uart.o
HAL_UART_AbortTransmit                            build/stm32f1xx_hal_uart.o
HAL_UART_AbortTransmitCpltCallback                build/stm32f1xx_hal_uart.o
HAL_UART_AbortTransmit_IT                         build/stm32f1xx_hal_uart.o
HAL_UART_Abort_IT                                 build/stm32f1xx_hal_uart.o
HAL_UART_DMAPause                                 build/stm32f1xx_hal_uart.o
HAL_UART_DMAResume                                build/stm32f1xx_hal_uart.o
HAL_UART_DMAStop                                  build/stm32f1xx_hal_uart.o
HAL_UART_DeInit                                   build/stm32f1xx_hal_uart.o
HAL_UART_ErrorCallback                            build/main.o
HAL_UART_GetError                                 build/stm32f1xx_hal_uart.o
HAL_UART_GetState                                 build/stm32f1xx_hal_uart.o
HAL_UART_IRQHandler                               build/stm32f1xx_hal_uart.o
                                                  build/stm32f1xx_it.o
HAL_UART_Init                                     build/stm32f1xx_hal_uart.o
                                                  build/main.o
HAL_UART_MspDeInit                                build/stm32f1xx_hal_msp.o
HAL_UART_MspInit                                  build/stm32f1xx_hal_msp.o
HAL_UART_Receive                                  build/stm32f1xx_hal_uart.o
HAL_UART_Receive_DMA                              build/stm32f1xx_hal_uart.o
HAL_UART_Receive_IT                               build/stm32f1xx_hal_uart.o
                                                  build/main.o
HAL_UART_RegisterCallback                         build/stm32f1xx_hal_uart.o
HAL_UART_RegisterRxEventCallback                  build/stm32f1xx_hal_uart.o
HAL_UART_RxCpltCallback                           build/main.o
HAL_UART_RxHalfCpltCallback                       build/stm32f1xx_hal_uart.o
HAL_UART_Transmit                                 build/stm32f1xx_hal_uart.o
                                                  build/main.o
HAL_UART_Transmit_DMA                             build/stm32f1xx_hal_uart.o
HAL_UART_Transmit_IT                              build/stm32f1xx_hal_uart.o
HAL_UART_TxCpltCallback                           build/stm32f1xx_hal_uart.o
HAL_UART_TxHalfCpltCallback                       build/stm32f1xx_hal_uart.o
HAL_UART_UnRegisterCallback                       build/stm32f1xx_hal_uart.o
HAL_UART_UnRegisterRxEventCallback                build/stm32f1xx_hal_uart.o
HardFault_Handler                                 build/stm32f1xx_it.o
I2C1_ER_IRQHandler                                build/startup_stm32f103xb.o
I2C1_EV_IRQHandler                                build/startup_stm32f103xb.o
I2C2_ER_IRQHandler                                build/startup_stm32f103xb.o
I2C2_EV_IRQHandler                                build/startup_stm32f103xb.o
MAX_ROBOT_NUMBER                                  build/nrf24_comm.o
MemManage_Handler                                 build/stm32f1xx_it.o
NMI_Handler                                       build/stm32f1xx_it.o
NRF24_Comm_CanLocalControlWrite                   build/nrf24_comm.o
                                                  build/main.o
NRF24_Comm_GetPhysicalVelocity                    build/nrf24_comm.o
NRF24_Comm_GetStatus                              build/nrf24_comm.o
NRF24_Comm_GetTxBuffer                            build/nrf24_comm.o
NRF24_Comm_IRQ_Handler                            build/nrf24_comm.o
                                                  build/main.o
NRF24_Comm_Init                                   build/nrf24_comm.o
                                                  build/main.o
NRF24_Comm_StatusFeedback                         build/nrf24_comm.o
                                                  build/main.o
NRF24_Comm_Transmit                               build/nrf24_comm.o
                                                  build/main.o
NRF24_Comm_UpdateFromUART                         build/nrf24_comm.o
                                                  build/main.o
NRF24_Comm_UpdateRobotID                          build/nrf24_comm.o
                                                  build/main.o
NRF24_Comm_UpdateTxBuffer                         build/nrf24_comm.o
                                                  build/main.o
PVD_IRQHandler                                    build/startup_stm32f103xb.o
PendSV_Handler                                    build/stm32f1xx_it.o
RCC_IRQHandler                                    build/startup_stm32f103xb.o